
==========================================================================
floorplan final report_tns
--------------------------------------------------------------------------
tns max 0.00

==========================================================================
floorplan final report_wns
--------------------------------------------------------------------------
wns max 0.00

==========================================================================
floorplan final report_worst_slack
--------------------------------------------------------------------------
worst slack max 75.53

==========================================================================
floorplan final report_clock_min_period
--------------------------------------------------------------------------
clk period_min = 1174.47 fmax = 851.45

==========================================================================
floorplan final report_checks -path_delay min
--------------------------------------------------------------------------
Startpoint: bmr.xbar[3].rr.fi2.thermocode_r[0]$_SDFFE_PP0P_
            (rising edge-triggered flip-flop clocked by clk)
Endpoint: bmr.xbar[3].rr.fi2.thermocode_r[0]$_SDFFE_PP0P_
          (rising edge-triggered flip-flop clocked by clk)
Path Group: clk
Path Type: min

Fanout     Cap    Slew   Delay    Time   Description
-----------------------------------------------------------------------------
                 10.00    0.00    0.00   clock clk (rise edge)
                          0.00    0.00   clock network delay (ideal)
                 10.00    0.00    0.00 ^ bmr.xbar[3].rr.fi2.thermocode_r[0]$_SDFFE_PP0P_/CLK (DFFHQNx1_ASAP7_75t_R)
     2    1.18   22.29   51.71   51.71 ^ bmr.xbar[3].rr.fi2.thermocode_r[0]$_SDFFE_PP0P_/QN (DFFHQNx1_ASAP7_75t_R)
                                         _02609_ (net)
                 22.29    0.00   51.71 ^ _15784_/A1 (AOI211x1_ASAP7_75t_R)
     1    0.49   10.82   16.88   68.59 v _15784_/Y (AOI211x1_ASAP7_75t_R)
                                         _02883_ (net)
                 10.82    0.00   68.59 v bmr.xbar[3].rr.fi2.thermocode_r[0]$_SDFFE_PP0P_/D (DFFHQNx1_ASAP7_75t_R)
                                 68.59   data arrival time

                 10.00    0.00    0.00   clock clk (rise edge)
                          0.00    0.00   clock network delay (ideal)
                         20.00   20.00   clock uncertainty
                          0.00   20.00   clock reconvergence pessimism
                                 20.00 ^ bmr.xbar[3].rr.fi2.thermocode_r[0]$_SDFFE_PP0P_/CLK (DFFHQNx1_ASAP7_75t_R)
                         11.38   31.38   library hold time
                                 31.38   data required time
-----------------------------------------------------------------------------
                                 31.38   data required time
                                -68.59   data arrival time
-----------------------------------------------------------------------------
                                 37.21   slack (MET)



==========================================================================
floorplan final report_checks -path_delay max
--------------------------------------------------------------------------
Startpoint: router_id_val_i[0] (input port clocked by clk)
Endpoint: link_o[272] (output port clocked by clk)
Path Group: clk
Path Type: max

Fanout     Cap    Slew   Delay    Time   Description
-----------------------------------------------------------------------------
                 10.00    0.00    0.00   clock clk (rise edge)
                          0.00    0.00   clock network delay (ideal)
                        250.00  250.00 v input external delay
     1    1.20    9.11    3.90  253.90 v router_id_val_i[0] (in)
                                         router_id_val_i[0] (net)
                  9.11    0.00  253.90 v _14744_/A (BUFx6f_ASAP7_75t_R)
     8    6.25   11.79   19.93  273.83 v _14744_/Y (BUFx6f_ASAP7_75t_R)
                                         _12106_ (net)
                 11.79    0.00  273.83 v _14745_/A (INVx1_ASAP7_75t_R)
     2    1.03   12.70   10.53  284.36 ^ _14745_/Y (INVx1_ASAP7_75t_R)
                                         _12107_ (net)
                 12.70    0.00  284.36 ^ _14746_/A (BUFx2_ASAP7_75t_R)
    10    8.32   39.94   34.34  318.71 ^ _14746_/Y (BUFx2_ASAP7_75t_R)
                                         _12108_ (net)
                 39.94    0.00  318.71 ^ _14813_/A (XNOR2x2_ASAP7_75t_R)
     2    2.80   16.78   46.61  365.31 v _14813_/Y (XNOR2x2_ASAP7_75t_R)
                                         bmr.dor[1].dor_decoder.z_mix[0] (net)
                 16.78    0.00  365.31 v _26582_/A (FAx1_ASAP7_75t_R)
     1    0.62   24.71   39.33  404.64 v _26582_/SN (FAx1_ASAP7_75t_R)
                                         _02685_ (net)
                 24.71    0.00  404.64 v _26544_/A (INVx1_ASAP7_75t_R)
     1    0.85   14.71   13.27  417.92 ^ _26544_/Y (INVx1_ASAP7_75t_R)
                                         _02686_ (net)
                 14.71    0.00  417.92 ^ _26640_/B (HAxp5_ASAP7_75t_R)
     1    0.62   25.66   14.13  432.05 v _26640_/CON (HAxp5_ASAP7_75t_R)
                                         _02811_ (net)
                 25.66    0.00  432.05 v _26559_/A (INVx1_ASAP7_75t_R)
     1    1.82   22.33   18.50  450.54 ^ _26559_/Y (INVx1_ASAP7_75t_R)
                                         _02655_ (net)
                 22.33    0.00  450.54 ^ _26577_/A (FAx1_ASAP7_75t_R)
     1    0.62   34.02   37.37  487.91 ^ _26577_/SN (FAx1_ASAP7_75t_R)
                                         _02659_ (net)
                 34.02    0.00  487.91 ^ _15798_/A (INVx1_ASAP7_75t_R)
     1    0.91   14.45   13.44  501.36 v _15798_/Y (INVx1_ASAP7_75t_R)
                                         _02660_ (net)
                 14.45    0.00  501.36 v _26646_/B (HAxp5_ASAP7_75t_R)
     3    2.38   43.66   25.76  527.11 ^ _26646_/CON (HAxp5_ASAP7_75t_R)
                                         _02823_ (net)
     1    0.57   17.56   15.78  542.89 v _26646_/SN (HAxp5_ASAP7_75t_R)
                                         _02824_ (net)
                 17.56    0.00  542.89 v _15430_/D (OR4x1_ASAP7_75t_R)
     2    1.09   16.83   41.17  584.06 v _15430_/Y (OR4x1_ASAP7_75t_R)
                                         _12761_ (net)
                 16.83    0.00  584.06 v _15432_/B (OR2x2_ASAP7_75t_R)
     1    0.57    8.32   24.23  608.30 v _15432_/Y (OR2x2_ASAP7_75t_R)
                                         _12763_ (net)
                  8.32    0.00  608.30 v _15433_/B (AO21x1_ASAP7_75t_R)
     3    2.15   19.06   27.29  635.58 v _15433_/Y (AO21x1_ASAP7_75t_R)
                                         _12764_ (net)
                 19.06    0.00  635.58 v _15438_/A3 (AO32x1_ASAP7_75t_R)
     2    1.70   18.33   38.17  673.75 v _15438_/Y (AO32x1_ASAP7_75t_R)
                                         _12769_ (net)
                 18.33    0.00  673.75 v _15439_/B (AO21x2_ASAP7_75t_R)
     3    3.05   16.89   32.61  706.37 v _15439_/Y (AO21x2_ASAP7_75t_R)
                                         _12770_ (net)
                 16.89    0.00  706.37 v _15578_/A3 (AO31x2_ASAP7_75t_R)
     1    0.46    6.27   21.40  727.77 v _15578_/Y (AO31x2_ASAP7_75t_R)
                                         _12909_ (net)
                  6.27    0.00  727.77 v _15587_/A3 (AO33x2_ASAP7_75t_R)
     3    2.13   17.95   44.32  772.09 v _15587_/Y (AO33x2_ASAP7_75t_R)
                                         _12918_ (net)
                 17.95    0.00  772.09 v _26386_/C (AND3x2_ASAP7_75t_R)
     1    2.34   11.99   24.31  796.40 v _26386_/Y (AND3x2_ASAP7_75t_R)
                                         _11825_ (net)
                 11.99    0.00  796.40 v _26387_/A (BUFx12f_ASAP7_75t_R)
    10   16.11   15.13   22.76  819.15 v _26387_/Y (BUFx12f_ASAP7_75t_R)
                                         _11826_ (net)
                 15.13    0.00  819.15 v _26388_/A (BUFx12f_ASAP7_75t_R)
    10    5.31    8.34   19.74  838.89 v _26388_/Y (BUFx12f_ASAP7_75t_R)
                                         _11827_ (net)
                  8.34    0.00  838.89 v _26398_/A2 (AO222x2_ASAP7_75t_R)
     1    0.57   12.65   41.76  880.65 v _26398_/Y (AO222x2_ASAP7_75t_R)
                                         _11835_ (net)
                 12.65    0.00  880.65 v _26399_/B (AO21x2_ASAP7_75t_R)
     1    0.00    6.64   23.82  904.47 v _26399_/Y (AO21x2_ASAP7_75t_R)
                                         link_o[272] (net)
                  6.64    0.00  904.47 v link_o[272] (out)
                                904.47   data arrival time

                 10.00 1250.00 1250.00   clock clk (rise edge)
                          0.00 1250.00   clock network delay (ideal)
                        -20.00 1230.00   clock uncertainty
                          0.00 1230.00   clock reconvergence pessimism
                       -250.00  980.00   output external delay
                                980.00   data required time
-----------------------------------------------------------------------------
                                980.00   data required time
                               -904.47   data arrival time
-----------------------------------------------------------------------------
                                 75.53   slack (MET)



==========================================================================
floorplan final report_checks -unconstrained
--------------------------------------------------------------------------
Startpoint: router_id_val_i[0] (input port clocked by clk)
Endpoint: link_o[272] (output port clocked by clk)
Path Group: clk
Path Type: max

Fanout     Cap    Slew   Delay    Time   Description
-----------------------------------------------------------------------------
                 10.00    0.00    0.00   clock clk (rise edge)
                          0.00    0.00   clock network delay (ideal)
                        250.00  250.00 v input external delay
     1    1.20    9.11    3.90  253.90 v router_id_val_i[0] (in)
                                         router_id_val_i[0] (net)
                  9.11    0.00  253.90 v _14744_/A (BUFx6f_ASAP7_75t_R)
     8    6.25   11.79   19.93  273.83 v _14744_/Y (BUFx6f_ASAP7_75t_R)
                                         _12106_ (net)
                 11.79    0.00  273.83 v _14745_/A (INVx1_ASAP7_75t_R)
     2    1.03   12.70   10.53  284.36 ^ _14745_/Y (INVx1_ASAP7_75t_R)
                                         _12107_ (net)
                 12.70    0.00  284.36 ^ _14746_/A (BUFx2_ASAP7_75t_R)
    10    8.32   39.94   34.34  318.71 ^ _14746_/Y (BUFx2_ASAP7_75t_R)
                                         _12108_ (net)
                 39.94    0.00  318.71 ^ _14813_/A (XNOR2x2_ASAP7_75t_R)
     2    2.80   16.78   46.61  365.31 v _14813_/Y (XNOR2x2_ASAP7_75t_R)
                                         bmr.dor[1].dor_decoder.z_mix[0] (net)
                 16.78    0.00  365.31 v _26582_/A (FAx1_ASAP7_75t_R)
     1    0.62   24.71   39.33  404.64 v _26582_/SN (FAx1_ASAP7_75t_R)
                                         _02685_ (net)
                 24.71    0.00  404.64 v _26544_/A (INVx1_ASAP7_75t_R)
     1    0.85   14.71   13.27  417.92 ^ _26544_/Y (INVx1_ASAP7_75t_R)
                                         _02686_ (net)
                 14.71    0.00  417.92 ^ _26640_/B (HAxp5_ASAP7_75t_R)
     1    0.62   25.66   14.13  432.05 v _26640_/CON (HAxp5_ASAP7_75t_R)
                                         _02811_ (net)
                 25.66    0.00  432.05 v _26559_/A (INVx1_ASAP7_75t_R)
     1    1.82   22.33   18.50  450.54 ^ _26559_/Y (INVx1_ASAP7_75t_R)
                                         _02655_ (net)
                 22.33    0.00  450.54 ^ _26577_/A (FAx1_ASAP7_75t_R)
     1    0.62   34.02   37.37  487.91 ^ _26577_/SN (FAx1_ASAP7_75t_R)
                                         _02659_ (net)
                 34.02    0.00  487.91 ^ _15798_/A (INVx1_ASAP7_75t_R)
     1    0.91   14.45   13.44  501.36 v _15798_/Y (INVx1_ASAP7_75t_R)
                                         _02660_ (net)
                 14.45    0.00  501.36 v _26646_/B (HAxp5_ASAP7_75t_R)
     3    2.38   43.66   25.76  527.11 ^ _26646_/CON (HAxp5_ASAP7_75t_R)
                                         _02823_ (net)
     1    0.57   17.56   15.78  542.89 v _26646_/SN (HAxp5_ASAP7_75t_R)
                                         _02824_ (net)
                 17.56    0.00  542.89 v _15430_/D (OR4x1_ASAP7_75t_R)
     2    1.09   16.83   41.17  584.06 v _15430_/Y (OR4x1_ASAP7_75t_R)
                                         _12761_ (net)
                 16.83    0.00  584.06 v _15432_/B (OR2x2_ASAP7_75t_R)
     1    0.57    8.32   24.23  608.30 v _15432_/Y (OR2x2_ASAP7_75t_R)
                                         _12763_ (net)
                  8.32    0.00  608.30 v _15433_/B (AO21x1_ASAP7_75t_R)
     3    2.15   19.06   27.29  635.58 v _15433_/Y (AO21x1_ASAP7_75t_R)
                                         _12764_ (net)
                 19.06    0.00  635.58 v _15438_/A3 (AO32x1_ASAP7_75t_R)
     2    1.70   18.33   38.17  673.75 v _15438_/Y (AO32x1_ASAP7_75t_R)
                                         _12769_ (net)
                 18.33    0.00  673.75 v _15439_/B (AO21x2_ASAP7_75t_R)
     3    3.05   16.89   32.61  706.37 v _15439_/Y (AO21x2_ASAP7_75t_R)
                                         _12770_ (net)
                 16.89    0.00  706.37 v _15578_/A3 (AO31x2_ASAP7_75t_R)
     1    0.46    6.27   21.40  727.77 v _15578_/Y (AO31x2_ASAP7_75t_R)
                                         _12909_ (net)
                  6.27    0.00  727.77 v _15587_/A3 (AO33x2_ASAP7_75t_R)
     3    2.13   17.95   44.32  772.09 v _15587_/Y (AO33x2_ASAP7_75t_R)
                                         _12918_ (net)
                 17.95    0.00  772.09 v _26386_/C (AND3x2_ASAP7_75t_R)
     1    2.34   11.99   24.31  796.40 v _26386_/Y (AND3x2_ASAP7_75t_R)
                                         _11825_ (net)
                 11.99    0.00  796.40 v _26387_/A (BUFx12f_ASAP7_75t_R)
    10   16.11   15.13   22.76  819.15 v _26387_/Y (BUFx12f_ASAP7_75t_R)
                                         _11826_ (net)
                 15.13    0.00  819.15 v _26388_/A (BUFx12f_ASAP7_75t_R)
    10    5.31    8.34   19.74  838.89 v _26388_/Y (BUFx12f_ASAP7_75t_R)
                                         _11827_ (net)
                  8.34    0.00  838.89 v _26398_/A2 (AO222x2_ASAP7_75t_R)
     1    0.57   12.65   41.76  880.65 v _26398_/Y (AO222x2_ASAP7_75t_R)
                                         _11835_ (net)
                 12.65    0.00  880.65 v _26399_/B (AO21x2_ASAP7_75t_R)
     1    0.00    6.64   23.82  904.47 v _26399_/Y (AO21x2_ASAP7_75t_R)
                                         link_o[272] (net)
                  6.64    0.00  904.47 v link_o[272] (out)
                                904.47   data arrival time

                 10.00 1250.00 1250.00   clock clk (rise edge)
                          0.00 1250.00   clock network delay (ideal)
                        -20.00 1230.00   clock uncertainty
                          0.00 1230.00   clock reconvergence pessimism
                       -250.00  980.00   output external delay
                                980.00   data required time
-----------------------------------------------------------------------------
                                980.00   data required time
                               -904.47   data arrival time
-----------------------------------------------------------------------------
                                 75.53   slack (MET)



==========================================================================
floorplan final report_power
--------------------------------------------------------------------------
Group                  Internal  Switching    Leakage      Total
                          Power      Power      Power      Power (Watts)
----------------------------------------------------------------
Sequential             4.44e-03   7.16e-04   5.89e-07   5.15e-03  49.4%
Combinational          3.31e-03   1.96e-03   1.01e-06   5.27e-03  50.6%
Clock                  0.00e+00   0.00e+00   0.00e+00   0.00e+00   0.0%
Macro                  0.00e+00   0.00e+00   0.00e+00   0.00e+00   0.0%
Pad                    0.00e+00   0.00e+00   0.00e+00   0.00e+00   0.0%
----------------------------------------------------------------
Total                  7.75e-03   2.68e-03   1.60e-06   1.04e-02 100.0%
                          74.3%      25.7%       0.0%
