
==========================================================================
resizer report_tns
--------------------------------------------------------------------------
tns max 0.00

==========================================================================
resizer report_wns
--------------------------------------------------------------------------
wns max 0.00

==========================================================================
resizer report_worst_slack
--------------------------------------------------------------------------
worst slack max 16.51

==========================================================================
resizer report_clock_min_period
--------------------------------------------------------------------------
clk period_min = 1233.49 fmax = 810.71

==========================================================================
resizer report_checks -path_delay min
--------------------------------------------------------------------------
Startpoint: bmr.xbar[3].rr.fi2.thermocode_r[0]$_SDFFE_PP0P_
            (rising edge-triggered flip-flop clocked by clk)
Endpoint: bmr.xbar[3].rr.fi2.thermocode_r[0]$_SDFFE_PP0P_
          (rising edge-triggered flip-flop clocked by clk)
Path Group: clk
Path Type: min

Fanout     Cap    Slew   Delay    Time   Description
-----------------------------------------------------------------------------
                 10.00    0.00    0.00   clock clk (rise edge)
                          0.00    0.00   clock network delay (ideal)
                 10.00    0.00    0.00 ^ bmr.xbar[3].rr.fi2.thermocode_r[0]$_SDFFE_PP0P_/CLK (DFFHQNx1_ASAP7_75t_R)
     2    1.41   24.29   53.27   53.27 ^ bmr.xbar[3].rr.fi2.thermocode_r[0]$_SDFFE_PP0P_/QN (DFFHQNx1_ASAP7_75t_R)
                                         _02609_ (net)
                 24.30    0.07   53.34 ^ _15784_/A1 (AOI211x1_ASAP7_75t_R)
     1    0.55   12.01   17.67   71.00 v _15784_/Y (AOI211x1_ASAP7_75t_R)
                                         _02883_ (net)
                 12.02    0.02   71.02 v bmr.xbar[3].rr.fi2.thermocode_r[0]$_SDFFE_PP0P_/D (DFFHQNx1_ASAP7_75t_R)
                                 71.02   data arrival time

                 10.00    0.00    0.00   clock clk (rise edge)
                          0.00    0.00   clock network delay (ideal)
                         20.00   20.00   clock uncertainty
                          0.00   20.00   clock reconvergence pessimism
                                 20.00 ^ bmr.xbar[3].rr.fi2.thermocode_r[0]$_SDFFE_PP0P_/CLK (DFFHQNx1_ASAP7_75t_R)
                         11.15   31.15   library hold time
                                 31.15   data required time
-----------------------------------------------------------------------------
                                 31.15   data required time
                                -71.02   data arrival time
-----------------------------------------------------------------------------
                                 39.88   slack (MET)



==========================================================================
resizer report_checks -path_delay max
--------------------------------------------------------------------------
Startpoint: router_id_val_i[0] (input port clocked by clk)
Endpoint: link_o[265] (output port clocked by clk)
Path Group: clk
Path Type: max

Fanout     Cap    Slew   Delay    Time   Description
-----------------------------------------------------------------------------
                 10.00    0.00    0.00   clock clk (rise edge)
                          0.00    0.00   clock network delay (ideal)
                        250.00  250.00 v input external delay
     1    4.47   34.31   15.68  265.68 v router_id_val_i[0] (in)
                                         router_id_val_i[0] (net)
                 34.63    0.00  265.68 v input402/A (BUFx2_ASAP7_75t_R)
     2    1.47   10.44   28.58  294.26 v input402/Y (BUFx2_ASAP7_75t_R)
                                         net401 (net)
                 10.44    0.08  294.34 v _14745_/A (INVx1_ASAP7_75t_R)
     1    1.29   14.47   11.13  305.47 ^ _14745_/Y (INVx1_ASAP7_75t_R)
                                         _12107_ (net)
                 14.47    0.05  305.52 ^ place2914/A (BUFx6f_ASAP7_75t_R)
    11   12.49   23.67   24.61  330.13 ^ place2914/Y (BUFx6f_ASAP7_75t_R)
                                         net2913 (net)
                 23.77    0.88  331.01 ^ _14813_/A (XNOR2x2_ASAP7_75t_R)
     2    2.66   16.28   42.42  373.43 v _14813_/Y (XNOR2x2_ASAP7_75t_R)
                                         bmr.dor[1].dor_decoder.z_mix[0] (net)
                 16.29    0.14  373.57 v _26582_/A (FAx1_ASAP7_75t_R)
     1    0.74   27.08   41.41  414.97 v _26582_/SN (FAx1_ASAP7_75t_R)
                                         _02685_ (net)
                 27.08    0.03  415.01 v _26544_/A (INVx1_ASAP7_75t_R)
     1    1.13   17.30   15.38  430.39 ^ _26544_/Y (INVx1_ASAP7_75t_R)
                                         _02686_ (net)
                 17.30    0.08  430.46 ^ _26640_/B (HAxp5_ASAP7_75t_R)
     1    0.84   25.60   16.31  446.77 v _26640_/CON (HAxp5_ASAP7_75t_R)
                                         _02811_ (net)
                 25.60    0.05  446.82 v _26559_/A (INVx1_ASAP7_75t_R)
     1    2.03   24.22   19.34  466.16 ^ _26559_/Y (INVx1_ASAP7_75t_R)
                                         _02655_ (net)
                 24.22    0.13  466.28 ^ _26577_/A (FAx1_ASAP7_75t_R)
     1    0.88   39.54   42.42  508.71 ^ _26577_/SN (FAx1_ASAP7_75t_R)
                                         _02659_ (net)
                 39.54    0.06  508.76 ^ _15798_/A (INVx1_ASAP7_75t_R)
     1    1.00   16.13   14.92  523.68 v _15798_/Y (INVx1_ASAP7_75t_R)
                                         _02660_ (net)
                 16.13    0.04  523.72 v _26646_/B (HAxp5_ASAP7_75t_R)
     3    2.67   47.21   28.05  551.78 ^ _26646_/CON (HAxp5_ASAP7_75t_R)
                                         _02823_ (net)
     1    0.66   20.95   17.08  568.86 v _26646_/SN (HAxp5_ASAP7_75t_R)
                                         _02824_ (net)
                 20.95    0.03  568.89 v _15430_/D (OR4x1_ASAP7_75t_R)
     2    1.25   18.06   42.69  611.58 v _15430_/Y (OR4x1_ASAP7_75t_R)
                                         _12761_ (net)
                 18.06    0.05  611.63 v _15432_/B (OR2x2_ASAP7_75t_R)
     1    0.66    8.60   24.83  636.45 v _15432_/Y (OR2x2_ASAP7_75t_R)
                                         _12763_ (net)
                  8.60    0.03  636.48 v _15433_/B (AO21x1_ASAP7_75t_R)
     2    1.26   14.00   23.97  660.45 v _15433_/Y (AO21x1_ASAP7_75t_R)
                                         _12764_ (net)
                 14.00    0.05  660.50 v _15438_/A3 (AO32x1_ASAP7_75t_R)
     2    1.35   16.32   35.31  695.82 v _15438_/Y (AO32x1_ASAP7_75t_R)
                                         _12769_ (net)
                 16.32    0.06  695.87 v _15439_/B (AO21x2_ASAP7_75t_R)
     3    3.48   18.75   32.85  728.72 v _15439_/Y (AO21x2_ASAP7_75t_R)
                                         _12770_ (net)
                 18.75    0.13  728.85 v _15578_/A3 (AO31x2_ASAP7_75t_R)
     1    0.65    7.58   22.29  751.15 v _15578_/Y (AO31x2_ASAP7_75t_R)
                                         _12909_ (net)
                  7.58    0.03  751.18 v _15587_/A3 (AO33x2_ASAP7_75t_R)
     2    1.32   14.80   42.30  793.48 v _15587_/Y (AO33x2_ASAP7_75t_R)
                                         _12918_ (net)
                 14.80    0.05  793.53 v _26386_/C (AND3x2_ASAP7_75t_R)
     4    5.65   23.93   29.00  822.54 v _26386_/Y (AND3x2_ASAP7_75t_R)
                                         _11825_ (net)
                 23.95    0.35  822.89 v place2174/A (BUFx6f_ASAP7_75t_R)
     2    4.21   10.52   23.07  845.96 v place2174/Y (BUFx6f_ASAP7_75t_R)
                                         net2173 (net)
                 11.18    1.38  847.35 v place2173/A (BUFx6f_ASAP7_75t_R)
    20   14.66   23.35   24.88  872.23 v place2173/Y (BUFx6f_ASAP7_75t_R)
                                         net2172 (net)
                 24.18    2.40  874.63 v _26491_/A2 (AO222x2_ASAP7_75t_R)
     1    0.66   12.77   45.58  920.21 v _26491_/Y (AO222x2_ASAP7_75t_R)
                                         _11889_ (net)
                 12.77    0.03  920.23 v _26492_/B (AO21x2_ASAP7_75t_R)
     1    0.66    8.77   25.44  945.67 v _26492_/Y (AO21x2_ASAP7_75t_R)
                                         net559 (net)
                  8.77    0.03  945.70 v output560/A (BUFx2_ASAP7_75t_R)
     1    0.51    6.57   17.76  963.46 v output560/Y (BUFx2_ASAP7_75t_R)
                                         link_o[265] (net)
                  6.57    0.03  963.49 v link_o[265] (out)
                                963.49   data arrival time

                 10.00 1250.00 1250.00   clock clk (rise edge)
                          0.00 1250.00   clock network delay (ideal)
                        -20.00 1230.00   clock uncertainty
                          0.00 1230.00   clock reconvergence pessimism
                       -250.00  980.00   output external delay
                                980.00   data required time
-----------------------------------------------------------------------------
                                980.00   data required time
                               -963.49   data arrival time
-----------------------------------------------------------------------------
                                 16.51   slack (MET)



==========================================================================
resizer report_checks -unconstrained
--------------------------------------------------------------------------
Startpoint: router_id_val_i[0] (input port clocked by clk)
Endpoint: link_o[265] (output port clocked by clk)
Path Group: clk
Path Type: max

Fanout     Cap    Slew   Delay    Time   Description
-----------------------------------------------------------------------------
                 10.00    0.00    0.00   clock clk (rise edge)
                          0.00    0.00   clock network delay (ideal)
                        250.00  250.00 v input external delay
     1    4.47   34.31   15.68  265.68 v router_id_val_i[0] (in)
                                         router_id_val_i[0] (net)
                 34.63    0.00  265.68 v input402/A (BUFx2_ASAP7_75t_R)
     2    1.47   10.44   28.58  294.26 v input402/Y (BUFx2_ASAP7_75t_R)
                                         net401 (net)
                 10.44    0.08  294.34 v _14745_/A (INVx1_ASAP7_75t_R)
     1    1.29   14.47   11.13  305.47 ^ _14745_/Y (INVx1_ASAP7_75t_R)
                                         _12107_ (net)
                 14.47    0.05  305.52 ^ place2914/A (BUFx6f_ASAP7_75t_R)
    11   12.49   23.67   24.61  330.13 ^ place2914/Y (BUFx6f_ASAP7_75t_R)
                                         net2913 (net)
                 23.77    0.88  331.01 ^ _14813_/A (XNOR2x2_ASAP7_75t_R)
     2    2.66   16.28   42.42  373.43 v _14813_/Y (XNOR2x2_ASAP7_75t_R)
                                         bmr.dor[1].dor_decoder.z_mix[0] (net)
                 16.29    0.14  373.57 v _26582_/A (FAx1_ASAP7_75t_R)
     1    0.74   27.08   41.41  414.97 v _26582_/SN (FAx1_ASAP7_75t_R)
                                         _02685_ (net)
                 27.08    0.03  415.01 v _26544_/A (INVx1_ASAP7_75t_R)
     1    1.13   17.30   15.38  430.39 ^ _26544_/Y (INVx1_ASAP7_75t_R)
                                         _02686_ (net)
                 17.30    0.08  430.46 ^ _26640_/B (HAxp5_ASAP7_75t_R)
     1    0.84   25.60   16.31  446.77 v _26640_/CON (HAxp5_ASAP7_75t_R)
                                         _02811_ (net)
                 25.60    0.05  446.82 v _26559_/A (INVx1_ASAP7_75t_R)
     1    2.03   24.22   19.34  466.16 ^ _26559_/Y (INVx1_ASAP7_75t_R)
                                         _02655_ (net)
                 24.22    0.13  466.28 ^ _26577_/A (FAx1_ASAP7_75t_R)
     1    0.88   39.54   42.42  508.71 ^ _26577_/SN (FAx1_ASAP7_75t_R)
                                         _02659_ (net)
                 39.54    0.06  508.76 ^ _15798_/A (INVx1_ASAP7_75t_R)
     1    1.00   16.13   14.92  523.68 v _15798_/Y (INVx1_ASAP7_75t_R)
                                         _02660_ (net)
                 16.13    0.04  523.72 v _26646_/B (HAxp5_ASAP7_75t_R)
     3    2.67   47.21   28.05  551.78 ^ _26646_/CON (HAxp5_ASAP7_75t_R)
                                         _02823_ (net)
     1    0.66   20.95   17.08  568.86 v _26646_/SN (HAxp5_ASAP7_75t_R)
                                         _02824_ (net)
                 20.95    0.03  568.89 v _15430_/D (OR4x1_ASAP7_75t_R)
     2    1.25   18.06   42.69  611.58 v _15430_/Y (OR4x1_ASAP7_75t_R)
                                         _12761_ (net)
                 18.06    0.05  611.63 v _15432_/B (OR2x2_ASAP7_75t_R)
     1    0.66    8.60   24.83  636.45 v _15432_/Y (OR2x2_ASAP7_75t_R)
                                         _12763_ (net)
                  8.60    0.03  636.48 v _15433_/B (AO21x1_ASAP7_75t_R)
     2    1.26   14.00   23.97  660.45 v _15433_/Y (AO21x1_ASAP7_75t_R)
                                         _12764_ (net)
                 14.00    0.05  660.50 v _15438_/A3 (AO32x1_ASAP7_75t_R)
     2    1.35   16.32   35.31  695.82 v _15438_/Y (AO32x1_ASAP7_75t_R)
                                         _12769_ (net)
                 16.32    0.06  695.87 v _15439_/B (AO21x2_ASAP7_75t_R)
     3    3.48   18.75   32.85  728.72 v _15439_/Y (AO21x2_ASAP7_75t_R)
                                         _12770_ (net)
                 18.75    0.13  728.85 v _15578_/A3 (AO31x2_ASAP7_75t_R)
     1    0.65    7.58   22.29  751.15 v _15578_/Y (AO31x2_ASAP7_75t_R)
                                         _12909_ (net)
                  7.58    0.03  751.18 v _15587_/A3 (AO33x2_ASAP7_75t_R)
     2    1.32   14.80   42.30  793.48 v _15587_/Y (AO33x2_ASAP7_75t_R)
                                         _12918_ (net)
                 14.80    0.05  793.53 v _26386_/C (AND3x2_ASAP7_75t_R)
     4    5.65   23.93   29.00  822.54 v _26386_/Y (AND3x2_ASAP7_75t_R)
                                         _11825_ (net)
                 23.95    0.35  822.89 v place2174/A (BUFx6f_ASAP7_75t_R)
     2    4.21   10.52   23.07  845.96 v place2174/Y (BUFx6f_ASAP7_75t_R)
                                         net2173 (net)
                 11.18    1.38  847.35 v place2173/A (BUFx6f_ASAP7_75t_R)
    20   14.66   23.35   24.88  872.23 v place2173/Y (BUFx6f_ASAP7_75t_R)
                                         net2172 (net)
                 24.18    2.40  874.63 v _26491_/A2 (AO222x2_ASAP7_75t_R)
     1    0.66   12.77   45.58  920.21 v _26491_/Y (AO222x2_ASAP7_75t_R)
                                         _11889_ (net)
                 12.77    0.03  920.23 v _26492_/B (AO21x2_ASAP7_75t_R)
     1    0.66    8.77   25.44  945.67 v _26492_/Y (AO21x2_ASAP7_75t_R)
                                         net559 (net)
                  8.77    0.03  945.70 v output560/A (BUFx2_ASAP7_75t_R)
     1    0.51    6.57   17.76  963.46 v output560/Y (BUFx2_ASAP7_75t_R)
                                         link_o[265] (net)
                  6.57    0.03  963.49 v link_o[265] (out)
                                963.49   data arrival time

                 10.00 1250.00 1250.00   clock clk (rise edge)
                          0.00 1250.00   clock network delay (ideal)
                        -20.00 1230.00   clock uncertainty
                          0.00 1230.00   clock reconvergence pessimism
                       -250.00  980.00   output external delay
                                980.00   data required time
-----------------------------------------------------------------------------
                                980.00   data required time
                               -963.49   data arrival time
-----------------------------------------------------------------------------
                                 16.51   slack (MET)



==========================================================================
resizer report_check_types -max_slew -max_cap -max_fanout -violators
--------------------------------------------------------------------------

==========================================================================
resizer max_slew_check_slack
--------------------------------------------------------------------------
36.74003982543945

==========================================================================
resizer max_slew_check_limit
--------------------------------------------------------------------------
125.0

==========================================================================
resizer max_slew_check_slack_limit
--------------------------------------------------------------------------
0.2939

==========================================================================
resizer max_fanout_check_slack
--------------------------------------------------------------------------
0.0

==========================================================================
resizer max_fanout_check_limit
--------------------------------------------------------------------------
20.0

==========================================================================
resizer max_fanout_check_slack_limit
--------------------------------------------------------------------------
0.0000

==========================================================================
resizer max_capacitance_check_slack
--------------------------------------------------------------------------
17.93377685546875

==========================================================================
resizer max_capacitance_check_limit
--------------------------------------------------------------------------
23.040000915527344

==========================================================================
resizer max_capacitance_check_slack_limit
--------------------------------------------------------------------------
0.7784

==========================================================================
resizer max_slew_violation_count
--------------------------------------------------------------------------
max slew violation count 0

==========================================================================
resizer max_fanout_violation_count
--------------------------------------------------------------------------
max fanout violation count 0

==========================================================================
resizer max_cap_violation_count
--------------------------------------------------------------------------
max cap violation count 0

==========================================================================
resizer setup_violation_count
--------------------------------------------------------------------------
setup violation count 0

==========================================================================
resizer hold_violation_count
--------------------------------------------------------------------------
hold violation count 0

==========================================================================
resizer report_checks -path_delay max reg to reg
--------------------------------------------------------------------------
Startpoint: _26673_ (rising edge-triggered flip-flop clocked by clk)
Endpoint: _26669_ (rising edge-triggered flip-flop clocked by clk)
Path Group: clk
Path Type: max

  Delay    Time   Description
---------------------------------------------------------
   0.00    0.00   clock clk (rise edge)
   0.00    0.00   clock network delay (ideal)
   0.00    0.00 ^ _26673_/CLK (DFFHQNx1_ASAP7_75t_R)
  74.35   74.35 ^ _26673_/QN (DFFHQNx1_ASAP7_75t_R)
  25.36   99.72 v _14565_/Y (INVx1_ASAP7_75t_R)
  34.83  134.55 v place2695/Y (BUFx3_ASAP7_75t_R)
  44.68  179.24 v _14826_/Y (OA211x2_ASAP7_75t_R)
  22.55  201.78 v _14827_/Y (AO21x1_ASAP7_75t_R)
  35.73  237.51 v _14837_/Y (OA21x2_ASAP7_75t_R)
  51.17  288.68 ^ _14838_/Y (XOR2x2_ASAP7_75t_R)
  18.24  306.91 v _26654_/CON (HAxp5_ASAP7_75t_R)
  14.26  321.18 ^ _26654_/SN (HAxp5_ASAP7_75t_R)
  12.49  333.67 v _15792_/Y (INVx1_ASAP7_75t_R)
  17.61  351.28 ^ _26645_/CON (HAxp5_ASAP7_75t_R)
  15.54  366.82 v _26645_/SN (HAxp5_ASAP7_75t_R)
  19.69  386.51 ^ _21601_/Y (INVx1_ASAP7_75t_R)
  24.06  410.56 v _26576_/CON (FAx1_ASAP7_75t_R)
  19.09  429.65 ^ _26576_/SN (FAx1_ASAP7_75t_R)
  15.29  444.94 v _15814_/Y (INVx1_ASAP7_75t_R)
  19.91  464.85 ^ _26650_/CON (HAxp5_ASAP7_75t_R)
  14.71  479.56 v _26650_/SN (HAxp5_ASAP7_75t_R)
  42.01  521.57 v _15317_/Y (OR4x1_ASAP7_75t_R)
  27.39  548.95 v _15322_/Y (OR2x2_ASAP7_75t_R)
  28.49  577.45 v _15323_/Y (OR3x1_ASAP7_75t_R)
  43.31  620.76 v _15350_/Y (AO32x1_ASAP7_75t_R)
  23.90  644.65 ^ _15507_/Y (NAND3x1_ASAP7_75t_R)
  36.39  681.04 ^ _15509_/Y (AO21x1_ASAP7_75t_R)
  57.81  738.86 ^ _15731_/Y (AND5x1_ASAP7_75t_R)
  31.82  770.68 ^ place2199/Y (BUFx6f_ASAP7_75t_R)
  32.24  802.92 ^ _15734_/Y (AO22x1_ASAP7_75t_R)
  26.99  829.91 ^ place2192/Y (BUFx3_ASAP7_75t_R)
  39.76  869.67 v _15738_/Y (XNOR2x2_ASAP7_75t_R)
  20.30  889.96 v _15739_/Y (AND2x2_ASAP7_75t_R)
   0.06  890.02 v _26669_/D (DFFHQNx1_ASAP7_75t_R)
         890.02   data arrival time

1250.00 1250.00   clock clk (rise edge)
   0.00 1250.00   clock network delay (ideal)
 -20.00 1230.00   clock uncertainty
   0.00 1230.00   clock reconvergence pessimism
        1230.00 ^ _26669_/CLK (DFFHQNx1_ASAP7_75t_R)
  -3.43 1226.57   library setup time
        1226.57   data required time
---------------------------------------------------------
        1226.57   data required time
        -890.02   data arrival time
---------------------------------------------------------
         336.55   slack (MET)



==========================================================================
resizer report_checks -path_delay min reg to reg
--------------------------------------------------------------------------
Startpoint: bmr.xbar[3].rr.fi2.thermocode_r[0]$_SDFFE_PP0P_
            (rising edge-triggered flip-flop clocked by clk)
Endpoint: bmr.xbar[3].rr.fi2.thermocode_r[0]$_SDFFE_PP0P_
          (rising edge-triggered flip-flop clocked by clk)
Path Group: clk
Path Type: min

  Delay    Time   Description
---------------------------------------------------------
   0.00    0.00   clock clk (rise edge)
   0.00    0.00   clock network delay (ideal)
   0.00    0.00 ^ bmr.xbar[3].rr.fi2.thermocode_r[0]$_SDFFE_PP0P_/CLK (DFFHQNx1_ASAP7_75t_R)
  53.27   53.27 ^ bmr.xbar[3].rr.fi2.thermocode_r[0]$_SDFFE_PP0P_/QN (DFFHQNx1_ASAP7_75t_R)
  17.73   71.00 v _15784_/Y (AOI211x1_ASAP7_75t_R)
   0.02   71.02 v bmr.xbar[3].rr.fi2.thermocode_r[0]$_SDFFE_PP0P_/D (DFFHQNx1_ASAP7_75t_R)
          71.02   data arrival time

   0.00    0.00   clock clk (rise edge)
   0.00    0.00   clock network delay (ideal)
  20.00   20.00   clock uncertainty
   0.00   20.00   clock reconvergence pessimism
          20.00 ^ bmr.xbar[3].rr.fi2.thermocode_r[0]$_SDFFE_PP0P_/CLK (DFFHQNx1_ASAP7_75t_R)
  11.15   31.15   library hold time
          31.15   data required time
---------------------------------------------------------
          31.15   data required time
         -71.02   data arrival time
---------------------------------------------------------
          39.88   slack (MET)



==========================================================================
resizer critical path target clock latency max path
--------------------------------------------------------------------------
0.0000

==========================================================================
resizer critical path target clock latency min path
--------------------------------------------------------------------------
0.0000

==========================================================================
resizer critical path source clock latency min path
--------------------------------------------------------------------------
0.0000

==========================================================================
resizer critical path delay
--------------------------------------------------------------------------
963.4863

==========================================================================
resizer critical path slack
--------------------------------------------------------------------------
16.5137

==========================================================================
resizer slack div critical path delay
--------------------------------------------------------------------------
1.713953

==========================================================================
resizer report_power
--------------------------------------------------------------------------
Group                  Internal  Switching    Leakage      Total
                          Power      Power      Power      Power (Watts)
----------------------------------------------------------------
Sequential             4.44e-03   7.74e-04   5.89e-07   5.21e-03  43.9%
Combinational          3.58e-03   3.07e-03   1.05e-06   6.65e-03  56.1%
Clock                  0.00e+00   0.00e+00   0.00e+00   0.00e+00   0.0%
Macro                  0.00e+00   0.00e+00   0.00e+00   0.00e+00   0.0%
Pad                    0.00e+00   0.00e+00   0.00e+00   0.00e+00   0.0%
----------------------------------------------------------------
Total                  8.01e-03   3.84e-03   1.63e-06   1.19e-02 100.0%
                          67.6%      32.4%       0.0%
