
==========================================================================
cts final report_tns
--------------------------------------------------------------------------
tns max -1539.22

==========================================================================
cts final report_wns
--------------------------------------------------------------------------
wns max -18.94

==========================================================================
cts final report_worst_slack
--------------------------------------------------------------------------
worst slack max -18.94

==========================================================================
cts final report_clock_min_period
--------------------------------------------------------------------------
clk period_min = 1268.94 fmax = 788.06

==========================================================================
cts final report_clock_skew
--------------------------------------------------------------------------
Clock clk
 149.43 source latency rof[3].fi.fifo.unhardened.un.fifo.mem_1r1w.synth.nz.mem[2][3]$_DFFE_PP_/CLK ^
-131.87 target latency rof[1].fi.fifo.unhardened.un.fifo.ft.rptr.o[2]$_SDFFE_PP0P_/CLK ^
  20.00 clock uncertainty
  -2.60 CRPR
--------------
  34.96 setup skew


==========================================================================
cts final report_checks -path_delay min
--------------------------------------------------------------------------
Startpoint: bmr.xbar[3].rr.fi2.thermocode_r[0]$_SDFFE_PP0P_
            (rising edge-triggered flip-flop clocked by clk)
Endpoint: bmr.xbar[3].rr.fi2.thermocode_r[0]$_SDFFE_PP0P_
          (rising edge-triggered flip-flop clocked by clk)
Path Group: clk
Path Type: min

Fanout     Cap    Slew   Delay    Time   Description
-----------------------------------------------------------------------------
                          0.00    0.00   clock clk (rise edge)
                          0.00    0.00   clock source latency
     1    9.49    0.00    0.00    0.00 ^ clk_i (in)
                                         clk_i (net)
                 34.39   10.85   10.85 ^ clkbuf_0_clk_i/A (BUFx16f_ASAP7_75t_R)
     4   18.65   20.43   28.29   39.14 ^ clkbuf_0_clk_i/Y (BUFx16f_ASAP7_75t_R)
                                         clknet_0_clk_i (net)
                 28.36    6.50   45.64 ^ clkbuf_2_1_0_clk_i/A (BUFx24_ASAP7_75t_R)
     4   11.01   13.56   30.13   75.77 ^ clkbuf_2_1_0_clk_i/Y (BUFx24_ASAP7_75t_R)
                                         clknet_2_1_0_clk_i (net)
                 15.02    2.21   77.98 ^ clkbuf_4_6__f_clk_i/A (BUFx16f_ASAP7_75t_R)
     9   21.33   21.05   24.57  102.55 ^ clkbuf_4_6__f_clk_i/Y (BUFx16f_ASAP7_75t_R)
                                         clknet_4_6__leaf_clk_i (net)
                 24.13    4.23  106.78 ^ clkbuf_leaf_115_clk_i/A (BUFx24_ASAP7_75t_R)
    19   10.22   12.93   28.86  135.64 ^ clkbuf_leaf_115_clk_i/Y (BUFx24_ASAP7_75t_R)
                                         clknet_leaf_115_clk_i (net)
                 13.02    0.51  136.15 ^ bmr.xbar[3].rr.fi2.thermocode_r[0]$_SDFFE_PP0P_/CLK (DFFHQNx1_ASAP7_75t_R)
     2    1.39   24.08   54.14  190.29 ^ bmr.xbar[3].rr.fi2.thermocode_r[0]$_SDFFE_PP0P_/QN (DFFHQNx1_ASAP7_75t_R)
                                         _02609_ (net)
                 24.09    0.03  190.32 ^ _15784_/A1 (AOI211x1_ASAP7_75t_R)
     1    0.72   13.05   18.67  208.99 v _15784_/Y (AOI211x1_ASAP7_75t_R)
                                         _02883_ (net)
                 13.05    0.04  209.03 v bmr.xbar[3].rr.fi2.thermocode_r[0]$_SDFFE_PP0P_/D (DFFHQNx1_ASAP7_75t_R)
                                209.03   data arrival time

                          0.00    0.00   clock clk (rise edge)
                          0.00    0.00   clock source latency
     1   10.14    0.00    0.00    0.00 ^ clk_i (in)
                                         clk_i (net)
                 38.36   12.10   12.10 ^ clkbuf_0_clk_i/A (BUFx16f_ASAP7_75t_R)
     4   21.00   22.53   29.65   41.75 ^ clkbuf_0_clk_i/Y (BUFx16f_ASAP7_75t_R)
                                         clknet_0_clk_i (net)
                 31.99    7.49   49.24 ^ clkbuf_2_1_0_clk_i/A (BUFx24_ASAP7_75t_R)
     4   13.59   15.20   31.76   80.99 ^ clkbuf_2_1_0_clk_i/Y (BUFx24_ASAP7_75t_R)
                                         clknet_2_1_0_clk_i (net)
                 17.17    2.77   83.76 ^ clkbuf_4_6__f_clk_i/A (BUFx16f_ASAP7_75t_R)
     9   26.60   24.36   26.62  110.37 ^ clkbuf_4_6__f_clk_i/Y (BUFx16f_ASAP7_75t_R)
                                         clknet_4_6__leaf_clk_i (net)
                 28.52    5.27  115.64 ^ clkbuf_leaf_115_clk_i/A (BUFx24_ASAP7_75t_R)
    19   12.63   14.30   30.84  146.48 ^ clkbuf_leaf_115_clk_i/Y (BUFx24_ASAP7_75t_R)
                                         clknet_leaf_115_clk_i (net)
                 14.42    0.63  147.11 ^ bmr.xbar[3].rr.fi2.thermocode_r[0]$_SDFFE_PP0P_/CLK (DFFHQNx1_ASAP7_75t_R)
                         20.00  167.11   clock uncertainty
                        -10.96  156.15   clock reconvergence pessimism
                         12.23  168.38   library hold time
                                168.38   data required time
-----------------------------------------------------------------------------
                                168.38   data required time
                               -209.03   data arrival time
-----------------------------------------------------------------------------
                                 40.65   slack (MET)



==========================================================================
cts final report_checks -path_delay max
--------------------------------------------------------------------------
Startpoint: _26676_ (rising edge-triggered flip-flop clocked by clk)
Endpoint: link_o[205] (output port clocked by clk)
Path Group: clk
Path Type: max

Fanout     Cap    Slew   Delay    Time   Description
-----------------------------------------------------------------------------
                          0.00    0.00   clock clk (rise edge)
                          0.00    0.00   clock source latency
     1   10.14    0.00    0.00    0.00 ^ clk_i (in)
                                         clk_i (net)
                 38.36   12.10   12.10 ^ clkbuf_0_clk_i/A (BUFx16f_ASAP7_75t_R)
     4   21.00   22.53   29.65   41.75 ^ clkbuf_0_clk_i/Y (BUFx16f_ASAP7_75t_R)
                                         clknet_0_clk_i (net)
                 31.99    7.49   49.24 ^ clkbuf_2_1_0_clk_i/A (BUFx24_ASAP7_75t_R)
     4   13.59   15.20   31.76   80.99 ^ clkbuf_2_1_0_clk_i/Y (BUFx24_ASAP7_75t_R)
                                         clknet_2_1_0_clk_i (net)
                 17.17    2.77   83.76 ^ clkbuf_4_6__f_clk_i/A (BUFx16f_ASAP7_75t_R)
     9   26.60   24.36   26.62  110.37 ^ clkbuf_4_6__f_clk_i/Y (BUFx16f_ASAP7_75t_R)
                                         clknet_4_6__leaf_clk_i (net)
                 24.56    1.37  111.74 ^ clkbuf_leaf_111_clk_i/A (BUFx24_ASAP7_75t_R)
    18   11.84   13.80   29.36  141.10 ^ clkbuf_leaf_111_clk_i/Y (BUFx24_ASAP7_75t_R)
                                         clknet_leaf_111_clk_i (net)
                 13.97    0.74  141.84 ^ _26676_/CLK (DFFHQNx1_ASAP7_75t_R)
     5    4.90   55.75   71.93  213.77 ^ _26676_/QN (DFFHQNx1_ASAP7_75t_R)
                                         _02606_ (net)
                 55.76    0.16  213.93 ^ _14781_/A (INVx1_ASAP7_75t_R)
     2    1.94   26.34   22.81  236.73 v _14781_/Y (INVx1_ASAP7_75t_R)
                                         _12142_ (net)
                 26.34    0.06  236.80 v place2650/A (BUFx6f_ASAP7_75t_R)
     3    2.22    7.58   22.61  259.41 v place2650/Y (BUFx6f_ASAP7_75t_R)
                                         net2649 (net)
                  7.61    0.21  259.62 v _14789_/C (OA211x2_ASAP7_75t_R)
     1    0.71   12.88   35.78  295.40 v _14789_/Y (OA211x2_ASAP7_75t_R)
                                         _12150_ (net)
                 12.88    0.03  295.44 v _14793_/B (OR3x1_ASAP7_75t_R)
     1    0.81   12.63   29.68  325.12 v _14793_/Y (OR3x1_ASAP7_75t_R)
                                         _12154_ (net)
                 12.63    0.05  325.16 v _14794_/B (OA21x2_ASAP7_75t_R)
     2    6.51   30.75   27.59  352.75 v _14794_/Y (OA21x2_ASAP7_75t_R)
                                         _12155_ (net)
                 32.14    3.53  356.28 v _14795_/A (XOR2x2_ASAP7_75t_R)
     3    3.78   23.43   45.92  402.21 ^ _14795_/Y (XOR2x2_ASAP7_75t_R)
                                         bmr.dor[1].dor_decoder.z_mix[1] (net)
                 23.44    0.21  402.42 ^ _26582_/A (FAx1_ASAP7_75t_R)
     1    0.83   29.60   44.97  447.39 v _26582_/SN (FAx1_ASAP7_75t_R)
                                         _02685_ (net)
                 29.60    0.05  447.44 v _26544_/A (INVx1_ASAP7_75t_R)
     1    1.14   18.03   16.04  463.47 ^ _26544_/Y (INVx1_ASAP7_75t_R)
                                         _02686_ (net)
                 18.03    0.08  463.55 ^ _26640_/B (HAxp5_ASAP7_75t_R)
     1    0.89   25.65   16.87  480.42 v _26640_/CON (HAxp5_ASAP7_75t_R)
                                         _02811_ (net)
                 25.65    0.06  480.48 v _26559_/A (INVx1_ASAP7_75t_R)
     1    2.24   25.90   20.25  500.74 ^ _26559_/Y (INVx1_ASAP7_75t_R)
                                         _02655_ (net)
                 25.90    0.15  500.89 ^ _26577_/B (FAx1_ASAP7_75t_R)
     1    1.00   27.55   23.87  524.76 v _26577_/CON (FAx1_ASAP7_75t_R)
                                         _02658_ (net)
     1    0.93   40.65   19.84  544.60 ^ _26577_/SN (FAx1_ASAP7_75t_R)
                                         _02659_ (net)
                 40.65    0.06  544.67 ^ _15798_/A (INVx1_ASAP7_75t_R)
     1    1.02   16.49   15.22  559.88 v _15798_/Y (INVx1_ASAP7_75t_R)
                                         _02660_ (net)
                 16.49    0.03  559.92 v _26646_/A (HAxp5_ASAP7_75t_R)
     3    2.68   47.36   28.90  588.81 ^ _26646_/CON (HAxp5_ASAP7_75t_R)
                                         _02823_ (net)
     1    0.65   20.64   16.98  605.79 v _26646_/SN (HAxp5_ASAP7_75t_R)
                                         _02824_ (net)
                 20.64    0.03  605.82 v _15430_/B (OR4x1_ASAP7_75t_R)
     2    1.36   18.87   41.27  647.08 v _15430_/Y (OR4x1_ASAP7_75t_R)
                                         _12761_ (net)
                 18.87    0.08  647.17 v _15432_/B (OR2x2_ASAP7_75t_R)
     1    0.63    8.53   25.03  672.19 v _15432_/Y (OR2x2_ASAP7_75t_R)
                                         _12763_ (net)
                  8.53    0.02  672.22 v _15433_/B (AO21x1_ASAP7_75t_R)
     2    1.19   13.50   23.67  695.88 v _15433_/Y (AO21x1_ASAP7_75t_R)
                                         _12764_ (net)
                 13.50    0.04  695.92 v _15438_/A2 (AO32x1_ASAP7_75t_R)
     2    1.44   16.89   33.56  729.48 v _15438_/Y (AO32x1_ASAP7_75t_R)
                                         _12769_ (net)
                 16.89    0.06  729.54 v _15439_/B (AO21x2_ASAP7_75t_R)
     2    2.44   15.12   30.75  760.29 v _15439_/Y (AO21x2_ASAP7_75t_R)
                                         _12770_ (net)
                 15.13    0.13  760.42 v rebuffer3283/A (BUFx6f_ASAP7_75t_R)
     2    2.27    7.22   19.02  779.44 v rebuffer3283/Y (BUFx6f_ASAP7_75t_R)
                                         net3282 (net)
                  7.23    0.13  779.57 v _15454_/A3 (AO31x2_ASAP7_75t_R)
     3    1.92   12.01   21.87  801.44 v _15454_/Y (AO31x2_ASAP7_75t_R)
                                         _12785_ (net)
                 12.01    0.10  801.54 v _15456_/B1 (AO32x1_ASAP7_75t_R)
     2    1.88   19.84   35.31  836.84 v _15456_/Y (AO32x1_ASAP7_75t_R)
                                         _12787_ (net)
                 19.84    0.14  836.98 v _26226_/A (AND2x4_ASAP7_75t_R)
     4    5.01   14.25   26.89  863.86 v _26226_/Y (AND2x4_ASAP7_75t_R)
                                         _11729_ (net)
                 14.26    0.11  863.97 v place2187/A (BUFx6f_ASAP7_75t_R)
     2    6.87   13.96   20.94  884.91 v place2187/Y (BUFx6f_ASAP7_75t_R)
                                         net2186 (net)
                 17.02    3.36  888.27 v place2186/A (BUFx12f_ASAP7_75t_R)
    20   14.91   15.60   23.35  911.62 v place2186/Y (BUFx12f_ASAP7_75t_R)
                                         net2185 (net)
                 15.65    0.55  912.17 v _26237_/A2 (AO222x2_ASAP7_75t_R)
     1    0.73   13.02   43.96  956.13 v _26237_/Y (AO222x2_ASAP7_75t_R)
                                         _11739_ (net)
                 13.02    0.04  956.17 v _26238_/B (AO21x1_ASAP7_75t_R)
     1    0.80   10.49   23.15  979.32 v _26238_/Y (AO21x1_ASAP7_75t_R)
                                         net493 (net)
                 10.50    0.05  979.37 v output494/A (BUFx2_ASAP7_75t_R)
     1    1.03    8.21   19.46  998.83 v output494/Y (BUFx2_ASAP7_75t_R)
                                         link_o[205] (net)
                  8.22    0.11  998.94 v link_o[205] (out)
                                998.94   data arrival time

                       1250.00 1250.00   clock clk (rise edge)
                          0.00 1250.00   clock network delay (propagated)
                        -20.00 1230.00   clock uncertainty
                          0.00 1230.00   clock reconvergence pessimism
                       -250.00  980.00   output external delay
                                980.00   data required time
-----------------------------------------------------------------------------
                                980.00   data required time
                               -998.94   data arrival time
-----------------------------------------------------------------------------
                                -18.94   slack (VIOLATED)



==========================================================================
cts final report_checks -unconstrained
--------------------------------------------------------------------------
Startpoint: _26676_ (rising edge-triggered flip-flop clocked by clk)
Endpoint: link_o[205] (output port clocked by clk)
Path Group: clk
Path Type: max

Fanout     Cap    Slew   Delay    Time   Description
-----------------------------------------------------------------------------
                          0.00    0.00   clock clk (rise edge)
                          0.00    0.00   clock source latency
     1   10.14    0.00    0.00    0.00 ^ clk_i (in)
                                         clk_i (net)
                 38.36   12.10   12.10 ^ clkbuf_0_clk_i/A (BUFx16f_ASAP7_75t_R)
     4   21.00   22.53   29.65   41.75 ^ clkbuf_0_clk_i/Y (BUFx16f_ASAP7_75t_R)
                                         clknet_0_clk_i (net)
                 31.99    7.49   49.24 ^ clkbuf_2_1_0_clk_i/A (BUFx24_ASAP7_75t_R)
     4   13.59   15.20   31.76   80.99 ^ clkbuf_2_1_0_clk_i/Y (BUFx24_ASAP7_75t_R)
                                         clknet_2_1_0_clk_i (net)
                 17.17    2.77   83.76 ^ clkbuf_4_6__f_clk_i/A (BUFx16f_ASAP7_75t_R)
     9   26.60   24.36   26.62  110.37 ^ clkbuf_4_6__f_clk_i/Y (BUFx16f_ASAP7_75t_R)
                                         clknet_4_6__leaf_clk_i (net)
                 24.56    1.37  111.74 ^ clkbuf_leaf_111_clk_i/A (BUFx24_ASAP7_75t_R)
    18   11.84   13.80   29.36  141.10 ^ clkbuf_leaf_111_clk_i/Y (BUFx24_ASAP7_75t_R)
                                         clknet_leaf_111_clk_i (net)
                 13.97    0.74  141.84 ^ _26676_/CLK (DFFHQNx1_ASAP7_75t_R)
     5    4.90   55.75   71.93  213.77 ^ _26676_/QN (DFFHQNx1_ASAP7_75t_R)
                                         _02606_ (net)
                 55.76    0.16  213.93 ^ _14781_/A (INVx1_ASAP7_75t_R)
     2    1.94   26.34   22.81  236.73 v _14781_/Y (INVx1_ASAP7_75t_R)
                                         _12142_ (net)
                 26.34    0.06  236.80 v place2650/A (BUFx6f_ASAP7_75t_R)
     3    2.22    7.58   22.61  259.41 v place2650/Y (BUFx6f_ASAP7_75t_R)
                                         net2649 (net)
                  7.61    0.21  259.62 v _14789_/C (OA211x2_ASAP7_75t_R)
     1    0.71   12.88   35.78  295.40 v _14789_/Y (OA211x2_ASAP7_75t_R)
                                         _12150_ (net)
                 12.88    0.03  295.44 v _14793_/B (OR3x1_ASAP7_75t_R)
     1    0.81   12.63   29.68  325.12 v _14793_/Y (OR3x1_ASAP7_75t_R)
                                         _12154_ (net)
                 12.63    0.05  325.16 v _14794_/B (OA21x2_ASAP7_75t_R)
     2    6.51   30.75   27.59  352.75 v _14794_/Y (OA21x2_ASAP7_75t_R)
                                         _12155_ (net)
                 32.14    3.53  356.28 v _14795_/A (XOR2x2_ASAP7_75t_R)
     3    3.78   23.43   45.92  402.21 ^ _14795_/Y (XOR2x2_ASAP7_75t_R)
                                         bmr.dor[1].dor_decoder.z_mix[1] (net)
                 23.44    0.21  402.42 ^ _26582_/A (FAx1_ASAP7_75t_R)
     1    0.83   29.60   44.97  447.39 v _26582_/SN (FAx1_ASAP7_75t_R)
                                         _02685_ (net)
                 29.60    0.05  447.44 v _26544_/A (INVx1_ASAP7_75t_R)
     1    1.14   18.03   16.04  463.47 ^ _26544_/Y (INVx1_ASAP7_75t_R)
                                         _02686_ (net)
                 18.03    0.08  463.55 ^ _26640_/B (HAxp5_ASAP7_75t_R)
     1    0.89   25.65   16.87  480.42 v _26640_/CON (HAxp5_ASAP7_75t_R)
                                         _02811_ (net)
                 25.65    0.06  480.48 v _26559_/A (INVx1_ASAP7_75t_R)
     1    2.24   25.90   20.25  500.74 ^ _26559_/Y (INVx1_ASAP7_75t_R)
                                         _02655_ (net)
                 25.90    0.15  500.89 ^ _26577_/B (FAx1_ASAP7_75t_R)
     1    1.00   27.55   23.87  524.76 v _26577_/CON (FAx1_ASAP7_75t_R)
                                         _02658_ (net)
     1    0.93   40.65   19.84  544.60 ^ _26577_/SN (FAx1_ASAP7_75t_R)
                                         _02659_ (net)
                 40.65    0.06  544.67 ^ _15798_/A (INVx1_ASAP7_75t_R)
     1    1.02   16.49   15.22  559.88 v _15798_/Y (INVx1_ASAP7_75t_R)
                                         _02660_ (net)
                 16.49    0.03  559.92 v _26646_/A (HAxp5_ASAP7_75t_R)
     3    2.68   47.36   28.90  588.81 ^ _26646_/CON (HAxp5_ASAP7_75t_R)
                                         _02823_ (net)
     1    0.65   20.64   16.98  605.79 v _26646_/SN (HAxp5_ASAP7_75t_R)
                                         _02824_ (net)
                 20.64    0.03  605.82 v _15430_/B (OR4x1_ASAP7_75t_R)
     2    1.36   18.87   41.27  647.08 v _15430_/Y (OR4x1_ASAP7_75t_R)
                                         _12761_ (net)
                 18.87    0.08  647.17 v _15432_/B (OR2x2_ASAP7_75t_R)
     1    0.63    8.53   25.03  672.19 v _15432_/Y (OR2x2_ASAP7_75t_R)
                                         _12763_ (net)
                  8.53    0.02  672.22 v _15433_/B (AO21x1_ASAP7_75t_R)
     2    1.19   13.50   23.67  695.88 v _15433_/Y (AO21x1_ASAP7_75t_R)
                                         _12764_ (net)
                 13.50    0.04  695.92 v _15438_/A2 (AO32x1_ASAP7_75t_R)
     2    1.44   16.89   33.56  729.48 v _15438_/Y (AO32x1_ASAP7_75t_R)
                                         _12769_ (net)
                 16.89    0.06  729.54 v _15439_/B (AO21x2_ASAP7_75t_R)
     2    2.44   15.12   30.75  760.29 v _15439_/Y (AO21x2_ASAP7_75t_R)
                                         _12770_ (net)
                 15.13    0.13  760.42 v rebuffer3283/A (BUFx6f_ASAP7_75t_R)
     2    2.27    7.22   19.02  779.44 v rebuffer3283/Y (BUFx6f_ASAP7_75t_R)
                                         net3282 (net)
                  7.23    0.13  779.57 v _15454_/A3 (AO31x2_ASAP7_75t_R)
     3    1.92   12.01   21.87  801.44 v _15454_/Y (AO31x2_ASAP7_75t_R)
                                         _12785_ (net)
                 12.01    0.10  801.54 v _15456_/B1 (AO32x1_ASAP7_75t_R)
     2    1.88   19.84   35.31  836.84 v _15456_/Y (AO32x1_ASAP7_75t_R)
                                         _12787_ (net)
                 19.84    0.14  836.98 v _26226_/A (AND2x4_ASAP7_75t_R)
     4    5.01   14.25   26.89  863.86 v _26226_/Y (AND2x4_ASAP7_75t_R)
                                         _11729_ (net)
                 14.26    0.11  863.97 v place2187/A (BUFx6f_ASAP7_75t_R)
     2    6.87   13.96   20.94  884.91 v place2187/Y (BUFx6f_ASAP7_75t_R)
                                         net2186 (net)
                 17.02    3.36  888.27 v place2186/A (BUFx12f_ASAP7_75t_R)
    20   14.91   15.60   23.35  911.62 v place2186/Y (BUFx12f_ASAP7_75t_R)
                                         net2185 (net)
                 15.65    0.55  912.17 v _26237_/A2 (AO222x2_ASAP7_75t_R)
     1    0.73   13.02   43.96  956.13 v _26237_/Y (AO222x2_ASAP7_75t_R)
                                         _11739_ (net)
                 13.02    0.04  956.17 v _26238_/B (AO21x1_ASAP7_75t_R)
     1    0.80   10.49   23.15  979.32 v _26238_/Y (AO21x1_ASAP7_75t_R)
                                         net493 (net)
                 10.50    0.05  979.37 v output494/A (BUFx2_ASAP7_75t_R)
     1    1.03    8.21   19.46  998.83 v output494/Y (BUFx2_ASAP7_75t_R)
                                         link_o[205] (net)
                  8.22    0.11  998.94 v link_o[205] (out)
                                998.94   data arrival time

                       1250.00 1250.00   clock clk (rise edge)
                          0.00 1250.00   clock network delay (propagated)
                        -20.00 1230.00   clock uncertainty
                          0.00 1230.00   clock reconvergence pessimism
                       -250.00  980.00   output external delay
                                980.00   data required time
-----------------------------------------------------------------------------
                                980.00   data required time
                               -998.94   data arrival time
-----------------------------------------------------------------------------
                                -18.94   slack (VIOLATED)



==========================================================================
cts final report_check_types -max_slew -max_cap -max_fanout -violators
--------------------------------------------------------------------------

==========================================================================
cts final max_slew_check_slack
--------------------------------------------------------------------------
36.56389236450195

==========================================================================
cts final max_slew_check_limit
--------------------------------------------------------------------------
125.0

==========================================================================
cts final max_slew_check_slack_limit
--------------------------------------------------------------------------
0.2925

==========================================================================
cts final max_fanout_check_slack
--------------------------------------------------------------------------
0.0

==========================================================================
cts final max_fanout_check_limit
--------------------------------------------------------------------------
20.0

==========================================================================
cts final max_fanout_check_slack_limit
--------------------------------------------------------------------------
0.0000

==========================================================================
cts final max_capacitance_check_slack
--------------------------------------------------------------------------
17.04899024963379

==========================================================================
cts final max_capacitance_check_limit
--------------------------------------------------------------------------
23.040000915527344

==========================================================================
cts final max_capacitance_check_slack_limit
--------------------------------------------------------------------------
0.7400

==========================================================================
cts final max_slew_violation_count
--------------------------------------------------------------------------
max slew violation count 0

==========================================================================
cts final max_fanout_violation_count
--------------------------------------------------------------------------
max fanout violation count 0

==========================================================================
cts final max_cap_violation_count
--------------------------------------------------------------------------
max cap violation count 0

==========================================================================
cts final setup_violation_count
--------------------------------------------------------------------------
setup violation count 126

==========================================================================
cts final hold_violation_count
--------------------------------------------------------------------------
hold violation count 0

==========================================================================
cts final report_checks -path_delay max reg to reg
--------------------------------------------------------------------------
Startpoint: _26673_ (rising edge-triggered flip-flop clocked by clk)
Endpoint: _26671_ (rising edge-triggered flip-flop clocked by clk)
Path Group: clk
Path Type: max

  Delay    Time   Description
---------------------------------------------------------
   0.00    0.00   clock clk (rise edge)
   0.00    0.00   clock source latency
   0.00    0.00 ^ clk_i (in)
  41.75   41.75 ^ clkbuf_0_clk_i/Y (BUFx16f_ASAP7_75t_R)
  40.02   81.77 ^ clkbuf_2_0_0_clk_i/Y (BUFx24_ASAP7_75t_R)
  28.42  110.19 ^ clkbuf_4_3__f_clk_i/Y (BUFx16f_ASAP7_75t_R)
  30.10  140.29 ^ clkbuf_leaf_119_clk_i/Y (BUFx24_ASAP7_75t_R)
   0.82  141.11 ^ _26673_/CLK (DFFHQNx2_ASAP7_75t_R)
  67.41  208.52 v _26673_/QN (DFFHQNx2_ASAP7_75t_R)
  25.57  234.09 v rebuffer2923/Y (BUFx6f_ASAP7_75t_R)
  28.23  262.32 v place2791/Y (BUFx4f_ASAP7_75t_R)
  45.89  308.22 v _15830_/Y (OA211x2_ASAP7_75t_R)
  29.61  337.83 v _15831_/Y (OR3x1_ASAP7_75t_R)
  24.00  361.83 v _15832_/Y (OA21x2_ASAP7_75t_R)
  36.87  398.70 ^ _15833_/Y (XNOR2x2_ASAP7_75t_R)
  18.44  417.13 v _26654_/CON (HAxp5_ASAP7_75t_R)
  14.32  431.45 ^ _26654_/SN (HAxp5_ASAP7_75t_R)
  11.68  443.14 v _15792_/Y (INVx1_ASAP7_75t_R)
  17.68  460.82 ^ _26645_/CON (HAxp5_ASAP7_75t_R)
  15.10  475.92 v _26645_/SN (HAxp5_ASAP7_75t_R)
  18.30  494.23 ^ _21601_/Y (INVx1_ASAP7_75t_R)
  23.63  517.86 v _26576_/CON (FAx1_ASAP7_75t_R)
  19.43  537.29 ^ _26576_/SN (FAx1_ASAP7_75t_R)
  15.21  552.50 v _15814_/Y (INVx1_ASAP7_75t_R)
  20.56  573.07 ^ _26650_/CON (HAxp5_ASAP7_75t_R)
  14.40  587.47 v _26650_/SN (HAxp5_ASAP7_75t_R)
  42.30  629.77 v _15317_/Y (OR4x1_ASAP7_75t_R)
  27.84  657.61 v _15322_/Y (OR2x2_ASAP7_75t_R)
  29.09  686.71 v _15323_/Y (OR3x1_ASAP7_75t_R)
  43.96  730.67 v _15350_/Y (AO32x1_ASAP7_75t_R)
  24.13  754.80 ^ _15507_/Y (NAND3x1_ASAP7_75t_R)
  38.70  793.50 ^ _15509_/Y (AO21x1_ASAP7_75t_R)
  57.98  851.48 ^ _15731_/Y (AND5x1_ASAP7_75t_R)
  31.26  882.73 ^ place2199/Y (BUFx6f_ASAP7_75t_R)
  31.73  914.46 ^ _15734_/Y (AO22x1_ASAP7_75t_R)
  26.86  941.32 ^ place2192/Y (BUFx3_ASAP7_75t_R)
  29.60  970.93 ^ _21494_/Y (AND3x1_ASAP7_75t_R)
  22.55  993.48 ^ _21495_/Y (OA21x2_ASAP7_75t_R)
   0.04  993.52 ^ _26671_/D (DFFHQNx2_ASAP7_75t_R)
         993.52   data arrival time

1250.00 1250.00   clock clk (rise edge)
   0.00 1250.00   clock source latency
   0.00 1250.00 ^ clk_i (in)
  39.14 1289.14 ^ clkbuf_0_clk_i/Y (BUFx16f_ASAP7_75t_R)
  37.28 1326.43 ^ clkbuf_2_0_0_clk_i/Y (BUFx24_ASAP7_75t_R)
  26.30 1352.73 ^ clkbuf_4_2__f_clk_i/Y (BUFx16f_ASAP7_75t_R)
  29.54 1382.27 ^ clkbuf_leaf_11_clk_i/Y (BUFx24_ASAP7_75t_R)
   0.61 1382.88 ^ _26671_/CLK (DFFHQNx2_ASAP7_75t_R)
 -20.00 1362.88   clock uncertainty
   5.34 1368.22   clock reconvergence pessimism
 -10.69 1357.53   library setup time
        1357.53   data required time
---------------------------------------------------------
        1357.53   data required time
        -993.52   data arrival time
---------------------------------------------------------
         364.01   slack (MET)



==========================================================================
cts final report_checks -path_delay min reg to reg
--------------------------------------------------------------------------
Startpoint: bmr.xbar[3].rr.fi2.thermocode_r[0]$_SDFFE_PP0P_
            (rising edge-triggered flip-flop clocked by clk)
Endpoint: bmr.xbar[3].rr.fi2.thermocode_r[0]$_SDFFE_PP0P_
          (rising edge-triggered flip-flop clocked by clk)
Path Group: clk
Path Type: min

  Delay    Time   Description
---------------------------------------------------------
   0.00    0.00   clock clk (rise edge)
   0.00    0.00   clock source latency
   0.00    0.00 ^ clk_i (in)
  39.14   39.14 ^ clkbuf_0_clk_i/Y (BUFx16f_ASAP7_75t_R)
  36.63   75.77 ^ clkbuf_2_1_0_clk_i/Y (BUFx24_ASAP7_75t_R)
  26.78  102.55 ^ clkbuf_4_6__f_clk_i/Y (BUFx16f_ASAP7_75t_R)
  33.09  135.64 ^ clkbuf_leaf_115_clk_i/Y (BUFx24_ASAP7_75t_R)
   0.51  136.15 ^ bmr.xbar[3].rr.fi2.thermocode_r[0]$_SDFFE_PP0P_/CLK (DFFHQNx1_ASAP7_75t_R)
  54.14  190.29 ^ bmr.xbar[3].rr.fi2.thermocode_r[0]$_SDFFE_PP0P_/QN (DFFHQNx1_ASAP7_75t_R)
  18.70  208.99 v _15784_/Y (AOI211x1_ASAP7_75t_R)
   0.04  209.03 v bmr.xbar[3].rr.fi2.thermocode_r[0]$_SDFFE_PP0P_/D (DFFHQNx1_ASAP7_75t_R)
         209.03   data arrival time

   0.00    0.00   clock clk (rise edge)
   0.00    0.00   clock source latency
   0.00    0.00 ^ clk_i (in)
  41.75   41.75 ^ clkbuf_0_clk_i/Y (BUFx16f_ASAP7_75t_R)
  39.25   80.99 ^ clkbuf_2_1_0_clk_i/Y (BUFx24_ASAP7_75t_R)
  29.38  110.37 ^ clkbuf_4_6__f_clk_i/Y (BUFx16f_ASAP7_75t_R)
  36.11  146.48 ^ clkbuf_leaf_115_clk_i/Y (BUFx24_ASAP7_75t_R)
   0.63  147.11 ^ bmr.xbar[3].rr.fi2.thermocode_r[0]$_SDFFE_PP0P_/CLK (DFFHQNx1_ASAP7_75t_R)
  20.00  167.11   clock uncertainty
 -10.96  156.15   clock reconvergence pessimism
  12.23  168.38   library hold time
         168.38   data required time
---------------------------------------------------------
         168.38   data required time
        -209.03   data arrival time
---------------------------------------------------------
          40.65   slack (MET)



==========================================================================
cts final critical path target clock latency max path
--------------------------------------------------------------------------
132.8828

==========================================================================
cts final critical path target clock latency min path
--------------------------------------------------------------------------
149.2639

==========================================================================
cts final critical path source clock latency min path
--------------------------------------------------------------------------
0.0000

==========================================================================
cts final critical path delay
--------------------------------------------------------------------------
998.9427

==========================================================================
cts final critical path slack
--------------------------------------------------------------------------
-18.9427

==========================================================================
cts final slack div critical path delay
--------------------------------------------------------------------------
-1.896275

==========================================================================
cts final report_power
--------------------------------------------------------------------------
Group                  Internal  Switching    Leakage      Total
                          Power      Power      Power      Power (Watts)
----------------------------------------------------------------
Sequential             4.41e-03   7.98e-04   5.90e-07   5.21e-03  36.8%
Combinational          3.65e-03   3.18e-03   1.06e-06   6.83e-03  48.2%
Clock                  1.28e-03   8.49e-04   1.15e-07   2.13e-03  15.0%
Macro                  0.00e+00   0.00e+00   0.00e+00   0.00e+00   0.0%
Pad                    0.00e+00   0.00e+00   0.00e+00   0.00e+00   0.0%
----------------------------------------------------------------
Total                  9.34e-03   4.83e-03   1.77e-06   1.42e-02 100.0%
                          65.9%      34.1%       0.0%
