
==========================================================================
floorplan final report_tns
--------------------------------------------------------------------------
tns max 0.00

==========================================================================
floorplan final report_wns
--------------------------------------------------------------------------
wns max 0.00

==========================================================================
floorplan final report_worst_slack
--------------------------------------------------------------------------
worst slack max 313.25

==========================================================================
floorplan final report_clock_min_period
--------------------------------------------------------------------------
clk period_min = 936.75 fmax = 1067.52

==========================================================================
floorplan final report_checks -path_delay min
--------------------------------------------------------------------------
Startpoint: rof[0].fi.fifo.unhardened.un.fifo.ft.deq_r$_SDFFE_PP1P_
            (rising edge-triggered flip-flop clocked by clk)
Endpoint: rof[0].fi.fifo.unhardened.un.fifo.ft.deq_r$_SDFFE_PP1P_
          (rising edge-triggered flip-flop clocked by clk)
Path Group: clk
Path Type: min

Fanout     Cap    Slew   Delay    Time   Description
-----------------------------------------------------------------------------
                 10.00    0.00    0.00   clock clk (rise edge)
                          0.00    0.00   clock network delay (ideal)
                 10.00    0.00    0.00 ^ rof[0].fi.fifo.unhardened.un.fifo.ft.deq_r$_SDFFE_PP1P_/CLK (DFFHQNx1_ASAP7_75t_R)
     2    0.87   19.32   49.62   49.62 ^ rof[0].fi.fifo.unhardened.un.fifo.ft.deq_r$_SDFFE_PP1P_/QN (DFFHQNx1_ASAP7_75t_R)
                                         _00031_ (net)
                 19.32    0.00   49.62 ^ _20970_/A1 (OA21x2_ASAP7_75t_R)
     1    0.54    7.54   23.37   72.98 ^ _20970_/Y (OA21x2_ASAP7_75t_R)
                                         _06799_ (net)
                  7.54    0.00   72.98 ^ _20971_/B (NAND2x1_ASAP7_75t_R)
     1    0.49    6.96    6.65   79.63 v _20971_/Y (NAND2x1_ASAP7_75t_R)
                                         _05291_ (net)
                  6.96    0.00   79.63 v rof[0].fi.fifo.unhardened.un.fifo.ft.deq_r$_SDFFE_PP1P_/D (DFFHQNx1_ASAP7_75t_R)
                                 79.63   data arrival time

                 10.00    0.00    0.00   clock clk (rise edge)
                          0.00    0.00   clock network delay (ideal)
                         20.00   20.00   clock uncertainty
                          0.00   20.00   clock reconvergence pessimism
                                 20.00 ^ rof[0].fi.fifo.unhardened.un.fifo.ft.deq_r$_SDFFE_PP1P_/CLK (DFFHQNx1_ASAP7_75t_R)
                         12.17   32.17   library hold time
                                 32.17   data required time
-----------------------------------------------------------------------------
                                 32.17   data required time
                                -79.63   data arrival time
-----------------------------------------------------------------------------
                                 47.46   slack (MET)



==========================================================================
floorplan final report_checks -path_delay max
--------------------------------------------------------------------------
Startpoint: my_y_i[0] (input port clocked by clk)
Endpoint: link_o[11] (output port clocked by clk)
Path Group: clk
Path Type: max

Fanout     Cap    Slew   Delay    Time   Description
-----------------------------------------------------------------------------
                 10.00    0.00    0.00   clock clk (rise edge)
                          0.00    0.00   clock network delay (ideal)
                        250.00  250.00 ^ input external delay
     6    5.53   50.40   22.13  272.13 ^ my_y_i[0] (in)
                                         my_y_i[0] (net)
                 50.40    0.00  272.13 ^ _15208_/A (INVx1_ASAP7_75t_R)
     5    4.87   42.01   34.67  306.79 v _15208_/Y (INVx1_ASAP7_75t_R)
                                         _02642_ (net)
                 42.01    0.00  306.79 v _26316_/A (HAxp5_ASAP7_75t_R)
     2    1.21   27.24   48.53  355.32 v _26316_/SN (HAxp5_ASAP7_75t_R)
                                         _02657_ (net)
                 27.24    0.00  355.32 v _14886_/A (OR3x1_ASAP7_75t_R)
     3    2.30   22.88   38.80  394.13 v _14886_/Y (OR3x1_ASAP7_75t_R)
                                         _12312_ (net)
                 22.88    0.00  394.13 v _14887_/C (OR3x1_ASAP7_75t_R)
     5    4.01   33.43   45.26  439.39 v _14887_/Y (OR3x1_ASAP7_75t_R)
                                         _12313_ (net)
                 33.43    0.00  439.39 v _14888_/B1 (OA22x2_ASAP7_75t_R)
     3    2.38   15.40   35.75  475.14 v _14888_/Y (OA22x2_ASAP7_75t_R)
                                         _12314_ (net)
                 15.40    0.00  475.14 v _15139_/B (OA21x2_ASAP7_75t_R)
     5    2.61   15.92   23.08  498.22 v _15139_/Y (OA21x2_ASAP7_75t_R)
                                         _12549_ (net)
                 15.92    0.00  498.22 v _15140_/B (OA21x2_ASAP7_75t_R)
     2    1.15   10.47   20.25  518.47 v _15140_/Y (OA21x2_ASAP7_75t_R)
                                         _12550_ (net)
                 10.47    0.00  518.47 v _15141_/A2 (OA21x2_ASAP7_75t_R)
     2    1.02    9.97   24.25  542.73 v _15141_/Y (OA21x2_ASAP7_75t_R)
                                         _12551_ (net)
                  9.97    0.00  542.73 v _21029_/A (BUFx3_ASAP7_75t_R)
    10    5.42   16.74   23.87  566.60 v _21029_/Y (BUFx3_ASAP7_75t_R)
                                         _06837_ (net)
                 16.74    0.00  566.60 v _21185_/A (BUFx2_ASAP7_75t_R)
    10    5.39   22.50   30.19  596.78 v _21185_/Y (BUFx2_ASAP7_75t_R)
                                         _06992_ (net)
                 22.50    0.00  596.78 v _21592_/C2 (AO222x2_ASAP7_75t_R)
     1    0.48   12.30   42.44  639.22 v _21592_/Y (AO222x2_ASAP7_75t_R)
                                         _07394_ (net)
                 12.30    0.00  639.22 v _21593_/C (AO221x1_ASAP7_75t_R)
     1    0.00    7.40   27.54  666.75 v _21593_/Y (AO221x1_ASAP7_75t_R)
                                         link_o[11] (net)
                  7.40    0.00  666.75 v link_o[11] (out)
                                666.75   data arrival time

                 10.00 1250.00 1250.00   clock clk (rise edge)
                          0.00 1250.00   clock network delay (ideal)
                        -20.00 1230.00   clock uncertainty
                          0.00 1230.00   clock reconvergence pessimism
                       -250.00  980.00   output external delay
                                980.00   data required time
-----------------------------------------------------------------------------
                                980.00   data required time
                               -666.75   data arrival time
-----------------------------------------------------------------------------
                                313.25   slack (MET)



==========================================================================
floorplan final report_checks -unconstrained
--------------------------------------------------------------------------
Startpoint: my_y_i[0] (input port clocked by clk)
Endpoint: link_o[11] (output port clocked by clk)
Path Group: clk
Path Type: max

Fanout     Cap    Slew   Delay    Time   Description
-----------------------------------------------------------------------------
                 10.00    0.00    0.00   clock clk (rise edge)
                          0.00    0.00   clock network delay (ideal)
                        250.00  250.00 ^ input external delay
     6    5.53   50.40   22.13  272.13 ^ my_y_i[0] (in)
                                         my_y_i[0] (net)
                 50.40    0.00  272.13 ^ _15208_/A (INVx1_ASAP7_75t_R)
     5    4.87   42.01   34.67  306.79 v _15208_/Y (INVx1_ASAP7_75t_R)
                                         _02642_ (net)
                 42.01    0.00  306.79 v _26316_/A (HAxp5_ASAP7_75t_R)
     2    1.21   27.24   48.53  355.32 v _26316_/SN (HAxp5_ASAP7_75t_R)
                                         _02657_ (net)
                 27.24    0.00  355.32 v _14886_/A (OR3x1_ASAP7_75t_R)
     3    2.30   22.88   38.80  394.13 v _14886_/Y (OR3x1_ASAP7_75t_R)
                                         _12312_ (net)
                 22.88    0.00  394.13 v _14887_/C (OR3x1_ASAP7_75t_R)
     5    4.01   33.43   45.26  439.39 v _14887_/Y (OR3x1_ASAP7_75t_R)
                                         _12313_ (net)
                 33.43    0.00  439.39 v _14888_/B1 (OA22x2_ASAP7_75t_R)
     3    2.38   15.40   35.75  475.14 v _14888_/Y (OA22x2_ASAP7_75t_R)
                                         _12314_ (net)
                 15.40    0.00  475.14 v _15139_/B (OA21x2_ASAP7_75t_R)
     5    2.61   15.92   23.08  498.22 v _15139_/Y (OA21x2_ASAP7_75t_R)
                                         _12549_ (net)
                 15.92    0.00  498.22 v _15140_/B (OA21x2_ASAP7_75t_R)
     2    1.15   10.47   20.25  518.47 v _15140_/Y (OA21x2_ASAP7_75t_R)
                                         _12550_ (net)
                 10.47    0.00  518.47 v _15141_/A2 (OA21x2_ASAP7_75t_R)
     2    1.02    9.97   24.25  542.73 v _15141_/Y (OA21x2_ASAP7_75t_R)
                                         _12551_ (net)
                  9.97    0.00  542.73 v _21029_/A (BUFx3_ASAP7_75t_R)
    10    5.42   16.74   23.87  566.60 v _21029_/Y (BUFx3_ASAP7_75t_R)
                                         _06837_ (net)
                 16.74    0.00  566.60 v _21185_/A (BUFx2_ASAP7_75t_R)
    10    5.39   22.50   30.19  596.78 v _21185_/Y (BUFx2_ASAP7_75t_R)
                                         _06992_ (net)
                 22.50    0.00  596.78 v _21592_/C2 (AO222x2_ASAP7_75t_R)
     1    0.48   12.30   42.44  639.22 v _21592_/Y (AO222x2_ASAP7_75t_R)
                                         _07394_ (net)
                 12.30    0.00  639.22 v _21593_/C (AO221x1_ASAP7_75t_R)
     1    0.00    7.40   27.54  666.75 v _21593_/Y (AO221x1_ASAP7_75t_R)
                                         link_o[11] (net)
                  7.40    0.00  666.75 v link_o[11] (out)
                                666.75   data arrival time

                 10.00 1250.00 1250.00   clock clk (rise edge)
                          0.00 1250.00   clock network delay (ideal)
                        -20.00 1230.00   clock uncertainty
                          0.00 1230.00   clock reconvergence pessimism
                       -250.00  980.00   output external delay
                                980.00   data required time
-----------------------------------------------------------------------------
                                980.00   data required time
                               -666.75   data arrival time
-----------------------------------------------------------------------------
                                313.25   slack (MET)



==========================================================================
floorplan final report_power
--------------------------------------------------------------------------
Group                  Internal  Switching    Leakage      Total
                          Power      Power      Power      Power (Watts)
----------------------------------------------------------------
Sequential             4.37e-03   6.92e-04   5.90e-07   5.06e-03  53.7%
Combinational          2.74e-03   1.61e-03   9.78e-07   4.36e-03  46.3%
Clock                  0.00e+00   0.00e+00   0.00e+00   0.00e+00   0.0%
Macro                  0.00e+00   0.00e+00   0.00e+00   0.00e+00   0.0%
Pad                    0.00e+00   0.00e+00   0.00e+00   0.00e+00   0.0%
----------------------------------------------------------------
Total                  7.11e-03   2.31e-03   1.57e-06   9.42e-03 100.0%
                          75.5%      24.5%       0.0%
