
==========================================================================
cts final report_tns
--------------------------------------------------------------------------
tns max 0.00

==========================================================================
cts final report_wns
--------------------------------------------------------------------------
wns max 0.00

==========================================================================
cts final report_worst_slack
--------------------------------------------------------------------------
worst slack max 34.25

==========================================================================
cts final report_clock_min_period
--------------------------------------------------------------------------
clk period_min = 1215.75 fmax = 822.53

==========================================================================
cts final report_clock_skew
--------------------------------------------------------------------------
Clock clk
 146.71 source latency rof[0].fi.fifo.unhardened.un.fifo.ft.rptr.o[2]$_SDFFE_PP0P_/CLK ^
-130.42 target latency rof[0].fi.fifo.unhardened.un.fifo.mem_1r1w.synth.nz.mem[6][16]$_DFFE_PP_/CLK ^
  20.00 clock uncertainty
  -2.59 CRPR
--------------
  33.70 setup skew


==========================================================================
cts final report_checks -path_delay min
--------------------------------------------------------------------------
Startpoint: rof[0].fi.fifo.unhardened.un.fifo.ft.deq_r$_SDFFE_PP1P_
            (rising edge-triggered flip-flop clocked by clk)
Endpoint: rof[0].fi.fifo.unhardened.un.fifo.ft.deq_r$_SDFFE_PP1P_
          (rising edge-triggered flip-flop clocked by clk)
Path Group: clk
Path Type: min

Fanout     Cap    Slew   Delay    Time   Description
-----------------------------------------------------------------------------
                          0.00    0.00   clock clk (rise edge)
                          0.00    0.00   clock source latency
     1    9.44    0.00    0.00    0.00 ^ clk_i (in)
                                         clk_i (net)
                 34.03   10.73   10.73 ^ clkbuf_0_clk_i/A (BUFx16f_ASAP7_75t_R)
     4   18.76   20.50   28.22   38.95 ^ clkbuf_0_clk_i/Y (BUFx16f_ASAP7_75t_R)
                                         clknet_0_clk_i (net)
                 28.05    6.33   45.29 ^ clkbuf_2_1_0_clk_i/A (BUFx24_ASAP7_75t_R)
     4   11.17   13.64   30.06   75.35 ^ clkbuf_2_1_0_clk_i/Y (BUFx24_ASAP7_75t_R)
                                         clknet_2_1_0_clk_i (net)
                 15.13    2.24   77.59 ^ clkbuf_4_6__f_clk_i/A (BUFx16f_ASAP7_75t_R)
     9   21.19   20.92   24.68  102.27 ^ clkbuf_4_6__f_clk_i/Y (BUFx16f_ASAP7_75t_R)
                                         clknet_4_6__leaf_clk_i (net)
                 23.67    3.99  106.26 ^ clkbuf_leaf_82_clk_i/A (BUFx24_ASAP7_75t_R)
    19   10.30   12.96   28.70  134.95 ^ clkbuf_leaf_82_clk_i/Y (BUFx24_ASAP7_75t_R)
                                         clknet_leaf_82_clk_i (net)
                 13.21    0.88  135.83 ^ rof[0].fi.fifo.unhardened.un.fifo.ft.deq_r$_SDFFE_PP1P_/CLK (DFFHQNx1_ASAP7_75t_R)
     2    0.96   19.81   51.27  187.10 ^ rof[0].fi.fifo.unhardened.un.fifo.ft.deq_r$_SDFFE_PP1P_/QN (DFFHQNx1_ASAP7_75t_R)
                                         _00031_ (net)
                 19.81    0.02  187.12 ^ _20970_/A1 (OA21x2_ASAP7_75t_R)
     1    0.76    9.02   24.07  211.19 ^ _20970_/Y (OA21x2_ASAP7_75t_R)
                                         _06799_ (net)
                  9.03    0.04  211.23 ^ _20971_/B (NAND2x1_ASAP7_75t_R)
     1    0.56    7.48    7.34  218.57 v _20971_/Y (NAND2x1_ASAP7_75t_R)
                                         _05291_ (net)
                  7.48    0.02  218.59 v rof[0].fi.fifo.unhardened.un.fifo.ft.deq_r$_SDFFE_PP1P_/D (DFFHQNx1_ASAP7_75t_R)
                                218.59   data arrival time

                          0.00    0.00   clock clk (rise edge)
                          0.00    0.00   clock source latency
     1   10.09    0.00    0.00    0.00 ^ clk_i (in)
                                         clk_i (net)
                 37.96   11.98   11.98 ^ clkbuf_0_clk_i/A (BUFx16f_ASAP7_75t_R)
     4   21.11   22.60   29.57   41.54 ^ clkbuf_0_clk_i/Y (BUFx16f_ASAP7_75t_R)
                                         clknet_0_clk_i (net)
                 31.63    7.30   48.84 ^ clkbuf_2_1_0_clk_i/A (BUFx24_ASAP7_75t_R)
     4   13.75   15.28   31.67   80.51 ^ clkbuf_2_1_0_clk_i/Y (BUFx24_ASAP7_75t_R)
                                         clknet_2_1_0_clk_i (net)
                 17.29    2.80   83.31 ^ clkbuf_4_6__f_clk_i/A (BUFx16f_ASAP7_75t_R)
     9   26.47   24.23   26.74  110.06 ^ clkbuf_4_6__f_clk_i/Y (BUFx16f_ASAP7_75t_R)
                                         clknet_4_6__leaf_clk_i (net)
                 27.93    4.97  115.03 ^ clkbuf_leaf_82_clk_i/A (BUFx24_ASAP7_75t_R)
    19   12.71   14.36   30.62  145.65 ^ clkbuf_leaf_82_clk_i/Y (BUFx24_ASAP7_75t_R)
                                         clknet_leaf_82_clk_i (net)
                 14.68    1.08  146.73 ^ rof[0].fi.fifo.unhardened.un.fifo.ft.deq_r$_SDFFE_PP1P_/CLK (DFFHQNx1_ASAP7_75t_R)
                         20.00  166.73   clock uncertainty
                        -10.90  155.83   clock reconvergence pessimism
                         13.42  169.25   library hold time
                                169.25   data required time
-----------------------------------------------------------------------------
                                169.25   data required time
                               -218.59   data arrival time
-----------------------------------------------------------------------------
                                 49.34   slack (MET)



==========================================================================
cts final report_checks -path_delay max
--------------------------------------------------------------------------
Startpoint: _26350_ (rising edge-triggered flip-flop clocked by clk)
Endpoint: link_o[62] (output port clocked by clk)
Path Group: clk
Path Type: max

Fanout     Cap    Slew   Delay    Time   Description
-----------------------------------------------------------------------------
                          0.00    0.00   clock clk (rise edge)
                          0.00    0.00   clock source latency
     1   10.09    0.00    0.00    0.00 ^ clk_i (in)
                                         clk_i (net)
                 37.96   11.98   11.98 ^ clkbuf_0_clk_i/A (BUFx16f_ASAP7_75t_R)
     4   21.11   22.60   29.57   41.54 ^ clkbuf_0_clk_i/Y (BUFx16f_ASAP7_75t_R)
                                         clknet_0_clk_i (net)
                 33.62    8.25   49.79 ^ clkbuf_2_0_0_clk_i/A (BUFx24_ASAP7_75t_R)
     4   13.78   15.36   32.32   82.11 ^ clkbuf_2_0_0_clk_i/Y (BUFx24_ASAP7_75t_R)
                                         clknet_2_0_0_clk_i (net)
                 17.30    2.76   84.87 ^ clkbuf_4_2__f_clk_i/A (BUFx16f_ASAP7_75t_R)
     9   25.99   23.68   26.97  111.83 ^ clkbuf_4_2__f_clk_i/Y (BUFx16f_ASAP7_75t_R)
                                         clknet_4_2__leaf_clk_i (net)
                 24.61    2.52  114.36 ^ clkbuf_leaf_10_clk_i/A (BUFx24_ASAP7_75t_R)
    20   13.41   14.64   29.72  144.08 ^ clkbuf_leaf_10_clk_i/Y (BUFx24_ASAP7_75t_R)
                                         clknet_leaf_10_clk_i (net)
                 14.87    0.90  144.98 ^ _26350_/CLK (DFFHQNx1_ASAP7_75t_R)
    10    7.95   81.65   85.16  230.13 ^ _26350_/QN (DFFHQNx1_ASAP7_75t_R)
                                         _02604_ (net)
                 81.66    0.31  230.44 ^ place2668/A (BUFx3_ASAP7_75t_R)
    18   14.88   50.99   51.45  281.89 ^ place2668/Y (BUFx3_ASAP7_75t_R)
                                         net2668 (net)
                 51.06    1.25  283.14 ^ place2667/A (BUFx3_ASAP7_75t_R)
    17   14.37   48.25   45.62  328.76 ^ place2667/Y (BUFx3_ASAP7_75t_R)
                                         net2667 (net)
                 48.31    1.00  329.76 ^ place2666/A (BUFx3_ASAP7_75t_R)
    17   14.28   48.45   44.80  374.55 ^ place2666/Y (BUFx3_ASAP7_75t_R)
                                         net2666 (net)
                 48.55    1.22  375.78 ^ _14408_/B (NAND2x1_ASAP7_75t_R)
     1    0.52   14.37   12.37  388.14 v _14408_/Y (NAND2x1_ASAP7_75t_R)
                                         _11858_ (net)
                 14.37    0.02  388.17 v _14411_/B (OA211x2_ASAP7_75t_R)
     1    0.89   13.45   36.73  424.90 v _14411_/Y (OA211x2_ASAP7_75t_R)
                                         _11861_ (net)
                 13.45    0.06  424.96 v _14412_/B (AO21x1_ASAP7_75t_R)
     1    0.68   10.30   22.75  447.71 v _14412_/Y (AO21x1_ASAP7_75t_R)
                                         _11862_ (net)
                 10.30    0.03  447.73 v _14422_/A2 (OA21x2_ASAP7_75t_R)
     6    7.82   35.98   36.59  484.32 v _14422_/Y (OA21x2_ASAP7_75t_R)
                                         _11872_ (net)
                 37.09    3.44  487.76 v _26299_/B (HAxp5_ASAP7_75t_R)
     1    0.65   21.27   36.86  524.62 v _26299_/SN (HAxp5_ASAP7_75t_R)
                                         _02626_ (net)
                 21.27    0.03  524.65 v _14885_/B (OR3x1_ASAP7_75t_R)
     5    4.26   37.44   45.36  570.01 v _14885_/Y (OR3x1_ASAP7_75t_R)
                                         _12311_ (net)
                 37.45    0.64  570.64 v _14887_/B (OR3x1_ASAP7_75t_R)
     5    4.62   40.07   50.52  621.17 v _14887_/Y (OR3x1_ASAP7_75t_R)
                                         _12313_ (net)
                 40.08    0.36  621.52 v _14888_/B1 (OA22x2_ASAP7_75t_R)
     3    2.67   16.55   38.12  659.64 v _14888_/Y (OA22x2_ASAP7_75t_R)
                                         _12314_ (net)
                 16.56    0.06  659.70 v _15139_/B (OA21x2_ASAP7_75t_R)
     5    3.18   18.17   24.54  684.24 v _15139_/Y (OA21x2_ASAP7_75t_R)
                                         _12549_ (net)
                 18.18    0.08  684.32 v _15140_/B (OA21x2_ASAP7_75t_R)
     2    1.59   12.93   21.93  706.25 v _15140_/Y (OA21x2_ASAP7_75t_R)
                                         _12550_ (net)
                 12.94    0.11  706.36 v _15141_/A2 (OA21x2_ASAP7_75t_R)
    13   12.96   54.71   44.96  751.32 v _15141_/Y (OA21x2_ASAP7_75t_R)
                                         _12551_ (net)
                 54.72    0.31  751.63 v place2111/A (BUFx3_ASAP7_75t_R)
    10   14.27   40.63   45.79  797.41 v place2111/Y (BUFx3_ASAP7_75t_R)
                                         net2111 (net)
                 41.32    3.02  800.43 v place2110/A (BUFx3_ASAP7_75t_R)
    20   13.38   37.05   42.62  843.05 v place2110/Y (BUFx3_ASAP7_75t_R)
                                         net2110 (net)
                 37.27    1.65  844.70 v _25737_/C2 (AO222x2_ASAP7_75t_R)
     1    0.53   12.54   47.46  892.16 v _25737_/Y (AO222x2_ASAP7_75t_R)
                                         _11486_ (net)
                 12.54    0.02  892.18 v _25738_/C (AO221x1_ASAP7_75t_R)
     1    1.03   14.67   32.70  924.88 v _25738_/Y (AO221x1_ASAP7_75t_R)
                                         net626 (net)
                 14.67    0.09  924.97 v output626/A (BUFx2_ASAP7_75t_R)
     1    0.89    7.76   20.70  945.67 v output626/Y (BUFx2_ASAP7_75t_R)
                                         link_o[62] (net)
                  7.76    0.09  945.75 v link_o[62] (out)
                                945.75   data arrival time

                       1250.00 1250.00   clock clk (rise edge)
                          0.00 1250.00   clock network delay (propagated)
                        -20.00 1230.00   clock uncertainty
                          0.00 1230.00   clock reconvergence pessimism
                       -250.00  980.00   output external delay
                                980.00   data required time
-----------------------------------------------------------------------------
                                980.00   data required time
                               -945.75   data arrival time
-----------------------------------------------------------------------------
                                 34.25   slack (MET)



==========================================================================
cts final report_checks -unconstrained
--------------------------------------------------------------------------
Startpoint: _26350_ (rising edge-triggered flip-flop clocked by clk)
Endpoint: link_o[62] (output port clocked by clk)
Path Group: clk
Path Type: max

Fanout     Cap    Slew   Delay    Time   Description
-----------------------------------------------------------------------------
                          0.00    0.00   clock clk (rise edge)
                          0.00    0.00   clock source latency
     1   10.09    0.00    0.00    0.00 ^ clk_i (in)
                                         clk_i (net)
                 37.96   11.98   11.98 ^ clkbuf_0_clk_i/A (BUFx16f_ASAP7_75t_R)
     4   21.11   22.60   29.57   41.54 ^ clkbuf_0_clk_i/Y (BUFx16f_ASAP7_75t_R)
                                         clknet_0_clk_i (net)
                 33.62    8.25   49.79 ^ clkbuf_2_0_0_clk_i/A (BUFx24_ASAP7_75t_R)
     4   13.78   15.36   32.32   82.11 ^ clkbuf_2_0_0_clk_i/Y (BUFx24_ASAP7_75t_R)
                                         clknet_2_0_0_clk_i (net)
                 17.30    2.76   84.87 ^ clkbuf_4_2__f_clk_i/A (BUFx16f_ASAP7_75t_R)
     9   25.99   23.68   26.97  111.83 ^ clkbuf_4_2__f_clk_i/Y (BUFx16f_ASAP7_75t_R)
                                         clknet_4_2__leaf_clk_i (net)
                 24.61    2.52  114.36 ^ clkbuf_leaf_10_clk_i/A (BUFx24_ASAP7_75t_R)
    20   13.41   14.64   29.72  144.08 ^ clkbuf_leaf_10_clk_i/Y (BUFx24_ASAP7_75t_R)
                                         clknet_leaf_10_clk_i (net)
                 14.87    0.90  144.98 ^ _26350_/CLK (DFFHQNx1_ASAP7_75t_R)
    10    7.95   81.65   85.16  230.13 ^ _26350_/QN (DFFHQNx1_ASAP7_75t_R)
                                         _02604_ (net)
                 81.66    0.31  230.44 ^ place2668/A (BUFx3_ASAP7_75t_R)
    18   14.88   50.99   51.45  281.89 ^ place2668/Y (BUFx3_ASAP7_75t_R)
                                         net2668 (net)
                 51.06    1.25  283.14 ^ place2667/A (BUFx3_ASAP7_75t_R)
    17   14.37   48.25   45.62  328.76 ^ place2667/Y (BUFx3_ASAP7_75t_R)
                                         net2667 (net)
                 48.31    1.00  329.76 ^ place2666/A (BUFx3_ASAP7_75t_R)
    17   14.28   48.45   44.80  374.55 ^ place2666/Y (BUFx3_ASAP7_75t_R)
                                         net2666 (net)
                 48.55    1.22  375.78 ^ _14408_/B (NAND2x1_ASAP7_75t_R)
     1    0.52   14.37   12.37  388.14 v _14408_/Y (NAND2x1_ASAP7_75t_R)
                                         _11858_ (net)
                 14.37    0.02  388.17 v _14411_/B (OA211x2_ASAP7_75t_R)
     1    0.89   13.45   36.73  424.90 v _14411_/Y (OA211x2_ASAP7_75t_R)
                                         _11861_ (net)
                 13.45    0.06  424.96 v _14412_/B (AO21x1_ASAP7_75t_R)
     1    0.68   10.30   22.75  447.71 v _14412_/Y (AO21x1_ASAP7_75t_R)
                                         _11862_ (net)
                 10.30    0.03  447.73 v _14422_/A2 (OA21x2_ASAP7_75t_R)
     6    7.82   35.98   36.59  484.32 v _14422_/Y (OA21x2_ASAP7_75t_R)
                                         _11872_ (net)
                 37.09    3.44  487.76 v _26299_/B (HAxp5_ASAP7_75t_R)
     1    0.65   21.27   36.86  524.62 v _26299_/SN (HAxp5_ASAP7_75t_R)
                                         _02626_ (net)
                 21.27    0.03  524.65 v _14885_/B (OR3x1_ASAP7_75t_R)
     5    4.26   37.44   45.36  570.01 v _14885_/Y (OR3x1_ASAP7_75t_R)
                                         _12311_ (net)
                 37.45    0.64  570.64 v _14887_/B (OR3x1_ASAP7_75t_R)
     5    4.62   40.07   50.52  621.17 v _14887_/Y (OR3x1_ASAP7_75t_R)
                                         _12313_ (net)
                 40.08    0.36  621.52 v _14888_/B1 (OA22x2_ASAP7_75t_R)
     3    2.67   16.55   38.12  659.64 v _14888_/Y (OA22x2_ASAP7_75t_R)
                                         _12314_ (net)
                 16.56    0.06  659.70 v _15139_/B (OA21x2_ASAP7_75t_R)
     5    3.18   18.17   24.54  684.24 v _15139_/Y (OA21x2_ASAP7_75t_R)
                                         _12549_ (net)
                 18.18    0.08  684.32 v _15140_/B (OA21x2_ASAP7_75t_R)
     2    1.59   12.93   21.93  706.25 v _15140_/Y (OA21x2_ASAP7_75t_R)
                                         _12550_ (net)
                 12.94    0.11  706.36 v _15141_/A2 (OA21x2_ASAP7_75t_R)
    13   12.96   54.71   44.96  751.32 v _15141_/Y (OA21x2_ASAP7_75t_R)
                                         _12551_ (net)
                 54.72    0.31  751.63 v place2111/A (BUFx3_ASAP7_75t_R)
    10   14.27   40.63   45.79  797.41 v place2111/Y (BUFx3_ASAP7_75t_R)
                                         net2111 (net)
                 41.32    3.02  800.43 v place2110/A (BUFx3_ASAP7_75t_R)
    20   13.38   37.05   42.62  843.05 v place2110/Y (BUFx3_ASAP7_75t_R)
                                         net2110 (net)
                 37.27    1.65  844.70 v _25737_/C2 (AO222x2_ASAP7_75t_R)
     1    0.53   12.54   47.46  892.16 v _25737_/Y (AO222x2_ASAP7_75t_R)
                                         _11486_ (net)
                 12.54    0.02  892.18 v _25738_/C (AO221x1_ASAP7_75t_R)
     1    1.03   14.67   32.70  924.88 v _25738_/Y (AO221x1_ASAP7_75t_R)
                                         net626 (net)
                 14.67    0.09  924.97 v output626/A (BUFx2_ASAP7_75t_R)
     1    0.89    7.76   20.70  945.67 v output626/Y (BUFx2_ASAP7_75t_R)
                                         link_o[62] (net)
                  7.76    0.09  945.75 v link_o[62] (out)
                                945.75   data arrival time

                       1250.00 1250.00   clock clk (rise edge)
                          0.00 1250.00   clock network delay (propagated)
                        -20.00 1230.00   clock uncertainty
                          0.00 1230.00   clock reconvergence pessimism
                       -250.00  980.00   output external delay
                                980.00   data required time
-----------------------------------------------------------------------------
                                980.00   data required time
                               -945.75   data arrival time
-----------------------------------------------------------------------------
                                 34.25   slack (MET)



==========================================================================
cts final report_check_types -max_slew -max_cap -max_fanout -violators
--------------------------------------------------------------------------

==========================================================================
cts final max_slew_check_slack
--------------------------------------------------------------------------
43.34297561645508

==========================================================================
cts final max_slew_check_limit
--------------------------------------------------------------------------
125.0

==========================================================================
cts final max_slew_check_slack_limit
--------------------------------------------------------------------------
0.3467

==========================================================================
cts final max_fanout_check_slack
--------------------------------------------------------------------------
0.0

==========================================================================
cts final max_fanout_check_limit
--------------------------------------------------------------------------
20.0

==========================================================================
cts final max_fanout_check_slack_limit
--------------------------------------------------------------------------
0.0000

==========================================================================
cts final max_capacitance_check_slack
--------------------------------------------------------------------------
20.07512092590332

==========================================================================
cts final max_capacitance_check_limit
--------------------------------------------------------------------------
23.040000915527344

==========================================================================
cts final max_capacitance_check_slack_limit
--------------------------------------------------------------------------
0.8713

==========================================================================
cts final max_slew_violation_count
--------------------------------------------------------------------------
max slew violation count 0

==========================================================================
cts final max_fanout_violation_count
--------------------------------------------------------------------------
max fanout violation count 0

==========================================================================
cts final max_cap_violation_count
--------------------------------------------------------------------------
max cap violation count 0

==========================================================================
cts final setup_violation_count
--------------------------------------------------------------------------
setup violation count 0

==========================================================================
cts final hold_violation_count
--------------------------------------------------------------------------
hold violation count 0

==========================================================================
cts final report_checks -path_delay max reg to reg
--------------------------------------------------------------------------
Startpoint: _26350_ (rising edge-triggered flip-flop clocked by clk)
Endpoint: rof[3].fi.fifo.unhardened.un.fifo.ft.rptr.o[0]$_SDFFE_PP0P_
          (rising edge-triggered flip-flop clocked by clk)
Path Group: clk
Path Type: max

  Delay    Time   Description
---------------------------------------------------------
   0.00    0.00   clock clk (rise edge)
   0.00    0.00   clock source latency
   0.00    0.00 ^ clk_i (in)
  41.54   41.54 ^ clkbuf_0_clk_i/Y (BUFx16f_ASAP7_75t_R)
  40.57   82.11 ^ clkbuf_2_0_0_clk_i/Y (BUFx24_ASAP7_75t_R)
  29.73  111.83 ^ clkbuf_4_2__f_clk_i/Y (BUFx16f_ASAP7_75t_R)
  32.24  144.08 ^ clkbuf_leaf_10_clk_i/Y (BUFx24_ASAP7_75t_R)
   0.90  144.98 ^ _26350_/CLK (DFFHQNx1_ASAP7_75t_R)
  85.16  230.13 ^ _26350_/QN (DFFHQNx1_ASAP7_75t_R)
  51.76  281.89 ^ place2668/Y (BUFx3_ASAP7_75t_R)
  46.87  328.76 ^ place2667/Y (BUFx3_ASAP7_75t_R)
  45.80  374.55 ^ place2666/Y (BUFx3_ASAP7_75t_R)
  13.59  388.14 v _14408_/Y (NAND2x1_ASAP7_75t_R)
  36.76  424.90 v _14411_/Y (OA211x2_ASAP7_75t_R)
  22.81  447.71 v _14412_/Y (AO21x1_ASAP7_75t_R)
  36.62  484.32 v _14422_/Y (OA21x2_ASAP7_75t_R)
  40.29  524.62 v _26299_/SN (HAxp5_ASAP7_75t_R)
  45.39  570.01 v _14885_/Y (OR3x1_ASAP7_75t_R)
  51.16  621.17 v _14887_/Y (OR3x1_ASAP7_75t_R)
  38.47  659.64 v _14888_/Y (OA22x2_ASAP7_75t_R)
  24.60  684.24 v _15139_/Y (OA21x2_ASAP7_75t_R)
  22.01  706.25 v _15140_/Y (OA21x2_ASAP7_75t_R)
  45.07  751.32 v _15141_/Y (OA21x2_ASAP7_75t_R)
  46.09  797.41 v place2111/Y (BUFx3_ASAP7_75t_R)
  39.72  837.13 v _15142_/Y (AO22x1_ASAP7_75t_R)
  28.43  865.56 v place2077/Y (BUFx3_ASAP7_75t_R)
  37.09  902.65 ^ _15147_/Y (XNOR2x2_ASAP7_75t_R)
  23.06  925.72 ^ _15148_/Y (AND2x2_ASAP7_75t_R)
   0.06  925.78 ^ rof[3].fi.fifo.unhardened.un.fifo.ft.rptr.o[0]$_SDFFE_PP0P_/D (DFFHQNx1_ASAP7_75t_R)
         925.78   data arrival time

1250.00 1250.00   clock clk (rise edge)
   0.00 1250.00   clock source latency
   0.00 1250.00 ^ clk_i (in)
  38.95 1288.95 ^ clkbuf_0_clk_i/Y (BUFx16f_ASAP7_75t_R)
  37.75 1326.70 ^ clkbuf_2_2_0_clk_i/Y (BUFx24_ASAP7_75t_R)
  26.96 1353.66 ^ clkbuf_4_8__f_clk_i/Y (BUFx16f_ASAP7_75t_R)
  28.84 1382.49 ^ clkbuf_leaf_28_clk_i/Y (BUFx24_ASAP7_75t_R)
   0.61 1383.10 ^ rof[3].fi.fifo.unhardened.un.fifo.ft.rptr.o[0]$_SDFFE_PP0P_/CLK (DFFHQNx1_ASAP7_75t_R)
 -20.00 1363.10   clock uncertainty
   2.59 1365.69   clock reconvergence pessimism
 -10.71 1354.98   library setup time
        1354.98   data required time
---------------------------------------------------------
        1354.98   data required time
        -925.78   data arrival time
---------------------------------------------------------
         429.20   slack (MET)



==========================================================================
cts final report_checks -path_delay min reg to reg
--------------------------------------------------------------------------
Startpoint: rof[0].fi.fifo.unhardened.un.fifo.ft.deq_r$_SDFFE_PP1P_
            (rising edge-triggered flip-flop clocked by clk)
Endpoint: rof[0].fi.fifo.unhardened.un.fifo.ft.deq_r$_SDFFE_PP1P_
          (rising edge-triggered flip-flop clocked by clk)
Path Group: clk
Path Type: min

  Delay    Time   Description
---------------------------------------------------------
   0.00    0.00   clock clk (rise edge)
   0.00    0.00   clock source latency
   0.00    0.00 ^ clk_i (in)
  38.95   38.95 ^ clkbuf_0_clk_i/Y (BUFx16f_ASAP7_75t_R)
  36.39   75.35 ^ clkbuf_2_1_0_clk_i/Y (BUFx24_ASAP7_75t_R)
  26.92  102.27 ^ clkbuf_4_6__f_clk_i/Y (BUFx16f_ASAP7_75t_R)
  32.68  134.95 ^ clkbuf_leaf_82_clk_i/Y (BUFx24_ASAP7_75t_R)
   0.88  135.83 ^ rof[0].fi.fifo.unhardened.un.fifo.ft.deq_r$_SDFFE_PP1P_/CLK (DFFHQNx1_ASAP7_75t_R)
  51.27  187.10 ^ rof[0].fi.fifo.unhardened.un.fifo.ft.deq_r$_SDFFE_PP1P_/QN (DFFHQNx1_ASAP7_75t_R)
  24.09  211.19 ^ _20970_/Y (OA21x2_ASAP7_75t_R)
   7.38  218.57 v _20971_/Y (NAND2x1_ASAP7_75t_R)
   0.02  218.59 v rof[0].fi.fifo.unhardened.un.fifo.ft.deq_r$_SDFFE_PP1P_/D (DFFHQNx1_ASAP7_75t_R)
         218.59   data arrival time

   0.00    0.00   clock clk (rise edge)
   0.00    0.00   clock source latency
   0.00    0.00 ^ clk_i (in)
  41.54   41.54 ^ clkbuf_0_clk_i/Y (BUFx16f_ASAP7_75t_R)
  38.97   80.51 ^ clkbuf_2_1_0_clk_i/Y (BUFx24_ASAP7_75t_R)
  29.55  110.06 ^ clkbuf_4_6__f_clk_i/Y (BUFx16f_ASAP7_75t_R)
  35.59  145.65 ^ clkbuf_leaf_82_clk_i/Y (BUFx24_ASAP7_75t_R)
   1.08  146.73 ^ rof[0].fi.fifo.unhardened.un.fifo.ft.deq_r$_SDFFE_PP1P_/CLK (DFFHQNx1_ASAP7_75t_R)
  20.00  166.73   clock uncertainty
 -10.90  155.83   clock reconvergence pessimism
  13.42  169.25   library hold time
         169.25   data required time
---------------------------------------------------------
         169.25   data required time
        -218.59   data arrival time
---------------------------------------------------------
          49.34   slack (MET)



==========================================================================
cts final critical path target clock latency max path
--------------------------------------------------------------------------
133.0997

==========================================================================
cts final critical path target clock latency min path
--------------------------------------------------------------------------
144.3225

==========================================================================
cts final critical path source clock latency min path
--------------------------------------------------------------------------
0.0000

==========================================================================
cts final critical path delay
--------------------------------------------------------------------------
945.7545

==========================================================================
cts final critical path slack
--------------------------------------------------------------------------
34.2455

==========================================================================
cts final slack div critical path delay
--------------------------------------------------------------------------
3.620971

==========================================================================
cts final report_power
--------------------------------------------------------------------------
Group                  Internal  Switching    Leakage      Total
                          Power      Power      Power      Power (Watts)
----------------------------------------------------------------
Sequential             4.35e-03   7.75e-04   5.90e-07   5.12e-03  39.6%
Combinational          2.96e-03   2.72e-03   1.02e-06   5.68e-03  43.9%
Clock                  1.27e-03   8.50e-04   1.15e-07   2.12e-03  16.4%
Macro                  0.00e+00   0.00e+00   0.00e+00   0.00e+00   0.0%
Pad                    0.00e+00   0.00e+00   0.00e+00   0.00e+00   0.0%
----------------------------------------------------------------
Total                  8.58e-03   4.35e-03   1.73e-06   1.29e-02 100.0%
                          66.3%      33.6%       0.0%
