
==========================================================================
detailed place report_tns
--------------------------------------------------------------------------
tns max 0.00

==========================================================================
detailed place report_wns
--------------------------------------------------------------------------
wns max 0.00

==========================================================================
detailed place report_worst_slack
--------------------------------------------------------------------------
worst slack max 10.32

==========================================================================
detailed place report_clock_min_period
--------------------------------------------------------------------------
clk period_min = 1239.68 fmax = 806.66

==========================================================================
detailed place report_checks -path_delay min
--------------------------------------------------------------------------
Startpoint: rof[0].fi.fifo.unhardened.un.fifo.ft.enq_r$_SDFFE_PP0P_
            (rising edge-triggered flip-flop clocked by clk)
Endpoint: rof[0].fi.fifo.unhardened.un.fifo.ft.enq_r$_SDFFE_PP0P_
          (rising edge-triggered flip-flop clocked by clk)
Path Group: clk
Path Type: min

Fanout     Cap    Slew   Delay    Time   Description
-----------------------------------------------------------------------------
                 10.00    0.00    0.00   clock clk (rise edge)
                          0.00    0.00   clock network delay (ideal)
                 10.00    0.00    0.00 ^ rof[0].fi.fifo.unhardened.un.fifo.ft.enq_r$_SDFFE_PP0P_/CLK (DFFHQNx1_ASAP7_75t_R)
     2    0.94   19.66   50.11   50.11 ^ rof[0].fi.fifo.unhardened.un.fifo.ft.enq_r$_SDFFE_PP0P_/QN (DFFHQNx1_ASAP7_75t_R)
                                         _00033_ (net)
                 19.66    0.04   50.14 ^ _21795_/A (OR3x1_ASAP7_75t_R)
     1    0.93   11.60   18.63   68.78 ^ _21795_/Y (OR3x1_ASAP7_75t_R)
                                         _07312_ (net)
                 11.60    0.04   68.81 ^ _21796_/A2 (AOI21x1_ASAP7_75t_R)
     1    0.65   10.19    9.12   77.93 v _21796_/Y (AOI21x1_ASAP7_75t_R)
                                         _05450_ (net)
                 10.19    0.03   77.96 v rof[0].fi.fifo.unhardened.un.fifo.ft.enq_r$_SDFFE_PP0P_/D (DFFHQNx1_ASAP7_75t_R)
                                 77.96   data arrival time

                 10.00    0.00    0.00   clock clk (rise edge)
                          0.00    0.00   clock network delay (ideal)
                         20.00   20.00   clock uncertainty
                          0.00   20.00   clock reconvergence pessimism
                                 20.00 ^ rof[0].fi.fifo.unhardened.un.fifo.ft.enq_r$_SDFFE_PP0P_/CLK (DFFHQNx1_ASAP7_75t_R)
                         11.51   31.51   library hold time
                                 31.51   data required time
-----------------------------------------------------------------------------
                                 31.51   data required time
                                -77.96   data arrival time
-----------------------------------------------------------------------------
                                 46.46   slack (MET)



==========================================================================
detailed place report_checks -path_delay max
--------------------------------------------------------------------------
Startpoint: router_id_val_i[2] (input port clocked by clk)
Endpoint: link_o[199] (output port clocked by clk)
Path Group: clk
Path Type: max

Fanout     Cap    Slew   Delay    Time   Description
-----------------------------------------------------------------------------
                 10.00    0.00    0.00   clock clk (rise edge)
                          0.00    0.00   clock network delay (ideal)
                        250.00  250.00 v input external delay
     1    3.74   28.78   12.97  262.97 v router_id_val_i[2] (in)
                                         router_id_val_i[2] (net)
                 28.96    0.00  262.97 v input340/A (BUFx2_ASAP7_75t_R)
     6    9.63   40.04   40.43  303.40 v input340/Y (BUFx2_ASAP7_75t_R)
                                         net340 (net)
                 40.08    0.90  304.29 v _21851_/A (XOR2x2_ASAP7_75t_R)
     2    2.57   18.27   45.19  349.49 ^ _21851_/Y (XOR2x2_ASAP7_75t_R)
                                         bmr.dor[1].dor_decoder.z_mix[2] (net)
                 18.27    0.08  349.57 ^ _27049_/B (HAxp5_ASAP7_75t_R)
     1    1.02   25.47   17.72  367.29 v _27049_/CON (HAxp5_ASAP7_75t_R)
                                         _02850_ (net)
     1    0.64   21.62   13.49  380.78 ^ _27049_/SN (HAxp5_ASAP7_75t_R)
                                         _02851_ (net)
                 21.62    0.02  380.80 ^ _21847_/A (INVx1_ASAP7_75t_R)
     1    1.14   13.13   12.29  393.09 v _21847_/Y (INVx1_ASAP7_75t_R)
                                         _02714_ (net)
                 13.13    0.07  393.16 v _26977_/B (HAxp5_ASAP7_75t_R)
     1    1.04   31.65   17.19  410.35 ^ _26977_/CON (HAxp5_ASAP7_75t_R)
                                         _02715_ (net)
     1    0.86   25.56   15.93  426.28 v _26977_/SN (HAxp5_ASAP7_75t_R)
                                         _02716_ (net)
                 25.56    0.05  426.33 v _15999_/A (INVx1_ASAP7_75t_R)
     1    2.16   25.23   19.89  446.22 ^ _15999_/Y (INVx1_ASAP7_75t_R)
                                         _02678_ (net)
                 25.23    0.12  446.34 ^ _26968_/B (FAx1_ASAP7_75t_R)
     1    1.14   28.83   24.52  470.86 v _26968_/CON (FAx1_ASAP7_75t_R)
                                         _02680_ (net)
     1    0.78   37.00   19.19  490.05 ^ _26968_/SN (FAx1_ASAP7_75t_R)
                                         _02681_ (net)
                 37.00    0.04  490.09 ^ _26950_/A (INVx1_ASAP7_75t_R)
     1    1.09   16.30   15.04  505.12 v _26950_/Y (INVx1_ASAP7_75t_R)
                                         _02682_ (net)
                 16.30    0.06  505.18 v _27031_/B (HAxp5_ASAP7_75t_R)
     1    0.76   23.16   31.82  537.01 v _27031_/SN (HAxp5_ASAP7_75t_R)
                                         _02821_ (net)
                 23.16    0.04  537.04 v _15511_/A (OR4x1_ASAP7_75t_R)
     2    1.73   21.79   41.16  578.20 v _15511_/Y (OR4x1_ASAP7_75t_R)
                                         _12867_ (net)
                 21.80    0.08  578.28 v _15514_/B (OR2x2_ASAP7_75t_R)
     1    1.38   10.96   27.70  605.98 v _15514_/Y (OR2x2_ASAP7_75t_R)
                                         _12870_ (net)
                 10.97    0.07  606.05 v _15515_/C (NOR3x1_ASAP7_75t_R)
     2    1.92   26.53   18.53  624.58 ^ _15515_/Y (NOR3x1_ASAP7_75t_R)
                                         _12871_ (net)
                 26.53    0.08  624.67 ^ _15516_/C (NOR3x1_ASAP7_75t_R)
     3    1.72   24.16   22.56  647.22 v _15516_/Y (NOR3x1_ASAP7_75t_R)
                                         _12872_ (net)
                 24.16    0.12  647.34 v _15531_/C (OR4x2_ASAP7_75t_R)
     2    3.91   26.79   55.92  703.25 v _15531_/Y (OR4x2_ASAP7_75t_R)
                                         _12887_ (net)
                 26.79    0.18  703.44 v _15540_/A (NAND3x2_ASAP7_75t_R)
     5    3.34   30.70   21.39  724.83 ^ _15540_/Y (NAND3x2_ASAP7_75t_R)
                                         _12896_ (net)
                 30.70    0.22  725.04 ^ _15641_/A (OR4x2_ASAP7_75t_R)
     4    3.68   20.37   27.95  752.99 ^ _15641_/Y (OR4x2_ASAP7_75t_R)
                                         _12997_ (net)
                 20.38    0.10  753.09 ^ _26623_/A1 (AOI221x1_ASAP7_75t_R)
     4    6.64   97.07   54.55  807.64 v _26623_/Y (AOI221x1_ASAP7_75t_R)
                                         _11923_ (net)
                 97.09    0.74  808.38 v place2150/A (BUFx3_ASAP7_75t_R)
    18   16.39   50.37   51.98  860.35 v place2150/Y (BUFx3_ASAP7_75t_R)
                                         net2150 (net)
                 60.59   11.72  872.08 v _26729_/A2 (AO222x2_ASAP7_75t_R)
     1    0.77   13.49   52.84  924.91 v _26729_/Y (AO222x2_ASAP7_75t_R)
                                         _11988_ (net)
                 13.49    0.04  924.96 v _26730_/B (AO21x2_ASAP7_75t_R)
     1    0.72   10.05   25.78  950.73 v _26730_/Y (AO21x2_ASAP7_75t_R)
                                         net453 (net)
                 10.05    0.04  950.77 v output453/A (BUFx2_ASAP7_75t_R)
     1    0.82    7.50   18.84  969.61 v output453/Y (BUFx2_ASAP7_75t_R)
                                         link_o[199] (net)
                  7.50    0.07  969.68 v link_o[199] (out)
                                969.68   data arrival time

                 10.00 1250.00 1250.00   clock clk (rise edge)
                          0.00 1250.00   clock network delay (ideal)
                        -20.00 1230.00   clock uncertainty
                          0.00 1230.00   clock reconvergence pessimism
                       -250.00  980.00   output external delay
                                980.00   data required time
-----------------------------------------------------------------------------
                                980.00   data required time
                               -969.68   data arrival time
-----------------------------------------------------------------------------
                                 10.32   slack (MET)



==========================================================================
detailed place report_checks -unconstrained
--------------------------------------------------------------------------
Startpoint: router_id_val_i[2] (input port clocked by clk)
Endpoint: link_o[199] (output port clocked by clk)
Path Group: clk
Path Type: max

Fanout     Cap    Slew   Delay    Time   Description
-----------------------------------------------------------------------------
                 10.00    0.00    0.00   clock clk (rise edge)
                          0.00    0.00   clock network delay (ideal)
                        250.00  250.00 v input external delay
     1    3.74   28.78   12.97  262.97 v router_id_val_i[2] (in)
                                         router_id_val_i[2] (net)
                 28.96    0.00  262.97 v input340/A (BUFx2_ASAP7_75t_R)
     6    9.63   40.04   40.43  303.40 v input340/Y (BUFx2_ASAP7_75t_R)
                                         net340 (net)
                 40.08    0.90  304.29 v _21851_/A (XOR2x2_ASAP7_75t_R)
     2    2.57   18.27   45.19  349.49 ^ _21851_/Y (XOR2x2_ASAP7_75t_R)
                                         bmr.dor[1].dor_decoder.z_mix[2] (net)
                 18.27    0.08  349.57 ^ _27049_/B (HAxp5_ASAP7_75t_R)
     1    1.02   25.47   17.72  367.29 v _27049_/CON (HAxp5_ASAP7_75t_R)
                                         _02850_ (net)
     1    0.64   21.62   13.49  380.78 ^ _27049_/SN (HAxp5_ASAP7_75t_R)
                                         _02851_ (net)
                 21.62    0.02  380.80 ^ _21847_/A (INVx1_ASAP7_75t_R)
     1    1.14   13.13   12.29  393.09 v _21847_/Y (INVx1_ASAP7_75t_R)
                                         _02714_ (net)
                 13.13    0.07  393.16 v _26977_/B (HAxp5_ASAP7_75t_R)
     1    1.04   31.65   17.19  410.35 ^ _26977_/CON (HAxp5_ASAP7_75t_R)
                                         _02715_ (net)
     1    0.86   25.56   15.93  426.28 v _26977_/SN (HAxp5_ASAP7_75t_R)
                                         _02716_ (net)
                 25.56    0.05  426.33 v _15999_/A (INVx1_ASAP7_75t_R)
     1    2.16   25.23   19.89  446.22 ^ _15999_/Y (INVx1_ASAP7_75t_R)
                                         _02678_ (net)
                 25.23    0.12  446.34 ^ _26968_/B (FAx1_ASAP7_75t_R)
     1    1.14   28.83   24.52  470.86 v _26968_/CON (FAx1_ASAP7_75t_R)
                                         _02680_ (net)
     1    0.78   37.00   19.19  490.05 ^ _26968_/SN (FAx1_ASAP7_75t_R)
                                         _02681_ (net)
                 37.00    0.04  490.09 ^ _26950_/A (INVx1_ASAP7_75t_R)
     1    1.09   16.30   15.04  505.12 v _26950_/Y (INVx1_ASAP7_75t_R)
                                         _02682_ (net)
                 16.30    0.06  505.18 v _27031_/B (HAxp5_ASAP7_75t_R)
     1    0.76   23.16   31.82  537.01 v _27031_/SN (HAxp5_ASAP7_75t_R)
                                         _02821_ (net)
                 23.16    0.04  537.04 v _15511_/A (OR4x1_ASAP7_75t_R)
     2    1.73   21.79   41.16  578.20 v _15511_/Y (OR4x1_ASAP7_75t_R)
                                         _12867_ (net)
                 21.80    0.08  578.28 v _15514_/B (OR2x2_ASAP7_75t_R)
     1    1.38   10.96   27.70  605.98 v _15514_/Y (OR2x2_ASAP7_75t_R)
                                         _12870_ (net)
                 10.97    0.07  606.05 v _15515_/C (NOR3x1_ASAP7_75t_R)
     2    1.92   26.53   18.53  624.58 ^ _15515_/Y (NOR3x1_ASAP7_75t_R)
                                         _12871_ (net)
                 26.53    0.08  624.67 ^ _15516_/C (NOR3x1_ASAP7_75t_R)
     3    1.72   24.16   22.56  647.22 v _15516_/Y (NOR3x1_ASAP7_75t_R)
                                         _12872_ (net)
                 24.16    0.12  647.34 v _15531_/C (OR4x2_ASAP7_75t_R)
     2    3.91   26.79   55.92  703.25 v _15531_/Y (OR4x2_ASAP7_75t_R)
                                         _12887_ (net)
                 26.79    0.18  703.44 v _15540_/A (NAND3x2_ASAP7_75t_R)
     5    3.34   30.70   21.39  724.83 ^ _15540_/Y (NAND3x2_ASAP7_75t_R)
                                         _12896_ (net)
                 30.70    0.22  725.04 ^ _15641_/A (OR4x2_ASAP7_75t_R)
     4    3.68   20.37   27.95  752.99 ^ _15641_/Y (OR4x2_ASAP7_75t_R)
                                         _12997_ (net)
                 20.38    0.10  753.09 ^ _26623_/A1 (AOI221x1_ASAP7_75t_R)
     4    6.64   97.07   54.55  807.64 v _26623_/Y (AOI221x1_ASAP7_75t_R)
                                         _11923_ (net)
                 97.09    0.74  808.38 v place2150/A (BUFx3_ASAP7_75t_R)
    18   16.39   50.37   51.98  860.35 v place2150/Y (BUFx3_ASAP7_75t_R)
                                         net2150 (net)
                 60.59   11.72  872.08 v _26729_/A2 (AO222x2_ASAP7_75t_R)
     1    0.77   13.49   52.84  924.91 v _26729_/Y (AO222x2_ASAP7_75t_R)
                                         _11988_ (net)
                 13.49    0.04  924.96 v _26730_/B (AO21x2_ASAP7_75t_R)
     1    0.72   10.05   25.78  950.73 v _26730_/Y (AO21x2_ASAP7_75t_R)
                                         net453 (net)
                 10.05    0.04  950.77 v output453/A (BUFx2_ASAP7_75t_R)
     1    0.82    7.50   18.84  969.61 v output453/Y (BUFx2_ASAP7_75t_R)
                                         link_o[199] (net)
                  7.50    0.07  969.68 v link_o[199] (out)
                                969.68   data arrival time

                 10.00 1250.00 1250.00   clock clk (rise edge)
                          0.00 1250.00   clock network delay (ideal)
                        -20.00 1230.00   clock uncertainty
                          0.00 1230.00   clock reconvergence pessimism
                       -250.00  980.00   output external delay
                                980.00   data required time
-----------------------------------------------------------------------------
                                980.00   data required time
                               -969.68   data arrival time
-----------------------------------------------------------------------------
                                 10.32   slack (MET)



==========================================================================
detailed place report_check_types -max_slew -max_cap -max_fanout -violators
--------------------------------------------------------------------------

==========================================================================
detailed place max_slew_check_slack
--------------------------------------------------------------------------
27.5510311126709

==========================================================================
detailed place max_slew_check_limit
--------------------------------------------------------------------------
125.0

==========================================================================
detailed place max_slew_check_slack_limit
--------------------------------------------------------------------------
0.2204

==========================================================================
detailed place max_fanout_check_slack
--------------------------------------------------------------------------
0.0

==========================================================================
detailed place max_fanout_check_limit
--------------------------------------------------------------------------
20.0

==========================================================================
detailed place max_fanout_check_slack_limit
--------------------------------------------------------------------------
0.0000

==========================================================================
detailed place max_capacitance_check_slack
--------------------------------------------------------------------------
19.293371200561523

==========================================================================
detailed place max_capacitance_check_limit
--------------------------------------------------------------------------
23.040000915527344

==========================================================================
detailed place max_capacitance_check_slack_limit
--------------------------------------------------------------------------
0.8374

==========================================================================
detailed place max_slew_violation_count
--------------------------------------------------------------------------
max slew violation count 0

==========================================================================
detailed place max_fanout_violation_count
--------------------------------------------------------------------------
max fanout violation count 0

==========================================================================
detailed place max_cap_violation_count
--------------------------------------------------------------------------
max cap violation count 0

==========================================================================
detailed place setup_violation_count
--------------------------------------------------------------------------
setup violation count 0

==========================================================================
detailed place hold_violation_count
--------------------------------------------------------------------------
hold violation count 0

==========================================================================
detailed place report_checks -path_delay max reg to reg
--------------------------------------------------------------------------
Startpoint: _27059_ (rising edge-triggered flip-flop clocked by clk)
Endpoint: rof[3].fi.fifo.unhardened.un.fifo.ft.deq_r$_SDFFE_PP1P_
          (rising edge-triggered flip-flop clocked by clk)
Path Group: clk
Path Type: max

  Delay    Time   Description
---------------------------------------------------------
   0.00    0.00   clock clk (rise edge)
   0.00    0.00   clock network delay (ideal)
   0.00    0.00 ^ _27059_/CLK (DFFHQNx1_ASAP7_75t_R)
  81.87   81.87 ^ _27059_/QN (DFFHQNx1_ASAP7_75t_R)
  52.42  134.29 ^ place2767/Y (BUFx3_ASAP7_75t_R)
  13.63  147.92 v _15068_/Y (NAND2x1_ASAP7_75t_R)
  36.15  184.07 v _15071_/Y (OA211x2_ASAP7_75t_R)
  23.52  207.59 v _15072_/Y (AO21x1_ASAP7_75t_R)
  39.42  247.01 v _15082_/Y (OA21x2_ASAP7_75t_R)
  57.12  304.14 ^ _15083_/Y (XOR2x2_ASAP7_75t_R)
  19.41  323.55 v _27052_/CON (HAxp5_ASAP7_75t_R)
  14.12  337.67 ^ _27052_/SN (HAxp5_ASAP7_75t_R)
  12.52  350.18 v _26948_/Y (INVx1_ASAP7_75t_R)
  17.61  367.79 ^ _26991_/CON (HAxp5_ASAP7_75t_R)
  15.71  383.50 v _26991_/SN (HAxp5_ASAP7_75t_R)
  19.49  403.00 ^ _16011_/Y (INVx1_ASAP7_75t_R)
  23.64  426.64 v _26971_/CON (FAx1_ASAP7_75t_R)
  18.90  445.55 ^ _26971_/SN (FAx1_ASAP7_75t_R)
  15.34  460.89 v _26938_/Y (INVx1_ASAP7_75t_R)
  24.62  485.51 ^ _27041_/CON (HAxp5_ASAP7_75t_R)
  16.52  502.03 v _27041_/SN (HAxp5_ASAP7_75t_R)
  43.82  545.85 v _15559_/Y (OR4x1_ASAP7_75t_R)
  45.85  591.70 v _15562_/Y (OR4x1_ASAP7_75t_R)
  25.18  616.87 ^ _15581_/Y (NAND3x1_ASAP7_75t_R)
  31.15  648.03 ^ _15749_/Y (OR4x1_ASAP7_75t_R)
  27.74  675.77 ^ _15930_/Y (AND3x1_ASAP7_75t_R)
  58.05  733.82 ^ _15933_/Y (AND4x2_ASAP7_75t_R)
  46.07  779.88 ^ place2166/Y (BUFx3_ASAP7_75t_R)
  40.03  819.91 v _15939_/Y (AOI22x1_ASAP7_75t_R)
  52.70  872.61 v _21816_/Y (OA211x2_ASAP7_75t_R)
  10.16  882.77 ^ _21817_/Y (INVx1_ASAP7_75t_R)
   0.05  882.82 ^ rof[3].fi.fifo.unhardened.un.fifo.ft.deq_r$_SDFFE_PP1P_/D (DFFHQNx1_ASAP7_75t_R)
         882.82   data arrival time

1250.00 1250.00   clock clk (rise edge)
   0.00 1250.00   clock network delay (ideal)
 -20.00 1230.00   clock uncertainty
   0.00 1230.00   clock reconvergence pessimism
        1230.00 ^ rof[3].fi.fifo.unhardened.un.fifo.ft.deq_r$_SDFFE_PP1P_/CLK (DFFHQNx1_ASAP7_75t_R)
 -10.38 1219.62   library setup time
        1219.62   data required time
---------------------------------------------------------
        1219.62   data required time
        -882.82   data arrival time
---------------------------------------------------------
         336.80   slack (MET)



==========================================================================
detailed place report_checks -path_delay min reg to reg
--------------------------------------------------------------------------
Startpoint: rof[0].fi.fifo.unhardened.un.fifo.ft.enq_r$_SDFFE_PP0P_
            (rising edge-triggered flip-flop clocked by clk)
Endpoint: rof[0].fi.fifo.unhardened.un.fifo.ft.enq_r$_SDFFE_PP0P_
          (rising edge-triggered flip-flop clocked by clk)
Path Group: clk
Path Type: min

  Delay    Time   Description
---------------------------------------------------------
   0.00    0.00   clock clk (rise edge)
   0.00    0.00   clock network delay (ideal)
   0.00    0.00 ^ rof[0].fi.fifo.unhardened.un.fifo.ft.enq_r$_SDFFE_PP0P_/CLK (DFFHQNx1_ASAP7_75t_R)
  50.11   50.11 ^ rof[0].fi.fifo.unhardened.un.fifo.ft.enq_r$_SDFFE_PP0P_/QN (DFFHQNx1_ASAP7_75t_R)
  18.67   68.78 ^ _21795_/Y (OR3x1_ASAP7_75t_R)
   9.15   77.93 v _21796_/Y (AOI21x1_ASAP7_75t_R)
   0.03   77.96 v rof[0].fi.fifo.unhardened.un.fifo.ft.enq_r$_SDFFE_PP0P_/D (DFFHQNx1_ASAP7_75t_R)
          77.96   data arrival time

   0.00    0.00   clock clk (rise edge)
   0.00    0.00   clock network delay (ideal)
  20.00   20.00   clock uncertainty
   0.00   20.00   clock reconvergence pessimism
          20.00 ^ rof[0].fi.fifo.unhardened.un.fifo.ft.enq_r$_SDFFE_PP0P_/CLK (DFFHQNx1_ASAP7_75t_R)
  11.51   31.51   library hold time
          31.51   data required time
---------------------------------------------------------
          31.51   data required time
         -77.96   data arrival time
---------------------------------------------------------
          46.46   slack (MET)



==========================================================================
detailed place critical path target clock latency max path
--------------------------------------------------------------------------
0.0000

==========================================================================
detailed place critical path target clock latency min path
--------------------------------------------------------------------------
0.0000

==========================================================================
detailed place critical path source clock latency min path
--------------------------------------------------------------------------
0.0000

==========================================================================
detailed place critical path delay
--------------------------------------------------------------------------
969.6823

==========================================================================
detailed place critical path slack
--------------------------------------------------------------------------
10.3177

==========================================================================
detailed place slack div critical path delay
--------------------------------------------------------------------------
1.064029

==========================================================================
detailed place report_power
--------------------------------------------------------------------------
Group                  Internal  Switching    Leakage      Total
                          Power      Power      Power      Power (Watts)
----------------------------------------------------------------
Sequential             4.42e-03   7.72e-04   5.90e-07   5.20e-03  42.3%
Combinational          3.75e-03   3.34e-03   1.05e-06   7.09e-03  57.7%
Clock                  0.00e+00   0.00e+00   0.00e+00   0.00e+00   0.0%
Macro                  0.00e+00   0.00e+00   0.00e+00   0.00e+00   0.0%
Pad                    0.00e+00   0.00e+00   0.00e+00   0.00e+00   0.0%
----------------------------------------------------------------
Total                  8.17e-03   4.11e-03   1.64e-06   1.23e-02 100.0%
                          66.5%      33.5%       0.0%
