
==========================================================================
global route report_tns
--------------------------------------------------------------------------
tns max -308.79

==========================================================================
global route report_wns
--------------------------------------------------------------------------
wns max -7.99

==========================================================================
global route report_worst_slack
--------------------------------------------------------------------------
worst slack max -7.99

==========================================================================
global route report_clock_min_period
--------------------------------------------------------------------------
clk period_min = 1257.99 fmax = 794.92

==========================================================================
global route report_clock_skew
--------------------------------------------------------------------------
Clock clk
 129.21 source latency rof[0].fi.fifo.unhardened.un.fifo.mem_1r1w.synth.nz.mem[5][6]$_DFFE_PP_/CLK ^
-114.53 target latency _27059_/CLK ^
  20.00 clock uncertainty
  -1.19 CRPR
--------------
  33.49 setup skew


==========================================================================
global route report_checks -path_delay min
--------------------------------------------------------------------------
Startpoint: rof[1].fi.fifo.unhardened.un.fifo.ft.enq_r$_SDFFE_PP0P_
            (rising edge-triggered flip-flop clocked by clk)
Endpoint: rof[1].fi.fifo.unhardened.un.fifo.ft.enq_r$_SDFFE_PP0P_
          (rising edge-triggered flip-flop clocked by clk)
Path Group: clk
Path Type: min

Fanout     Cap    Slew   Delay    Time   Description
-----------------------------------------------------------------------------
                          0.00    0.00   clock clk (rise edge)
                          0.00    0.00   clock source latency
     1   10.61    0.00    0.00    0.00 ^ clk_i (in)
                                         clk_i (net)
                 10.67    3.37    3.37 ^ clkbuf_0_clk_i/A (BUFx16f_ASAP7_75t_R)
     4   20.11   20.62   22.30   25.67 ^ clkbuf_0_clk_i/Y (BUFx16f_ASAP7_75t_R)
                                         clknet_0_clk_i (net)
                 23.11    3.75   29.42 ^ clkbuf_2_1_0_clk_i/A (BUFx24_ASAP7_75t_R)
     4   11.88   13.98   28.66   58.08 ^ clkbuf_2_1_0_clk_i/Y (BUFx24_ASAP7_75t_R)
                                         clknet_2_1_0_clk_i (net)
                 14.88    1.76   59.85 ^ clkbuf_4_4__f_clk_i/A (BUFx16f_ASAP7_75t_R)
     9   22.01   22.40   23.78   83.63 ^ clkbuf_4_4__f_clk_i/Y (BUFx16f_ASAP7_75t_R)
                                         clknet_4_4__leaf_clk_i (net)
                 23.98    3.18   86.81 ^ clkbuf_leaf_106_clk_i/A (BUFx24_ASAP7_75t_R)
    20   11.15   13.54   28.79  115.59 ^ clkbuf_leaf_106_clk_i/Y (BUFx24_ASAP7_75t_R)
                                         clknet_leaf_106_clk_i (net)
                 14.32    1.59  117.18 ^ rof[1].fi.fifo.unhardened.un.fifo.ft.enq_r$_SDFFE_PP0P_/CLK (DFFHQNx1_ASAP7_75t_R)
     2    1.11   21.38   52.65  169.83 ^ rof[1].fi.fifo.unhardened.un.fifo.ft.enq_r$_SDFFE_PP0P_/QN (DFFHQNx1_ASAP7_75t_R)
                                         _00029_ (net)
                 21.39    0.09  169.92 ^ _21802_/A (OR3x1_ASAP7_75t_R)
     1    1.00   12.28   19.27  189.20 ^ _21802_/Y (OR3x1_ASAP7_75t_R)
                                         _07316_ (net)
                 12.28    0.09  189.29 ^ _21803_/A2 (AOI21x1_ASAP7_75t_R)
     1    0.74   10.73    9.51  198.79 v _21803_/Y (AOI21x1_ASAP7_75t_R)
                                         _05453_ (net)
                 10.73    0.05  198.84 v rof[1].fi.fifo.unhardened.un.fifo.ft.enq_r$_SDFFE_PP0P_/D (DFFHQNx1_ASAP7_75t_R)
                                198.84   data arrival time

                          0.00    0.00   clock clk (rise edge)
                          0.00    0.00   clock source latency
     1   11.26    0.00    0.00    0.00 ^ clk_i (in)
                                         clk_i (net)
                 11.80    3.72    3.72 ^ clkbuf_0_clk_i/A (BUFx16f_ASAP7_75t_R)
     4   22.46   22.31   23.13   26.85 ^ clkbuf_0_clk_i/Y (BUFx16f_ASAP7_75t_R)
                                         clknet_0_clk_i (net)
                 25.28    4.26   31.11 ^ clkbuf_2_1_0_clk_i/A (BUFx24_ASAP7_75t_R)
     4   14.46   15.58   29.85   60.96 ^ clkbuf_2_1_0_clk_i/Y (BUFx24_ASAP7_75t_R)
                                         clknet_2_1_0_clk_i (net)
                 16.76    2.17   63.13 ^ clkbuf_4_4__f_clk_i/A (BUFx16f_ASAP7_75t_R)
     9   27.28   25.56   25.40   88.54 ^ clkbuf_4_4__f_clk_i/Y (BUFx16f_ASAP7_75t_R)
                                         clknet_4_4__leaf_clk_i (net)
                 27.74    3.94   92.48 ^ clkbuf_leaf_106_clk_i/A (BUFx24_ASAP7_75t_R)
    20   13.54   15.09   30.46  122.94 ^ clkbuf_leaf_106_clk_i/Y (BUFx24_ASAP7_75t_R)
                                         clknet_leaf_106_clk_i (net)
                 16.07    1.93  124.86 ^ rof[1].fi.fifo.unhardened.un.fifo.ft.enq_r$_SDFFE_PP0P_/CLK (DFFHQNx1_ASAP7_75t_R)
                         20.00  144.86   clock uncertainty
                         -7.69  137.18   clock reconvergence pessimism
                         13.16  150.34   library hold time
                                150.34   data required time
-----------------------------------------------------------------------------
                                150.34   data required time
                               -198.84   data arrival time
-----------------------------------------------------------------------------
                                 48.49   slack (MET)



==========================================================================
global route report_checks -path_delay max
--------------------------------------------------------------------------
Startpoint: _27062_ (rising edge-triggered flip-flop clocked by clk)
Endpoint: link_o[199] (output port clocked by clk)
Path Group: clk
Path Type: max

Fanout     Cap    Slew   Delay    Time   Description
-----------------------------------------------------------------------------
                          0.00    0.00   clock clk (rise edge)
                          0.00    0.00   clock source latency
     1   11.26    0.00    0.00    0.00 ^ clk_i (in)
                                         clk_i (net)
                 11.80    3.72    3.72 ^ clkbuf_0_clk_i/A (BUFx16f_ASAP7_75t_R)
     4   22.46   22.31   23.13   26.85 ^ clkbuf_0_clk_i/Y (BUFx16f_ASAP7_75t_R)
                                         clknet_0_clk_i (net)
                 25.28    4.26   31.11 ^ clkbuf_2_1_0_clk_i/A (BUFx24_ASAP7_75t_R)
     4   14.46   15.58   29.85   60.96 ^ clkbuf_2_1_0_clk_i/Y (BUFx24_ASAP7_75t_R)
                                         clknet_2_1_0_clk_i (net)
                 16.72    2.14   63.10 ^ clkbuf_4_7__f_clk_i/A (BUFx16f_ASAP7_75t_R)
     9   27.29   25.34   26.29   89.39 ^ clkbuf_4_7__f_clk_i/Y (BUFx16f_ASAP7_75t_R)
                                         clknet_4_7__leaf_clk_i (net)
                 26.92    3.38   92.77 ^ clkbuf_leaf_96_clk_i/A (BUFx24_ASAP7_75t_R)
    20   13.63   14.97   30.37  123.14 ^ clkbuf_leaf_96_clk_i/Y (BUFx24_ASAP7_75t_R)
                                         clknet_leaf_96_clk_i (net)
                 15.60    1.55  124.69 ^ _27062_/CLK (DFFHQNx1_ASAP7_75t_R)
     3    3.54   43.42   66.22  190.92 ^ _27062_/QN (DFFHQNx1_ASAP7_75t_R)
                                         _02606_ (net)
                 43.42    0.10  191.01 ^ rebuffer2899/A (BUFx3_ASAP7_75t_R)
     2    5.26   21.11   31.83  222.85 ^ rebuffer2899/Y (BUFx3_ASAP7_75t_R)
                                         net2899 (net)
                 21.22    0.82  223.67 ^ place2751/A (BUFx12f_ASAP7_75t_R)
     5    4.44    8.55   19.79  243.46 ^ place2751/Y (BUFx12f_ASAP7_75t_R)
                                         net2751 (net)
                  8.63    0.42  243.88 ^ _15483_/B (AND2x2_ASAP7_75t_R)
     1    1.37   11.72   20.40  264.27 ^ _15483_/Y (AND2x2_ASAP7_75t_R)
                                         _12839_ (net)
                 11.73    0.09  264.37 ^ _15484_/B (AOI21x1_ASAP7_75t_R)
     1    1.09   17.50    9.74  274.11 v _15484_/Y (AOI21x1_ASAP7_75t_R)
                                         _12840_ (net)
                 17.51    0.10  274.21 v _15488_/A2 (AOI211x1_ASAP7_75t_R)
     2    4.81   74.41   39.57  313.78 ^ _15488_/Y (AOI211x1_ASAP7_75t_R)
                                         _12844_ (net)
                 74.47    1.20  314.98 ^ _21850_/A (NOR2x1_ASAP7_75t_R)
     2    2.04   33.24   31.65  346.63 v _21850_/Y (NOR2x1_ASAP7_75t_R)
                                         _07345_ (net)
                 33.24    0.23  346.86 v _21851_/B (XOR2x2_ASAP7_75t_R)
     2    3.12   20.40   45.90  392.76 ^ _21851_/Y (XOR2x2_ASAP7_75t_R)
                                         bmr.dor[1].dor_decoder.z_mix[2] (net)
                 20.41    0.25  393.01 ^ _27049_/A (HAxp5_ASAP7_75t_R)
     1    1.14   27.86   17.94  410.95 v _27049_/CON (HAxp5_ASAP7_75t_R)
                                         _02850_ (net)
     1    0.95   27.25   15.82  426.76 ^ _27049_/SN (HAxp5_ASAP7_75t_R)
                                         _02851_ (net)
                 27.25    0.10  426.86 ^ _21847_/A (INVx1_ASAP7_75t_R)
     1    1.44   16.45   14.86  441.72 v _21847_/Y (INVx1_ASAP7_75t_R)
                                         _02714_ (net)
                 16.45    0.26  441.98 v _26977_/B (HAxp5_ASAP7_75t_R)
     1    1.16   33.36   19.10  461.08 ^ _26977_/CON (HAxp5_ASAP7_75t_R)
                                         _02715_ (net)
     1    1.01   29.26   17.21  478.29 v _26977_/SN (HAxp5_ASAP7_75t_R)
                                         _02716_ (net)
                 29.26    0.12  478.41 v _15999_/A (INVx1_ASAP7_75t_R)
     1    1.79   23.30   19.31  497.72 ^ _15999_/Y (INVx1_ASAP7_75t_R)
                                         _02678_ (net)
                 23.30    0.18  497.90 ^ _26968_/CI (FAx1_ASAP7_75t_R)
     1    1.26   30.63   23.09  520.99 v _26968_/CON (FAx1_ASAP7_75t_R)
                                         _02680_ (net)
     1    0.89   40.06   20.42  541.41 ^ _26968_/SN (FAx1_ASAP7_75t_R)
                                         _02681_ (net)
                 40.06    0.06  541.47 ^ _26950_/A (INVx1_ASAP7_75t_R)
     1    1.18   17.64   16.11  557.58 v _26950_/Y (INVx1_ASAP7_75t_R)
                                         _02682_ (net)
                 17.65    0.12  557.70 v _27031_/B (HAxp5_ASAP7_75t_R)
     1    0.89   26.33   34.31  592.02 v _27031_/SN (HAxp5_ASAP7_75t_R)
                                         _02821_ (net)
                 26.33    0.09  592.10 v _15511_/A (OR4x1_ASAP7_75t_R)
     2    1.91   23.28   42.83  634.94 v _15511_/Y (OR4x1_ASAP7_75t_R)
                                         _12867_ (net)
                 23.28    0.15  635.09 v _15514_/B (OR2x2_ASAP7_75t_R)
     1    1.46   11.34   28.29  663.39 v _15514_/Y (OR2x2_ASAP7_75t_R)
                                         _12870_ (net)
                 11.35    0.15  663.53 v _15515_/C (NOR3x1_ASAP7_75t_R)
     2    2.43   29.59   20.57  684.10 ^ _15515_/Y (NOR3x1_ASAP7_75t_R)
                                         _12871_ (net)
                 29.60    0.29  684.39 ^ _15516_/A (NOR3x1_ASAP7_75t_R)
     3    1.84   23.03   19.98  704.37 v _15516_/Y (NOR3x1_ASAP7_75t_R)
                                         _12872_ (net)
                 23.04    0.25  704.62 v _15531_/B (OR4x2_ASAP7_75t_R)
     2    3.40   24.71   53.00  757.63 v _15531_/Y (OR4x2_ASAP7_75t_R)
                                         _12887_ (net)
                 24.71    0.18  757.81 v rebuffer2944/A (BUFx3_ASAP7_75t_R)
     1    1.36    8.19   23.32  781.13 v rebuffer2944/Y (BUFx3_ASAP7_75t_R)
                                         net2944 (net)
                  8.20    0.14  781.27 v _15891_/A1 (AO31x2_ASAP7_75t_R)
     2    1.94   11.77   20.00  801.27 v _15891_/Y (AO31x2_ASAP7_75t_R)
                                         _13237_ (net)
                 11.78    0.17  801.44 v _15952_/A (AND2x2_ASAP7_75t_R)
     3    2.44   13.44   24.55  825.99 v _15952_/Y (AND2x2_ASAP7_75t_R)
                                         _13284_ (net)
                 13.44    0.12  826.10 v _26628_/A (AND3x4_ASAP7_75t_R)
     4   11.16   27.59   34.24  860.35 v _26628_/Y (AND3x4_ASAP7_75t_R)
                                         _11928_ (net)
                 27.89    1.61  861.96 v place2142/A (BUFx6f_ASAP7_75t_R)
    18   16.69   27.77   29.75  891.71 v place2142/Y (BUFx6f_ASAP7_75t_R)
                                         net2142 (net)
                 31.96    5.58  897.29 v _26729_/C1 (AO222x2_ASAP7_75t_R)
     1    0.95   13.71   45.63  942.92 v _26729_/Y (AO222x2_ASAP7_75t_R)
                                         _11988_ (net)
                 13.71    0.10  943.02 v _26730_/B (AO21x2_ASAP7_75t_R)
     1    0.78   10.01   25.97  969.00 v _26730_/Y (AO21x2_ASAP7_75t_R)
                                         net453 (net)
                 10.02    0.08  969.08 v output453/A (BUFx2_ASAP7_75t_R)
     1    0.82    7.50   18.82  987.89 v output453/Y (BUFx2_ASAP7_75t_R)
                                         link_o[199] (net)
                  7.51    0.09  987.99 v link_o[199] (out)
                                987.99   data arrival time

                       1250.00 1250.00   clock clk (rise edge)
                          0.00 1250.00   clock network delay (propagated)
                        -20.00 1230.00   clock uncertainty
                          0.00 1230.00   clock reconvergence pessimism
                       -250.00  980.00   output external delay
                                980.00   data required time
-----------------------------------------------------------------------------
                                980.00   data required time
                               -987.99   data arrival time
-----------------------------------------------------------------------------
                                 -7.99   slack (VIOLATED)



==========================================================================
global route report_checks -unconstrained
--------------------------------------------------------------------------
Startpoint: _27062_ (rising edge-triggered flip-flop clocked by clk)
Endpoint: link_o[199] (output port clocked by clk)
Path Group: clk
Path Type: max

Fanout     Cap    Slew   Delay    Time   Description
-----------------------------------------------------------------------------
                          0.00    0.00   clock clk (rise edge)
                          0.00    0.00   clock source latency
     1   11.26    0.00    0.00    0.00 ^ clk_i (in)
                                         clk_i (net)
                 11.80    3.72    3.72 ^ clkbuf_0_clk_i/A (BUFx16f_ASAP7_75t_R)
     4   22.46   22.31   23.13   26.85 ^ clkbuf_0_clk_i/Y (BUFx16f_ASAP7_75t_R)
                                         clknet_0_clk_i (net)
                 25.28    4.26   31.11 ^ clkbuf_2_1_0_clk_i/A (BUFx24_ASAP7_75t_R)
     4   14.46   15.58   29.85   60.96 ^ clkbuf_2_1_0_clk_i/Y (BUFx24_ASAP7_75t_R)
                                         clknet_2_1_0_clk_i (net)
                 16.72    2.14   63.10 ^ clkbuf_4_7__f_clk_i/A (BUFx16f_ASAP7_75t_R)
     9   27.29   25.34   26.29   89.39 ^ clkbuf_4_7__f_clk_i/Y (BUFx16f_ASAP7_75t_R)
                                         clknet_4_7__leaf_clk_i (net)
                 26.92    3.38   92.77 ^ clkbuf_leaf_96_clk_i/A (BUFx24_ASAP7_75t_R)
    20   13.63   14.97   30.37  123.14 ^ clkbuf_leaf_96_clk_i/Y (BUFx24_ASAP7_75t_R)
                                         clknet_leaf_96_clk_i (net)
                 15.60    1.55  124.69 ^ _27062_/CLK (DFFHQNx1_ASAP7_75t_R)
     3    3.54   43.42   66.22  190.92 ^ _27062_/QN (DFFHQNx1_ASAP7_75t_R)
                                         _02606_ (net)
                 43.42    0.10  191.01 ^ rebuffer2899/A (BUFx3_ASAP7_75t_R)
     2    5.26   21.11   31.83  222.85 ^ rebuffer2899/Y (BUFx3_ASAP7_75t_R)
                                         net2899 (net)
                 21.22    0.82  223.67 ^ place2751/A (BUFx12f_ASAP7_75t_R)
     5    4.44    8.55   19.79  243.46 ^ place2751/Y (BUFx12f_ASAP7_75t_R)
                                         net2751 (net)
                  8.63    0.42  243.88 ^ _15483_/B (AND2x2_ASAP7_75t_R)
     1    1.37   11.72   20.40  264.27 ^ _15483_/Y (AND2x2_ASAP7_75t_R)
                                         _12839_ (net)
                 11.73    0.09  264.37 ^ _15484_/B (AOI21x1_ASAP7_75t_R)
     1    1.09   17.50    9.74  274.11 v _15484_/Y (AOI21x1_ASAP7_75t_R)
                                         _12840_ (net)
                 17.51    0.10  274.21 v _15488_/A2 (AOI211x1_ASAP7_75t_R)
     2    4.81   74.41   39.57  313.78 ^ _15488_/Y (AOI211x1_ASAP7_75t_R)
                                         _12844_ (net)
                 74.47    1.20  314.98 ^ _21850_/A (NOR2x1_ASAP7_75t_R)
     2    2.04   33.24   31.65  346.63 v _21850_/Y (NOR2x1_ASAP7_75t_R)
                                         _07345_ (net)
                 33.24    0.23  346.86 v _21851_/B (XOR2x2_ASAP7_75t_R)
     2    3.12   20.40   45.90  392.76 ^ _21851_/Y (XOR2x2_ASAP7_75t_R)
                                         bmr.dor[1].dor_decoder.z_mix[2] (net)
                 20.41    0.25  393.01 ^ _27049_/A (HAxp5_ASAP7_75t_R)
     1    1.14   27.86   17.94  410.95 v _27049_/CON (HAxp5_ASAP7_75t_R)
                                         _02850_ (net)
     1    0.95   27.25   15.82  426.76 ^ _27049_/SN (HAxp5_ASAP7_75t_R)
                                         _02851_ (net)
                 27.25    0.10  426.86 ^ _21847_/A (INVx1_ASAP7_75t_R)
     1    1.44   16.45   14.86  441.72 v _21847_/Y (INVx1_ASAP7_75t_R)
                                         _02714_ (net)
                 16.45    0.26  441.98 v _26977_/B (HAxp5_ASAP7_75t_R)
     1    1.16   33.36   19.10  461.08 ^ _26977_/CON (HAxp5_ASAP7_75t_R)
                                         _02715_ (net)
     1    1.01   29.26   17.21  478.29 v _26977_/SN (HAxp5_ASAP7_75t_R)
                                         _02716_ (net)
                 29.26    0.12  478.41 v _15999_/A (INVx1_ASAP7_75t_R)
     1    1.79   23.30   19.31  497.72 ^ _15999_/Y (INVx1_ASAP7_75t_R)
                                         _02678_ (net)
                 23.30    0.18  497.90 ^ _26968_/CI (FAx1_ASAP7_75t_R)
     1    1.26   30.63   23.09  520.99 v _26968_/CON (FAx1_ASAP7_75t_R)
                                         _02680_ (net)
     1    0.89   40.06   20.42  541.41 ^ _26968_/SN (FAx1_ASAP7_75t_R)
                                         _02681_ (net)
                 40.06    0.06  541.47 ^ _26950_/A (INVx1_ASAP7_75t_R)
     1    1.18   17.64   16.11  557.58 v _26950_/Y (INVx1_ASAP7_75t_R)
                                         _02682_ (net)
                 17.65    0.12  557.70 v _27031_/B (HAxp5_ASAP7_75t_R)
     1    0.89   26.33   34.31  592.02 v _27031_/SN (HAxp5_ASAP7_75t_R)
                                         _02821_ (net)
                 26.33    0.09  592.10 v _15511_/A (OR4x1_ASAP7_75t_R)
     2    1.91   23.28   42.83  634.94 v _15511_/Y (OR4x1_ASAP7_75t_R)
                                         _12867_ (net)
                 23.28    0.15  635.09 v _15514_/B (OR2x2_ASAP7_75t_R)
     1    1.46   11.34   28.29  663.39 v _15514_/Y (OR2x2_ASAP7_75t_R)
                                         _12870_ (net)
                 11.35    0.15  663.53 v _15515_/C (NOR3x1_ASAP7_75t_R)
     2    2.43   29.59   20.57  684.10 ^ _15515_/Y (NOR3x1_ASAP7_75t_R)
                                         _12871_ (net)
                 29.60    0.29  684.39 ^ _15516_/A (NOR3x1_ASAP7_75t_R)
     3    1.84   23.03   19.98  704.37 v _15516_/Y (NOR3x1_ASAP7_75t_R)
                                         _12872_ (net)
                 23.04    0.25  704.62 v _15531_/B (OR4x2_ASAP7_75t_R)
     2    3.40   24.71   53.00  757.63 v _15531_/Y (OR4x2_ASAP7_75t_R)
                                         _12887_ (net)
                 24.71    0.18  757.81 v rebuffer2944/A (BUFx3_ASAP7_75t_R)
     1    1.36    8.19   23.32  781.13 v rebuffer2944/Y (BUFx3_ASAP7_75t_R)
                                         net2944 (net)
                  8.20    0.14  781.27 v _15891_/A1 (AO31x2_ASAP7_75t_R)
     2    1.94   11.77   20.00  801.27 v _15891_/Y (AO31x2_ASAP7_75t_R)
                                         _13237_ (net)
                 11.78    0.17  801.44 v _15952_/A (AND2x2_ASAP7_75t_R)
     3    2.44   13.44   24.55  825.99 v _15952_/Y (AND2x2_ASAP7_75t_R)
                                         _13284_ (net)
                 13.44    0.12  826.10 v _26628_/A (AND3x4_ASAP7_75t_R)
     4   11.16   27.59   34.24  860.35 v _26628_/Y (AND3x4_ASAP7_75t_R)
                                         _11928_ (net)
                 27.89    1.61  861.96 v place2142/A (BUFx6f_ASAP7_75t_R)
    18   16.69   27.77   29.75  891.71 v place2142/Y (BUFx6f_ASAP7_75t_R)
                                         net2142 (net)
                 31.96    5.58  897.29 v _26729_/C1 (AO222x2_ASAP7_75t_R)
     1    0.95   13.71   45.63  942.92 v _26729_/Y (AO222x2_ASAP7_75t_R)
                                         _11988_ (net)
                 13.71    0.10  943.02 v _26730_/B (AO21x2_ASAP7_75t_R)
     1    0.78   10.01   25.97  969.00 v _26730_/Y (AO21x2_ASAP7_75t_R)
                                         net453 (net)
                 10.02    0.08  969.08 v output453/A (BUFx2_ASAP7_75t_R)
     1    0.82    7.50   18.82  987.89 v output453/Y (BUFx2_ASAP7_75t_R)
                                         link_o[199] (net)
                  7.51    0.09  987.99 v link_o[199] (out)
                                987.99   data arrival time

                       1250.00 1250.00   clock clk (rise edge)
                          0.00 1250.00   clock network delay (propagated)
                        -20.00 1230.00   clock uncertainty
                          0.00 1230.00   clock reconvergence pessimism
                       -250.00  980.00   output external delay
                                980.00   data required time
-----------------------------------------------------------------------------
                                980.00   data required time
                               -987.99   data arrival time
-----------------------------------------------------------------------------
                                 -7.99   slack (VIOLATED)



==========================================================================
global route report_check_types -max_slew -max_cap -max_fanout -violators
--------------------------------------------------------------------------

==========================================================================
global route max_slew_check_slack
--------------------------------------------------------------------------
23.03364372253418

==========================================================================
global route max_slew_check_limit
--------------------------------------------------------------------------
125.0

==========================================================================
global route max_slew_check_slack_limit
--------------------------------------------------------------------------
0.1843

==========================================================================
global route max_fanout_check_slack
--------------------------------------------------------------------------
0.0

==========================================================================
global route max_fanout_check_limit
--------------------------------------------------------------------------
20.0

==========================================================================
global route max_fanout_check_slack_limit
--------------------------------------------------------------------------
0.0000

==========================================================================
global route max_capacitance_check_slack
--------------------------------------------------------------------------
19.087976455688477

==========================================================================
global route max_capacitance_check_limit
--------------------------------------------------------------------------
23.040000915527344

==========================================================================
global route max_capacitance_check_slack_limit
--------------------------------------------------------------------------
0.8285

==========================================================================
global route max_slew_violation_count
--------------------------------------------------------------------------
max slew violation count 0

==========================================================================
global route max_fanout_violation_count
--------------------------------------------------------------------------
max fanout violation count 0

==========================================================================
global route max_cap_violation_count
--------------------------------------------------------------------------
max cap violation count 0

==========================================================================
global route setup_violation_count
--------------------------------------------------------------------------
setup violation count 65

==========================================================================
global route hold_violation_count
--------------------------------------------------------------------------
hold violation count 0

==========================================================================
global route report_checks -path_delay max reg to reg
--------------------------------------------------------------------------
Startpoint: _27060_ (rising edge-triggered flip-flop clocked by clk)
Endpoint: _27056_ (rising edge-triggered flip-flop clocked by clk)
Path Group: clk
Path Type: max

  Delay    Time   Description
---------------------------------------------------------
   0.00    0.00   clock clk (rise edge)
   0.00    0.00   clock source latency
   0.00    0.00 ^ clk_i (in)
  26.85   26.85 ^ clkbuf_0_clk_i/Y (BUFx16f_ASAP7_75t_R)
  34.01   60.86 ^ clkbuf_2_3_0_clk_i/Y (BUFx24_ASAP7_75t_R)
  27.83   88.69 ^ clkbuf_4_13__f_clk_i/Y (BUFx16f_ASAP7_75t_R)
  33.20  121.89 ^ clkbuf_leaf_78_clk_i/Y (BUFx24_ASAP7_75t_R)
   1.16  123.05 ^ _27060_/CLK (DFFHQNx1_ASAP7_75t_R)
  59.35  182.40 ^ _27060_/QN (DFFHQNx1_ASAP7_75t_R)
  23.50  205.90 ^ rebuffer2920/Y (BUFx3_ASAP7_75t_R)
  14.48  220.38 v _15069_/Y (INVx2_ASAP7_75t_R)
  25.27  245.65 v place2619/Y (BUFx6f_ASAP7_75t_R)
  39.69  285.34 v _15077_/Y (OA211x2_ASAP7_75t_R)
  30.78  316.12 v _15081_/Y (OR3x1_ASAP7_75t_R)
  26.51  342.63 v _15082_/Y (OA21x2_ASAP7_75t_R)
  47.11  389.74 ^ _15083_/Y (XOR2x2_ASAP7_75t_R)
  20.60  410.33 v _27052_/CON (HAxp5_ASAP7_75t_R)
  16.08  426.42 ^ _27052_/SN (HAxp5_ASAP7_75t_R)
  14.63  441.05 v _26948_/Y (INVx1_ASAP7_75t_R)
  19.26  460.31 ^ _26991_/CON (HAxp5_ASAP7_75t_R)
  17.62  477.92 v _26991_/SN (HAxp5_ASAP7_75t_R)
  21.76  499.68 ^ _16011_/Y (INVx1_ASAP7_75t_R)
  24.43  524.12 v _26971_/CON (FAx1_ASAP7_75t_R)
  19.35  543.47 ^ _26971_/SN (FAx1_ASAP7_75t_R)
  16.71  560.18 v _26938_/Y (INVx1_ASAP7_75t_R)
  26.03  586.22 ^ _27041_/CON (HAxp5_ASAP7_75t_R)
  16.92  603.14 v _27041_/SN (HAxp5_ASAP7_75t_R)
  44.59  647.73 v _15559_/Y (OR4x1_ASAP7_75t_R)
  47.10  694.83 v _15562_/Y (OR4x1_ASAP7_75t_R)
  24.12  718.96 ^ _15581_/Y (NAND3x1_ASAP7_75t_R)
  32.21  751.16 ^ _15749_/Y (OR4x1_ASAP7_75t_R)
  28.84  780.00 ^ _15930_/Y (AND3x1_ASAP7_75t_R)
  59.42  839.42 ^ _15933_/Y (AND4x2_ASAP7_75t_R)
  47.79  887.22 ^ place2166/Y (BUFx3_ASAP7_75t_R)
  42.85  930.06 v _15939_/Y (AOI22x1_ASAP7_75t_R)
  42.55  972.62 ^ _15943_/Y (XNOR2x2_ASAP7_75t_R)
  23.42  996.03 ^ _15944_/Y (AND2x2_ASAP7_75t_R)
   0.17  996.20 ^ _27056_/D (DFFHQNx1_ASAP7_75t_R)
         996.20   data arrival time

1250.00 1250.00   clock clk (rise edge)
   0.00 1250.00   clock source latency
   0.00 1250.00 ^ clk_i (in)
  25.67 1275.67 ^ clkbuf_0_clk_i/Y (BUFx16f_ASAP7_75t_R)
  32.70 1308.36 ^ clkbuf_2_0_0_clk_i/Y (BUFx24_ASAP7_75t_R)
  26.70 1335.06 ^ clkbuf_4_3__f_clk_i/Y (BUFx16f_ASAP7_75t_R)
  31.46 1366.52 ^ clkbuf_leaf_14_clk_i/Y (BUFx24_ASAP7_75t_R)
   1.27 1367.79 ^ _27056_/CLK (DFFHQNx1_ASAP7_75t_R)
 -20.00 1347.79   clock uncertainty
   1.19 1348.98   clock reconvergence pessimism
 -10.30 1338.68   library setup time
        1338.68   data required time
---------------------------------------------------------
        1338.68   data required time
        -996.20   data arrival time
---------------------------------------------------------
         342.47   slack (MET)



==========================================================================
global route report_checks -path_delay min reg to reg
--------------------------------------------------------------------------
Startpoint: rof[1].fi.fifo.unhardened.un.fifo.ft.enq_r$_SDFFE_PP0P_
            (rising edge-triggered flip-flop clocked by clk)
Endpoint: rof[1].fi.fifo.unhardened.un.fifo.ft.enq_r$_SDFFE_PP0P_
          (rising edge-triggered flip-flop clocked by clk)
Path Group: clk
Path Type: min

  Delay    Time   Description
---------------------------------------------------------
   0.00    0.00   clock clk (rise edge)
   0.00    0.00   clock source latency
   0.00    0.00 ^ clk_i (in)
  25.67   25.67 ^ clkbuf_0_clk_i/Y (BUFx16f_ASAP7_75t_R)
  32.42   58.08 ^ clkbuf_2_1_0_clk_i/Y (BUFx24_ASAP7_75t_R)
  25.54   83.63 ^ clkbuf_4_4__f_clk_i/Y (BUFx16f_ASAP7_75t_R)
  31.97  115.59 ^ clkbuf_leaf_106_clk_i/Y (BUFx24_ASAP7_75t_R)
   1.59  117.18 ^ rof[1].fi.fifo.unhardened.un.fifo.ft.enq_r$_SDFFE_PP0P_/CLK (DFFHQNx1_ASAP7_75t_R)
  52.65  169.83 ^ rof[1].fi.fifo.unhardened.un.fifo.ft.enq_r$_SDFFE_PP0P_/QN (DFFHQNx1_ASAP7_75t_R)
  19.37  189.20 ^ _21802_/Y (OR3x1_ASAP7_75t_R)
   9.60  198.79 v _21803_/Y (AOI21x1_ASAP7_75t_R)
   0.05  198.84 v rof[1].fi.fifo.unhardened.un.fifo.ft.enq_r$_SDFFE_PP0P_/D (DFFHQNx1_ASAP7_75t_R)
         198.84   data arrival time

   0.00    0.00   clock clk (rise edge)
   0.00    0.00   clock source latency
   0.00    0.00 ^ clk_i (in)
  26.85   26.85 ^ clkbuf_0_clk_i/Y (BUFx16f_ASAP7_75t_R)
  34.11   60.96 ^ clkbuf_2_1_0_clk_i/Y (BUFx24_ASAP7_75t_R)
  27.58   88.54 ^ clkbuf_4_4__f_clk_i/Y (BUFx16f_ASAP7_75t_R)
  34.40  122.94 ^ clkbuf_leaf_106_clk_i/Y (BUFx24_ASAP7_75t_R)
   1.93  124.86 ^ rof[1].fi.fifo.unhardened.un.fifo.ft.enq_r$_SDFFE_PP0P_/CLK (DFFHQNx1_ASAP7_75t_R)
  20.00  144.86   clock uncertainty
  -7.69  137.18   clock reconvergence pessimism
  13.16  150.34   library hold time
         150.34   data required time
---------------------------------------------------------
         150.34   data required time
        -198.84   data arrival time
---------------------------------------------------------
          48.49   slack (MET)



==========================================================================
global route critical path target clock latency max path
--------------------------------------------------------------------------
117.7919

==========================================================================
global route critical path target clock latency min path
--------------------------------------------------------------------------
131.1216

==========================================================================
global route critical path source clock latency min path
--------------------------------------------------------------------------
0.0000

==========================================================================
global route critical path delay
--------------------------------------------------------------------------
987.9858

==========================================================================
global route critical path slack
--------------------------------------------------------------------------
-7.9858

==========================================================================
global route slack div critical path delay
--------------------------------------------------------------------------
-0.808291

==========================================================================
global route report_power
--------------------------------------------------------------------------
Group                  Internal  Switching    Leakage      Total
                          Power      Power      Power      Power (Watts)
----------------------------------------------------------------
Sequential             4.39e-03   8.52e-04   5.90e-07   5.25e-03  35.0%
Combinational          3.83e-03   3.71e-03   1.07e-06   7.54e-03  50.4%
Clock                  1.26e-03   9.21e-04   1.14e-07   2.18e-03  14.6%
Macro                  0.00e+00   0.00e+00   0.00e+00   0.00e+00   0.0%
Pad                    0.00e+00   0.00e+00   0.00e+00   0.00e+00   0.0%
----------------------------------------------------------------
Total                  9.48e-03   5.49e-03   1.77e-06   1.50e-02 100.0%
                          63.3%      36.6%       0.0%
