OpenROAD 26Q2-2123-g8f0a892fa2 
Features included (+) or not (-): +GPU +GUI +Python
This program is licensed under the BSD-3 license. See the LICENSE file for details.
Components of this program may be licensed under more restrictive licenses which must be honored.
[INFO ORD-0030] Using 8 thread(s).
source /root/OpenROAD-flow-scripts/flow/platforms/asap7/liberty_suppressions.tcl
read_liberty /root/OpenROAD-flow-scripts/flow/platforms/asap7/lib/NLDM/asap7sc7p5t_AO_RVT_TT_nldm_211120.lib.gz
read_liberty /root/OpenROAD-flow-scripts/flow/platforms/asap7/lib/NLDM/asap7sc7p5t_INVBUF_RVT_TT_nldm_220122.lib.gz
read_liberty /root/OpenROAD-flow-scripts/flow/platforms/asap7/lib/NLDM/asap7sc7p5t_OA_RVT_TT_nldm_211120.lib.gz
read_liberty /root/OpenROAD-flow-scripts/flow/platforms/asap7/lib/NLDM/asap7sc7p5t_SEQ_RVT_TT_nldm_220123.lib
read_liberty /root/OpenROAD-flow-scripts/flow/platforms/asap7/lib/NLDM/asap7sc7p5t_SIMPLE_RVT_TT_nldm_211120.lib.gz
read_db ./results/asap7/bsg_mesh_router_buffered/base/2_2_floorplan_macro.odb
read_sdc ./results/asap7/bsg_mesh_router_buffered/base/2_1_floorplan.sdc
source /root/OpenROAD-flow-scripts/flow/platforms/asap7/setRC.tcl
Tap and End Cap cell insertion
  TAP Cell          : TAPCELL_ASAP7_75t_R
  ENDCAP Cell       : TAPCELL_ASAP7_75t_R
  Halo Around Macro : 2 2
  TAP Cell Distance : 25
[INFO TAP-0004] Inserted 390 endcaps.
[INFO TAP-0005] Inserted 197 tapcells.
Design area 1836 um^2 66% utilization.
write_db ./results/asap7/bsg_mesh_router_buffered/base/2_3_floorplan_tapcell.odb
Elapsed time: 0:01.25[h:]min:sec. CPU time: user 1.20 sys 0.05 (99%). Peak memory: 215720KB.
Log                       Ext     Elapsed/s Peak Memory/MB sha1sum result [0:20)
2_3_floorplan_tapcell     .odb            1            210 2cda4f2e34a782d4fe0a
