OpenROAD 26Q2-2123-g8f0a892fa2 
Features included (+) or not (-): +GPU +GUI +Python
This program is licensed under the BSD-3 license. See the LICENSE file for details.
Components of this program may be licensed under more restrictive licenses which must be honored.
[INFO ORD-0030] Using 8 thread(s).
source /root/OpenROAD-flow-scripts/flow/platforms/asap7/liberty_suppressions.tcl
read_liberty /root/OpenROAD-flow-scripts/flow/platforms/asap7/lib/NLDM/asap7sc7p5t_AO_RVT_TT_nldm_211120.lib.gz
read_liberty /root/OpenROAD-flow-scripts/flow/platforms/asap7/lib/NLDM/asap7sc7p5t_INVBUF_RVT_TT_nldm_220122.lib.gz
read_liberty /root/OpenROAD-flow-scripts/flow/platforms/asap7/lib/NLDM/asap7sc7p5t_OA_RVT_TT_nldm_211120.lib.gz
read_liberty /root/OpenROAD-flow-scripts/flow/platforms/asap7/lib/NLDM/asap7sc7p5t_SEQ_RVT_TT_nldm_220123.lib
read_liberty /root/OpenROAD-flow-scripts/flow/platforms/asap7/lib/NLDM/asap7sc7p5t_SIMPLE_RVT_TT_nldm_211120.lib.gz
read_db ./results/asap7/bsg_mesh_router_buffered/base/2_floorplan.odb
read_sdc ./results/asap7/bsg_mesh_router_buffered/base/2_floorplan.sdc
source /root/OpenROAD-flow-scripts/flow/platforms/asap7/setRC.tcl
global_placement -skip_io -density 0.6 -pad_left 0 -pad_right 0
[INFO GPL-0001] ---- Initialize GPL Main Data Structures
[INFO GPL-0002] DBU: 1000
[INFO GPL-0003] SiteSize: (  0.054  0.270 ) um
[INFO GPL-0004] CoreBBox: (  2.052  2.160 ) ( 54.864 54.810 ) um
[INFO GPL-0036] Movable instances area:       1819.030 um^2
[INFO GPL-0037] Total instances area:         1836.147 um^2
[INFO GPL-0035] Pin density area adjust:       252.479 um^2
[INFO GPL-0032] ---- Initialize Region: Top-level
[INFO GPL-0006] Number of instances:             15249
[INFO GPL-0007] Movable instances:               14662
[INFO GPL-0008] Fixed instances:                   587
[INFO GPL-0009] Dummy instances:                     0
[INFO GPL-0010] Number of nets:                  15042
[INFO GPL-0011] Number of pins:                  49063
[INFO GPL-0012] Die BBox:  (  0.000  0.000 ) ( 56.900 56.900 ) um
[INFO GPL-0013] Core BBox: (  2.052  2.160 ) ( 54.864 54.810 ) um
[INFO GPL-0016] Core area:                    2780.552 um^2
[INFO GPL-0014] Region name: top-level.
[INFO GPL-0015] Region area:                  2780.552 um^2
[INFO GPL-0017] Fixed instances area:           17.117 um^2
[INFO GPL-0018] Movable instances area:       2071.509 um^2
[INFO GPL-0019] Utilization:                    74.961 %
[INFO GPL-0020] Standard cells area:          2071.509 um^2
[INFO GPL-0021] Large instances area:            0.000 um^2
[INFO GPL-0005] ---- Execute Conjugate Gradient Initial Placement.
[INFO GPL-0051] Source of initial instance position counters:
	Odb location = 0	Core center = 14662	Region center = 0
[INFO GPL-0033] ---- Initialize Nesterov Region: Top-level
[WARNING GPL-0302] Target density 0.6000 is too low for the available free area.
Automatically adjusting to uniform density 0.7500.
[INFO GPL-0023] Placement target density:       0.7500
[INFO GPL-0024] Movable insts average area:      0.141 um^2
[INFO GPL-0025] Ideal bin area:                  0.188 um^2
[INFO GPL-0026] Ideal bin count:                 14760
[INFO GPL-0027] Total bin area:               2780.552 um^2
[INFO GPL-0028] Bin count (X, Y):          64 ,     64
[INFO GPL-0029] Bin size (W * H):       0.825 *  0.823 um
[INFO GPL-0030] Number of bins:                   4096
[INFO GPL-0084] ---- Execute Nesterov Global Placement.
[INFO GPL-0031] HPWL: Half-Perimeter Wirelength
Iteration | Overflow |     HPWL (um) |  HPWL(%) |   Penalty | Group
---------------------------------------------------------------
        0 |   0.9941 |  9.834340e+03 |   +0.00% |  1.66e-13 |      
       10 |   0.9960 |  3.306027e+03 |  -66.38% |  2.71e-13 |      
       20 |   0.9960 |  3.079346e+03 |   -6.86% |  4.41e-13 |      
       30 |   0.9960 |  3.051474e+03 |   -0.91% |  7.18e-13 |      
       40 |   0.9960 |  3.043814e+03 |   -0.25% |  1.17e-12 |      
       50 |   0.9960 |  3.042475e+03 |   -0.04% |  1.91e-12 |      
       60 |   0.9960 |  3.041034e+03 |   -0.05% |  3.10e-12 |      
       70 |   0.9960 |  3.042002e+03 |   +0.03% |  5.06e-12 |      
       80 |   0.9960 |  3.060891e+03 |   +0.62% |  8.24e-12 |      
       90 |   0.9960 |  3.120590e+03 |   +1.95% |  1.34e-11 |      
      100 |   0.9957 |  3.287336e+03 |   +5.34% |  2.19e-11 |      
      110 |   0.9947 |  3.612255e+03 |   +9.88% |  3.56e-11 |      
      120 |   0.9930 |  4.070706e+03 |  +12.69% |  5.80e-11 |      
      130 |   0.9905 |  4.666353e+03 |  +14.63% |  9.45e-11 |      
      140 |   0.9852 |  5.545633e+03 |  +18.84% |  1.54e-10 |      
      150 |   0.9755 |  7.012606e+03 |  +26.45% |  2.51e-10 |      
      160 |   0.9592 |  9.289002e+03 |  +32.46% |  4.08e-10 |      
      170 |   0.9373 |  1.159895e+04 |  +24.87% |  6.64e-10 |      
      180 |   0.9152 |  1.341043e+04 |  +15.62% |  1.08e-09 |      
      190 |   0.8932 |  1.505646e+04 |  +12.27% |  1.76e-09 |      
      200 |   0.8644 |  1.711756e+04 |  +13.69% |  2.87e-09 |      
      210 |   0.8321 |  1.936394e+04 |  +13.12% |  4.67e-09 |      
      220 |   0.7958 |  2.165532e+04 |  +11.83% |  7.61e-09 |      
      230 |   0.7596 |  2.387621e+04 |  +10.26% |  1.24e-08 |      
      240 |   0.7218 |  2.595047e+04 |   +8.69% |  2.02e-08 |      
      250 |   0.6808 |  2.783915e+04 |   +7.28% |  3.29e-08 |      
      260 |   0.6404 |  2.951914e+04 |   +6.03% |  5.35e-08 |      
      270 |   0.5995 |  3.079652e+04 |   +4.33% |  8.72e-08 |      
      280 |   0.5601 |  3.149329e+04 |   +2.26% |  1.42e-07 |      
      290 |   0.5200 |  3.151526e+04 |   +0.07% |  2.31e-07 |      
      300 |   0.4778 |  3.150711e+04 |   -0.03% |  3.77e-07 |      
      310 |   0.4348 |  3.156691e+04 |   +0.19% |  6.14e-07 |      
      320 |   0.3871 |  3.152743e+04 |   -0.13% |  1.00e-06 |      
      330 |   0.3379 |  3.154599e+04 |   +0.06% |  1.61e-06 |      
      340 |   0.3017 |  3.145747e+04 |   -0.28% |  2.38e-06 |      
      350 |   0.2665 |  3.148949e+04 |   +0.10% |  3.50e-06 |      
      360 |   0.2321 |  3.153665e+04 |   +0.15% |  5.15e-06 |      
      370 |   0.2024 |  3.162680e+04 |   +0.29% |  7.59e-06 |      
      380 |   0.1707 |  3.166904e+04 |   +0.13% |  1.12e-05 |      
      390 |   0.1443 |  3.174095e+04 |   +0.23% |  1.65e-05 |      
      400 |   0.1218 |  3.179169e+04 |   +0.16% |  2.43e-05 |      
      410 |   0.0983 |  3.183513e+04 |   +0.14% |  3.58e-05 |      
      410 |   0.0983 |  3.183513e+04 |          |  3.72e-05 |      
---------------------------------------------------------------
[INFO GPL-1001] Global placement finished at iteration 410
[INFO GPL-1002] Placed Cell Area             2071.5088
[INFO GPL-1003] Available Free Area          2763.4349
[INFO GPL-1004] Minimum Feasible Density        0.7500 (cell_area / free_area)
[INFO GPL-1006]   Suggested Target Densities:
[INFO GPL-1007]     - For 90% usage of free space: 0.8329
[INFO GPL-1008]     - For 80% usage of free space: 0.9370
[INFO GPL-1014] Final placement area: 2071.51 (+0.00%)
Design area 1836 um^2 66% utilization.
write_db ./results/asap7/bsg_mesh_router_buffered/base/3_1_place_gp_skip_io.odb
Elapsed time: 0:02.74[h:]min:sec. CPU time: user 12.56 sys 0.07 (461%). Peak memory: 239904KB.
Log                       Ext     Elapsed/s Peak Memory/MB sha1sum result [0:20)
3_1_place_gp_skip_io      .odb            2            234 ed17e7a81bc9d6fe162a
