OpenROAD 26Q2-2123-g8f0a892fa2 
Features included (+) or not (-): +GPU +GUI +Python
This program is licensed under the BSD-3 license. See the LICENSE file for details.
Components of this program may be licensed under more restrictive licenses which must be honored.
[INFO ORD-0030] Using 8 thread(s).
source /root/OpenROAD-flow-scripts/flow/platforms/asap7/liberty_suppressions.tcl
read_liberty /root/OpenROAD-flow-scripts/flow/platforms/asap7/lib/NLDM/asap7sc7p5t_AO_RVT_TT_nldm_211120.lib.gz
read_liberty /root/OpenROAD-flow-scripts/flow/platforms/asap7/lib/NLDM/asap7sc7p5t_INVBUF_RVT_TT_nldm_220122.lib.gz
read_liberty /root/OpenROAD-flow-scripts/flow/platforms/asap7/lib/NLDM/asap7sc7p5t_OA_RVT_TT_nldm_211120.lib.gz
read_liberty /root/OpenROAD-flow-scripts/flow/platforms/asap7/lib/NLDM/asap7sc7p5t_SEQ_RVT_TT_nldm_220123.lib
read_liberty /root/OpenROAD-flow-scripts/flow/platforms/asap7/lib/NLDM/asap7sc7p5t_SIMPLE_RVT_TT_nldm_211120.lib.gz
read_db ./results/asap7/bsg_mesh_router_buffered/base/3_3_place_gp.odb
read_sdc ./results/asap7/bsg_mesh_router_buffered/base/2_floorplan.sdc
source /root/OpenROAD-flow-scripts/flow/platforms/asap7/setRC.tcl
estimate_parasitics -placement
Perform buffer insertion and gate resizing...
repair_design -verbose
Iteration |   Area    | Resized | Buffers | Nets repaired | Remaining
---------------------------------------------------------------------
        0 |     +0.0% |       0 |       0 |             0 |     15225
     1000 |     +0.0% |       0 |       0 |             0 |     14225
     2000 |     +0.0% |       0 |       0 |             0 |     13225
     3000 |     +0.0% |       0 |       0 |             0 |     12225
     4000 |     +0.0% |       0 |       0 |             0 |     11225
     5000 |     +0.0% |       0 |       0 |             0 |     10225
     6000 |     +0.0% |       0 |       0 |             0 |      9225
     7000 |     +0.0% |       0 |       0 |             0 |      8225
     8000 |     +0.0% |       0 |       0 |             0 |      7225
     9000 |     +0.0% |       0 |       0 |             0 |      6225
    10000 |     +0.0% |       0 |       0 |             0 |      5225
    11000 |     +0.0% |       0 |       0 |             0 |      4225
    12000 |     +0.0% |       0 |       0 |             0 |      3225
    13000 |     +0.0% |       0 |       0 |             0 |      2225
    14000 |     +0.0% |       0 |       0 |             0 |      1225
    15000 |     +0.0% |       0 |       0 |             0 |       225
    final |     +0.0% |       0 |       0 |             0 |         0
---------------------------------------------------------------------
Floating nets: 
Report metrics stage 3, resizer...

==========================================================================
resizer report_design_area
--------------------------------------------------------------------------
Design area 1860 um^2 67% utilization.
Instance count before 15432, after 15432
Pin count before 49429, after 49429
write_db ./results/asap7/bsg_mesh_router_buffered/base/3_4_place_resized.odb
Elapsed time: 0:07.67[h:]min:sec. CPU time: user 9.69 sys 0.39 (131%). Peak memory: 281988KB.
Log                       Ext     Elapsed/s Peak Memory/MB sha1sum result [0:20)
3_4_place_resized         .odb            7            275 36585b361d2af1f12d19
