OpenROAD 26Q2-2123-g8f0a892fa2 
Features included (+) or not (-): +GPU +GUI +Python
This program is licensed under the BSD-3 license. See the LICENSE file for details.
Components of this program may be licensed under more restrictive licenses which must be honored.
[INFO ORD-0030] Using 8 thread(s).
source /root/OpenROAD-flow-scripts/flow/platforms/asap7/liberty_suppressions.tcl
read_liberty /root/OpenROAD-flow-scripts/flow/platforms/asap7/lib/NLDM/asap7sc7p5t_AO_RVT_TT_nldm_211120.lib.gz
read_liberty /root/OpenROAD-flow-scripts/flow/platforms/asap7/lib/NLDM/asap7sc7p5t_INVBUF_RVT_TT_nldm_220122.lib.gz
read_liberty /root/OpenROAD-flow-scripts/flow/platforms/asap7/lib/NLDM/asap7sc7p5t_OA_RVT_TT_nldm_211120.lib.gz
read_liberty /root/OpenROAD-flow-scripts/flow/platforms/asap7/lib/NLDM/asap7sc7p5t_SEQ_RVT_TT_nldm_220123.lib
read_liberty /root/OpenROAD-flow-scripts/flow/platforms/asap7/lib/NLDM/asap7sc7p5t_SIMPLE_RVT_TT_nldm_211120.lib.gz
read_db ./results/asap7/bsg_mesh_router_buffered/base/4_cts.odb
read_sdc ./results/asap7/bsg_mesh_router_buffered/base/4_cts.sdc
source /root/OpenROAD-flow-scripts/flow/platforms/asap7/setRC.tcl
pin_access
[INFO DRT-0149] Reading tech and libs.

Units:                1000
Number of layers:     21
Number of macros:     212
Number of vias:       14
Number of viarulegen: 11

[INFO DRT-0150] Reading design.

Design:                   bsg_mesh_router_buffered
Die area:                 ( 0 0 ) ( 56900 56900 )
Number of track patterns: 32
Number of DEF vias:       0
Number of components:     15613
Number of terminals:      670
Number of snets:          2
Number of nets:           15380

[INFO DRT-0167] List of default vias:
  Layer V2
    default via: VIA23
  Layer V3
    default via: VIA34
  Layer V4
    default via: VIA45
  Layer V5
    default via: VIA56
  Layer V6
    default via: VIA67
  Layer V7
    default via: VIA78
  Layer V8
    default via: VIA89
  Layer V9
    default via: VIA9Pad
[INFO DRT-0162] Library cell analysis.
[INFO DRT-0163] Instance analysis.
[INFO DRT-0164] Number of unique instances = 144.
[INFO DRT-0168] Init region query.
[INFO DRT-0024]   Complete Active.
[INFO DRT-0024]   Complete V0.
[INFO DRT-0024]   Complete M1.
[INFO DRT-0024]   Complete V1.
[INFO DRT-0024]   Complete M2.
[INFO DRT-0024]   Complete V2.
[INFO DRT-0024]   Complete M3.
[INFO DRT-0024]   Complete V3.
[INFO DRT-0024]   Complete M4.
[INFO DRT-0024]   Complete V4.
[INFO DRT-0024]   Complete M5.
[INFO DRT-0024]   Complete V5.
[INFO DRT-0024]   Complete M6.
[INFO DRT-0024]   Complete V6.
[INFO DRT-0024]   Complete M7.
[INFO DRT-0024]   Complete V7.
[INFO DRT-0024]   Complete M8.
[INFO DRT-0024]   Complete V8.
[INFO DRT-0024]   Complete M9.
[INFO DRT-0024]   Complete V9.
[INFO DRT-0024]   Complete Pad.
[INFO DRT-0033] Active shape region query size = 0.
[INFO DRT-0033] V0 shape region query size = 0.
[INFO DRT-0033] M1 shape region query size = 285706.
[INFO DRT-0033] V1 shape region query size = 311179.
[INFO DRT-0033] M2 shape region query size = 10235.
[INFO DRT-0033] V2 shape region query size = 5880.
[INFO DRT-0033] M3 shape region query size = 5880.
[INFO DRT-0033] V3 shape region query size = 3920.
[INFO DRT-0033] M4 shape region query size = 4326.
[INFO DRT-0033] V4 shape region query size = 3920.
[INFO DRT-0033] M5 shape region query size = 2442.
[INFO DRT-0033] V5 shape region query size = 400.
[INFO DRT-0033] M6 shape region query size = 240.
[INFO DRT-0033] V6 shape region query size = 0.
[INFO DRT-0033] M7 shape region query size = 0.
[INFO DRT-0033] V7 shape region query size = 0.
[INFO DRT-0033] M8 shape region query size = 0.
[INFO DRT-0033] V8 shape region query size = 0.
[INFO DRT-0033] M9 shape region query size = 0.
[INFO DRT-0033] V9 shape region query size = 0.
[INFO DRT-0033] Pad shape region query size = 0.
[INFO DRT-0165] Start pin access.
[INFO DRT-0078]   Complete 829 pins.
[INFO DRT-0079]   Complete 100 unique inst patterns.
[INFO DRT-0081]   Complete 144 unique inst patterns.
[INFO DRT-0084]   Complete 8447 groups.
#scanned instances     = 15613
#unique  instances     = 144
#stdCellGenAp          = 3912
#stdCellValidPlanarAp  = 5
#stdCellValidViaAp     = 3349
#stdCellPinNoAp        = 0
#stdCellPinCnt         = 49765
#instTermValidViaApCnt = 0
#macroGenAp            = 0
#macroValidPlanarAp    = 0
#macroValidViaAp       = 0
#macroNoAp             = 0
[INFO DRT-0166] Complete pin access.
[INFO DRT-0267] cpu time = 00:09:43, elapsed time = 00:01:16, memory = 271.21 (MB), peak = 272.38 (MB)
Took 77 seconds: pin_access
global_route -congestion_report_file ./reports/asap7/bsg_mesh_router_buffered/base/congestion.rpt -congestion_iterations 30 -congestion_report_iter_step 5 -verbose -resistance_aware
[INFO GRT-0020] Min routing layer: M2
[INFO GRT-0021] Max routing layer: M7
[INFO GRT-0022] Global adjustment: 0%
[INFO GRT-0023] Grid origin: (0, 0)
[INFO GRT-0088] Layer M1      Track-Pitch = 0.0360  line-2-Via Pitch: 0.0360
[INFO GRT-0088] Layer M2      Track-Pitch = 0.0390  line-2-Via Pitch: 0.0360
[INFO GRT-0088] Layer M3      Track-Pitch = 0.0360  line-2-Via Pitch: 0.0360
[INFO GRT-0088] Layer M4      Track-Pitch = 0.0480  line-2-Via Pitch: 0.0480
[INFO GRT-0088] Layer M5      Track-Pitch = 0.0480  line-2-Via Pitch: 0.0480
[INFO GRT-0088] Layer M6      Track-Pitch = 0.0640  line-2-Via Pitch: 0.0640
[INFO GRT-0088] Layer M7      Track-Pitch = 0.0640  line-2-Via Pitch: 0.0640
[INFO GRT-0003] Macros: 0
[INFO GRT-0004] Blockages: 7881
[INFO GRT-0019] Found 156 clock nets.
[INFO GRT-0001] Minimum degree: 2
[INFO GRT-0002] Maximum degree: 21

[INFO GRT-0053] Routing resources analysis:
          Routing      Original      Derated      Resource
Layer     Direction    Resources     Resources    Reduction (%)
---------------------------------------------------------------
M1         Vertical            0             0          0.00%
M2         Horizontal     115260         83257          27.77%
M3         Vertical       149172        110804          25.72%
M4         Horizontal     114070         84682          25.76%
M5         Vertical       110364         81886          25.80%
M6         Horizontal      77450         52662          32.01%
M7         Vertical        87122         58800          32.51%
---------------------------------------------------------------

[INFO GRT-0197] Via related to pin nodes: 95058
[INFO GRT-0198] Via related Steiner nodes: 2539
[INFO GRT-0199] Via filling finished.
[INFO GRT-0111] Final number of vias: 123346
[INFO GRT-0112] Final usage 3D: 454753

[INFO GRT-0096] Final congestion report:
Layer         Resource        Demand        Usage (%)    Max H / Max V / Total Congestion
---------------------------------------------------------------------------------------
M1                   0             0            0.00%             0 /  0 /  0
M2               83257         30621           36.78%             0 /  0 /  0
M3              110804         34109           30.78%             0 /  0 /  0
M4               84682         10847           12.81%             0 /  0 /  0
M5               81886          5311            6.49%             0 /  0 /  0
M6               52662          2457            4.67%             0 /  0 /  0
M7               58800          1370            2.33%             0 /  0 /  0
---------------------------------------------------------------------------------------
Total           472091         84715           17.94%             0 /  0 /  0

[INFO GRT-0018] Total wirelength: 70355 um
[INFO GRT-0014] Routed nets: 15364
[INFO GRT-0303] Global routing runtime = 00:00:05
Took 5 seconds: global_route -congestion_report_file ./reports/asap7/bsg_mesh_router_buffered/base/congestion.rpt -congestion_iterations 30 -congestion_report_iter_step 5 -verbose -resistance_aware
estimate_parasitics -global_routing
Perform buffer insertion and gate resizing...
repair_design -verbose
Iteration |   Area    | Resized | Buffers | Nets repaired | Remaining
---------------------------------------------------------------------
        0 |     +0.0% |       0 |       0 |             0 |     15406
     1000 |     +0.0% |       0 |       0 |             0 |     14406
     2000 |     +0.0% |       0 |       0 |             0 |     13406
[WARNING RSZ-0104] Net _14312_ only has one pin. Check if it is intended to be dangling.
     3000 |     +0.0% |       0 |       0 |             0 |     12406
[WARNING RSZ-0104] Net _14308_ only has one pin. Check if it is intended to be dangling.
[WARNING RSZ-0104] Net _14302_ only has one pin. Check if it is intended to be dangling.
[WARNING RSZ-0104] Net _14298_ only has one pin. Check if it is intended to be dangling.
[WARNING RSZ-0104] Net _14311_ only has one pin. Check if it is intended to be dangling.
     4000 |     +0.0% |       0 |       0 |             0 |     11406
     5000 |     +0.0% |       0 |       0 |             0 |     10406
[WARNING RSZ-0104] Net _14310_ only has one pin. Check if it is intended to be dangling.
[WARNING RSZ-0104] Net _14304_ only has one pin. Check if it is intended to be dangling.
[WARNING RSZ-0104] Net _14300_ only has one pin. Check if it is intended to be dangling.
[WARNING RSZ-0104] Net _14307_ only has one pin. Check if it is intended to be dangling.
[WARNING RSZ-0104] Net _14301_ only has one pin. Check if it is intended to be dangling.
[WARNING RSZ-0104] Net _14297_ only has one pin. Check if it is intended to be dangling.
     6000 |     +0.0% |       0 |       0 |             0 |      9406
     7000 |     +0.0% |       0 |       0 |             0 |      8406
[WARNING RSZ-0104] Net _14306_ only has one pin. Check if it is intended to be dangling.
[WARNING RSZ-0104] Net _14309_ only has one pin. Check if it is intended to be dangling.
[WARNING RSZ-0104] Net _14303_ only has one pin. Check if it is intended to be dangling.
[WARNING RSZ-0104] Net _14299_ only has one pin. Check if it is intended to be dangling.
     8000 |     +0.0% |       0 |       0 |             0 |      7406
[WARNING RSZ-0104] Net _14305_ only has one pin. Check if it is intended to be dangling.
     9000 |     +0.0% |       0 |       0 |             0 |      6406
    10000 |     +0.0% |       0 |       0 |             0 |      5406
    11000 |     +0.0% |       0 |       0 |             0 |      4406
    12000 |     +0.0% |       0 |       0 |             0 |      3406
    13000 |     +0.0% |       0 |       0 |             0 |      2406
    14000 |     +0.0% |       0 |       0 |             0 |      1406
    15000 |     +0.0% |       0 |       0 |             0 |       406
    final |     +0.0% |       0 |       0 |             0 |         0
---------------------------------------------------------------------
global_route -start_incremental
detailed_placement
[INFO DPL-0006] Core area: 2780.55 um^2, Instances area: 1930.99 um^2, Utilization: 69.4%
[INFO DPL-0005] Diamond search max displacement: +/- 500 sites horizontally, +/- 100 rows vertically.
[INFO DPL-1101] Legalizing using diamond search.
Movements Summary
---------------------------------------
Total cells:                   15026
Diamond Move Success:          15026 (100.00%)
Diamond Move Failure:              0
Rip-up and replace Success:        0 (  0.00% of diamond failures)
Rip-up and replace Failure:        0
Total Placement Failures:          0
---------------------------------------
Placement Analysis
---------------------------------
total displacement          0.0 u
average displacement        0.0 u
max displacement            0.0 u
original HPWL           40828.3 u
legalized HPWL          40828.3 u
delta HPWL                    0 %

global_route -end_incremental -resistance_aware -congestion_report_file ./reports/asap7/bsg_mesh_router_buffered/base/congestion_post_repair_design.rpt
Repair setup and hold violations...
estimate_parasitics -global_routing
repair_timing -setup_margin 0 -hold_margin 0 -repair_tns 100 -skip_gate_cloning -verbose
[INFO RSZ-0100] Repair move sequence: UnbufferMove SizeUpMove SwapPinsMove BufferMove SplitLoadMove 
[INFO RSZ-0098] No setup violations found
[INFO RSZ-0033] No hold violations found.
global_route -start_incremental
detailed_placement
[INFO DPL-0006] Core area: 2780.55 um^2, Instances area: 1930.99 um^2, Utilization: 69.4%
[INFO DPL-0005] Diamond search max displacement: +/- 500 sites horizontally, +/- 100 rows vertically.
[INFO DPL-1101] Legalizing using diamond search.
Movements Summary
---------------------------------------
Total cells:                   15026
Diamond Move Success:          15026 (100.00%)
Diamond Move Failure:              0
Rip-up and replace Success:        0 (  0.00% of diamond failures)
Rip-up and replace Failure:        0
Total Placement Failures:          0
---------------------------------------
Placement Analysis
---------------------------------
total displacement          0.0 u
average displacement        0.0 u
max displacement            0.0 u
original HPWL           40828.3 u
legalized HPWL          40828.3 u
delta HPWL                    0 %

global_route -end_incremental -resistance_aware -congestion_report_file ./reports/asap7/bsg_mesh_router_buffered/base/congestion_post_repair_timing.rpt
global_route -start_incremental
global_route -end_incremental -resistance_aware -congestion_report_file ./reports/asap7/bsg_mesh_router_buffered/base/congestion_post_recover_power.rpt
Repair antennas...
[WARNING GRT-0246] No diode with LEF class CORE ANTENNACELL found.
[INFO ANT-0002] Found 0 net violations.
[INFO ANT-0001] Found 0 pin violations.
Estimate parasitics...
estimate_parasitics -global_routing
Report metrics stage 5, global route...

==========================================================================
global route report_design_area
--------------------------------------------------------------------------
Design area 1931 um^2 69% utilization.
[INFO FLW-0007] clock clk period 1250.000000
[INFO FLW-0008] Clock clk period 1163.459
[INFO FLW-0009] Clock clk slack 25.307
[INFO FLW-0011] Path endpoint path count 2991
write_db ./results/asap7/bsg_mesh_router_buffered/base/5_1_grt.odb
write_sdc -no_timestamp ./results/asap7/bsg_mesh_router_buffered/base/5_1_grt.sdc
Elapsed time: 1:36.03[h:]min:sec. CPU time: user 632.92 sys 1.50 (660%). Peak memory: 572236KB.
Log                       Ext     Elapsed/s Peak Memory/MB sha1sum result [0:20)
5_1_grt                   .odb           96            558 535be9013b620fffbfc9
5_1_grt                   .sdc                             1f2254dfc1de9f59b332
