OpenROAD 26Q2-2123-g8f0a892fa2 
Features included (+) or not (-): +GPU +GUI +Python
This program is licensed under the BSD-3 license. See the LICENSE file for details.
Components of this program may be licensed under more restrictive licenses which must be honored.
[INFO ORD-0030] Using 8 thread(s).
source /root/OpenROAD-flow-scripts/flow/platforms/asap7/liberty_suppressions.tcl
read_liberty /root/OpenROAD-flow-scripts/flow/platforms/asap7/lib/NLDM/asap7sc7p5t_AO_RVT_TT_nldm_211120.lib.gz
read_liberty /root/OpenROAD-flow-scripts/flow/platforms/asap7/lib/NLDM/asap7sc7p5t_INVBUF_RVT_TT_nldm_220122.lib.gz
read_liberty /root/OpenROAD-flow-scripts/flow/platforms/asap7/lib/NLDM/asap7sc7p5t_OA_RVT_TT_nldm_211120.lib.gz
read_liberty /root/OpenROAD-flow-scripts/flow/platforms/asap7/lib/NLDM/asap7sc7p5t_SEQ_RVT_TT_nldm_220123.lib
read_liberty /root/OpenROAD-flow-scripts/flow/platforms/asap7/lib/NLDM/asap7sc7p5t_SIMPLE_RVT_TT_nldm_211120.lib.gz
read_db ./results/asap7/bsg_mesh_router_buffered/base/6_1_fill.odb
read_sdc ./results/asap7/bsg_mesh_router_buffered/base/6_1_fill.sdc
source /root/OpenROAD-flow-scripts/flow/platforms/asap7/setRC.tcl
write_db ./results/asap7/bsg_mesh_router_buffered/base/6_final.odb
Deleted 0 routing obstructions
[INFO RCX-0431] Defined process_corner X with ext_model_index 0
[INFO RCX-0029] Defined extraction corner X
[INFO RCX-0435] Reading extraction model file /root/OpenROAD-flow-scripts/flow/platforms/asap7/rcx_patterns.rules ...
[INFO RCX-0436] RC segment generation bsg_mesh_router_buffered (max_merge_res 50.0) ...
[INFO RCX-0040] Final 101367 rc segments
[INFO RCX-0439] Coupling Cap extraction bsg_mesh_router_buffered ...
[INFO RCX-0440] Coupling threshhold is 0.1000 fF, coupling capacitance less than 0.1000 fF will be grounded.
[INFO RCX-0442] 56% of 107004 wires extracted
[INFO RCX-0442] 100% of 107004 wires extracted
[INFO RCX-0045] Extract 15380 nets, 116731 rsegs, 116731 caps, 142396 ccs
[INFO RCX-0443] 15380 nets finished
[INFO PSM-0040] All shapes on net VDD are connected.
########## IR report #################
Net              : VDD
Corner           : default
Total power      : 1.29e-02 W
Supply voltage   : 7.00e-01 V
Worstcase voltage: 6.98e-01 V
Average voltage  : 6.99e-01 V
Average IR drop  : 9.65e-04 V
Worstcase IR drop: 2.28e-03 V
Percentage drop  : 0.33 %
######################################
[INFO PSM-0040] All shapes on net VSS are connected.
########## IR report #################
Net              : VSS
Corner           : default
Total power      : 1.29e-02 W
Supply voltage   : 0.00e+00 V
Worstcase voltage: 2.36e-03 V
Average voltage  : 9.77e-04 V
Average IR drop  : 9.77e-04 V
Worstcase IR drop: 2.36e-03 V
Percentage drop  : 0.34 %
######################################
Cell type report:                       Count       Area
  Fill cell                             13597     849.56
  Tap cell                                587      17.12
  Clock buffer                            179      70.32
  Timing Repair Buffer                   1404     114.85
  Inverter                               1233      54.08
  Clock inverter                            2       0.57
  Sequential cell                        2627     766.03
  Multi-Input combinational cell         9581     908.03
  Total                                 29210    2780.55
Report metrics stage 6, finish...

==========================================================================
finish report_design_area
--------------------------------------------------------------------------
Design area 1931 um^2 69% utilization.
[WARNING GUI-0076] QStandardPaths: XDG_RUNTIME_DIR not set, defaulting to '/tmp/runtime-root'
[WARNING GUI-0066] Heat map "IR Drop" has not been populated with data.
[WARNING GUI-0066] Heat map "Routing Congestion" has not been populated with data.
Elapsed time: 0:18.05[h:]min:sec. CPU time: user 22.32 sys 0.90 (128%). Peak memory: 579976KB.
Log                       Ext     Elapsed/s Peak Memory/MB sha1sum result [0:20)
6_report                                 18            566                  N/A
