OpenROAD 26Q2-2123-g8f0a892fa2 
Features included (+) or not (-): +GPU +GUI +Python
This program is licensed under the BSD-3 license. See the LICENSE file for details.
Components of this program may be licensed under more restrictive licenses which must be honored.
[INFO ORD-0030] Using 8 thread(s).
source /root/OpenROAD-flow-scripts/flow/platforms/asap7/liberty_suppressions.tcl
read_liberty /root/OpenROAD-flow-scripts/flow/platforms/asap7/lib/NLDM/asap7sc7p5t_AO_RVT_TT_nldm_211120.lib.gz
read_liberty /root/OpenROAD-flow-scripts/flow/platforms/asap7/lib/NLDM/asap7sc7p5t_INVBUF_RVT_TT_nldm_220122.lib.gz
read_liberty /root/OpenROAD-flow-scripts/flow/platforms/asap7/lib/NLDM/asap7sc7p5t_OA_RVT_TT_nldm_211120.lib.gz
read_liberty /root/OpenROAD-flow-scripts/flow/platforms/asap7/lib/NLDM/asap7sc7p5t_SEQ_RVT_TT_nldm_220123.lib
read_liberty /root/OpenROAD-flow-scripts/flow/platforms/asap7/lib/NLDM/asap7sc7p5t_SIMPLE_RVT_TT_nldm_211120.lib.gz
read_db ./results/asap7/bsg_mesh_router_buffered/base/2_floorplan.odb
read_sdc ./results/asap7/bsg_mesh_router_buffered/base/2_floorplan.sdc
source /root/OpenROAD-flow-scripts/flow/platforms/asap7/setRC.tcl
global_placement -skip_io -density 0.6 -pad_left 0 -pad_right 0
[INFO GPL-0001] ---- Initialize GPL Main Data Structures
[INFO GPL-0002] DBU: 1000
[INFO GPL-0003] SiteSize: (  0.054  0.270 ) um
[INFO GPL-0004] CoreBBox: (  2.052  2.160 ) ( 55.404 55.350 ) um
[INFO GPL-0036] Movable instances area:       1854.591 um^2
[INFO GPL-0037] Total instances area:         1871.882 um^2
[INFO GPL-0035] Pin density area adjust:       254.275 um^2
[INFO GPL-0032] ---- Initialize Region: Top-level
[INFO GPL-0006] Number of instances:             15595
[INFO GPL-0007] Movable instances:               15002
[INFO GPL-0008] Fixed instances:                   593
[INFO GPL-0009] Dummy instances:                     0
[INFO GPL-0010] Number of nets:                  15441
[INFO GPL-0011] Number of pins:                  50194
[INFO GPL-0012] Die BBox:  (  0.000  0.000 ) ( 57.415 57.415 ) um
[INFO GPL-0013] Core BBox: (  2.052  2.160 ) ( 55.404 55.350 ) um
[INFO GPL-0016] Core area:                    2837.793 um^2
[INFO GPL-0014] Region name: top-level.
[INFO GPL-0015] Region area:                  2837.793 um^2
[INFO GPL-0017] Fixed instances area:           17.292 um^2
[INFO GPL-0018] Movable instances area:       2108.865 um^2
[INFO GPL-0019] Utilization:                    74.769 %
[INFO GPL-0020] Standard cells area:          2108.865 um^2
[INFO GPL-0021] Large instances area:            0.000 um^2
[INFO GPL-0005] ---- Execute Conjugate Gradient Initial Placement.
[INFO GPL-0051] Source of initial instance position counters:
	Odb location = 0	Core center = 15002	Region center = 0
[INFO GPL-0033] ---- Initialize Nesterov Region: Top-level
[WARNING GPL-0302] Target density 0.6000 is too low for the available free area.
Automatically adjusting to uniform density 0.7500.
[INFO GPL-0023] Placement target density:       0.7500
[INFO GPL-0024] Movable insts average area:      0.141 um^2
[INFO GPL-0025] Ideal bin area:                  0.187 um^2
[INFO GPL-0026] Ideal bin count:                 15140
[INFO GPL-0027] Total bin area:               2837.793 um^2
[INFO GPL-0028] Bin count (X, Y):          64 ,     64
[INFO GPL-0029] Bin size (W * H):       0.834 *  0.831 um
[INFO GPL-0030] Number of bins:                   4096
[INFO GPL-0084] ---- Execute Nesterov Global Placement.
[INFO GPL-0031] HPWL: Half-Perimeter Wirelength
Iteration | Overflow |     HPWL (um) |  HPWL(%) |   Penalty | Group
---------------------------------------------------------------
        0 |   0.9941 |  1.010888e+04 |   +0.00% |  1.65e-13 |      
       10 |   0.9961 |  3.405544e+03 |  -66.31% |  2.69e-13 |      
       20 |   0.9961 |  3.168640e+03 |   -6.96% |  4.38e-13 |      
       30 |   0.9961 |  3.125901e+03 |   -1.35% |  7.13e-13 |      
       40 |   0.9961 |  3.116068e+03 |   -0.31% |  1.16e-12 |      
       50 |   0.9961 |  3.113569e+03 |   -0.08% |  1.89e-12 |      
       60 |   0.9961 |  3.113681e+03 |   +0.00% |  3.08e-12 |      
       70 |   0.9961 |  3.119844e+03 |   +0.20% |  5.02e-12 |      
       80 |   0.9961 |  3.144261e+03 |   +0.78% |  8.17e-12 |      
       90 |   0.9961 |  3.202673e+03 |   +1.86% |  1.33e-11 |      
      100 |   0.9956 |  3.333431e+03 |   +4.08% |  2.17e-11 |      
      110 |   0.9950 |  3.620577e+03 |   +8.61% |  3.53e-11 |      
      120 |   0.9938 |  4.094865e+03 |  +13.10% |  5.75e-11 |      
      130 |   0.9911 |  4.717169e+03 |  +15.20% |  9.37e-11 |      
      140 |   0.9873 |  5.563487e+03 |  +17.94% |  1.53e-10 |      
      150 |   0.9796 |  6.829927e+03 |  +22.76% |  2.49e-10 |      
      160 |   0.9652 |  8.766494e+03 |  +28.35% |  4.05e-10 |      
      170 |   0.9406 |  1.136949e+04 |  +29.69% |  6.59e-10 |      
      180 |   0.9101 |  1.389977e+04 |  +22.25% |  1.07e-09 |      
      190 |   0.8834 |  1.569257e+04 |  +12.90% |  1.75e-09 |      
      200 |   0.8633 |  1.722200e+04 |   +9.75% |  2.85e-09 |      
      210 |   0.8371 |  1.922825e+04 |  +11.65% |  4.64e-09 |      
      220 |   0.7958 |  2.193923e+04 |  +14.10% |  7.55e-09 |      
      230 |   0.7608 |  2.468903e+04 |  +12.53% |  1.23e-08 |      
      240 |   0.7259 |  2.711858e+04 |   +9.84% |  2.00e-08 |      
      250 |   0.6863 |  2.908633e+04 |   +7.26% |  3.26e-08 |      
      260 |   0.6466 |  3.058397e+04 |   +5.15% |  5.31e-08 |      
      270 |   0.6033 |  3.190553e+04 |   +4.32% |  8.65e-08 |      
      280 |   0.5635 |  3.267165e+04 |   +2.40% |  1.41e-07 |      
      290 |   0.5195 |  3.265863e+04 |   -0.04% |  2.29e-07 |      
      300 |   0.4768 |  3.259556e+04 |   -0.19% |  3.74e-07 |      
      310 |   0.4325 |  3.253395e+04 |   -0.19% |  6.09e-07 |      
      320 |   0.3866 |  3.266291e+04 |   +0.40% |  9.92e-07 |      
      330 |   0.3407 |  3.257795e+04 |   -0.26% |  1.60e-06 |      
      340 |   0.3029 |  3.251512e+04 |   -0.19% |  2.36e-06 |      
      350 |   0.2665 |  3.260299e+04 |   +0.27% |  3.47e-06 |      
      360 |   0.2312 |  3.259661e+04 |   -0.02% |  5.11e-06 |      
      370 |   0.1994 |  3.259241e+04 |   -0.01% |  7.53e-06 |      
      380 |   0.1727 |  3.263848e+04 |   +0.14% |  1.11e-05 |      
      390 |   0.1462 |  3.270853e+04 |   +0.21% |  1.63e-05 |      
      400 |   0.1228 |  3.274150e+04 |   +0.10% |  2.41e-05 |      
      410 |   0.1003 |  3.278455e+04 |   +0.13% |  3.55e-05 |      
      411 |   0.0983 |  3.278360e+04 |          |  3.83e-05 |      
---------------------------------------------------------------
[INFO GPL-1001] Global placement finished at iteration 411
[INFO GPL-1002] Placed Cell Area             2108.8654
[INFO GPL-1003] Available Free Area          2820.5010
[INFO GPL-1004] Minimum Feasible Density        0.7500 (cell_area / free_area)
[INFO GPL-1006]   Suggested Target Densities:
[INFO GPL-1007]     - For 90% usage of free space: 0.8308
[INFO GPL-1008]     - For 80% usage of free space: 0.9346
[INFO GPL-1014] Final placement area: 2108.87 (+0.00%)
Design area 1872 um^2 66% utilization.
write_db ./results/asap7/bsg_mesh_router_buffered/base/3_1_place_gp_skip_io.odb
Elapsed time: 0:02.83[h:]min:sec. CPU time: user 12.54 sys 0.07 (446%). Peak memory: 240844KB.
Log                       Ext     Elapsed/s Peak Memory/MB sha1sum result [0:20)
3_1_place_gp_skip_io      .odb            2            235 873724296ad41c2f7254
