OpenROAD 26Q2-2123-g8f0a892fa2 
Features included (+) or not (-): +GPU +GUI +Python
This program is licensed under the BSD-3 license. See the LICENSE file for details.
Components of this program may be licensed under more restrictive licenses which must be honored.
[INFO ORD-0030] Using 8 thread(s).
source /root/OpenROAD-flow-scripts/flow/platforms/asap7/liberty_suppressions.tcl
read_liberty /root/OpenROAD-flow-scripts/flow/platforms/asap7/lib/NLDM/asap7sc7p5t_AO_RVT_TT_nldm_211120.lib.gz
read_liberty /root/OpenROAD-flow-scripts/flow/platforms/asap7/lib/NLDM/asap7sc7p5t_INVBUF_RVT_TT_nldm_220122.lib.gz
read_liberty /root/OpenROAD-flow-scripts/flow/platforms/asap7/lib/NLDM/asap7sc7p5t_OA_RVT_TT_nldm_211120.lib.gz
read_liberty /root/OpenROAD-flow-scripts/flow/platforms/asap7/lib/NLDM/asap7sc7p5t_SEQ_RVT_TT_nldm_220123.lib
read_liberty /root/OpenROAD-flow-scripts/flow/platforms/asap7/lib/NLDM/asap7sc7p5t_SIMPLE_RVT_TT_nldm_211120.lib.gz
read_db ./results/asap7/bsg_mesh_router_buffered/base/3_2_place_iop.odb
read_sdc ./results/asap7/bsg_mesh_router_buffered/base/2_floorplan.sdc
source /root/OpenROAD-flow-scripts/flow/platforms/asap7/setRC.tcl
[INFO RSZ-0026] Removed 1233 buffers.
Perform port buffering...
[INFO RSZ-0027] Inserted 343 BUFx2_ASAP7_75t_R input buffers.
[INFO RSZ-0028] Inserted 330 BUFx2_ASAP7_75t_R output buffers.
global_placement -density 0.6 -pad_left 0 -pad_right 0 -routability_driven -timing_driven -force_center_initial_place -min_phi_coef 0.95 -max_phi_coef 1.05
[INFO GPL-0001] ---- Initialize GPL Main Data Structures
[INFO GPL-0002] DBU: 1000
[INFO GPL-0003] SiteSize: (  0.054  0.270 ) um
[INFO GPL-0004] CoreBBox: (  2.052  2.160 ) ( 55.404 55.350 ) um
[INFO GPL-0036] Movable instances area:       1812.965 um^2
[INFO GPL-0037] Total instances area:         1830.257 um^2
[INFO GPL-0035] Pin density area adjust:       254.275 um^2
[INFO GPL-0032] ---- Initialize Region: Top-level
[INFO GPL-0006] Number of instances:             15035
[INFO GPL-0007] Movable instances:               14442
[INFO GPL-0008] Fixed instances:                   593
[INFO GPL-0009] Dummy instances:                     0
[INFO GPL-0010] Number of nets:                  14881
[INFO GPL-0011] Number of pins:                  49748
[INFO GPL-0012] Die BBox:  (  0.000  0.000 ) ( 57.415 57.415 ) um
[INFO GPL-0013] Core BBox: (  2.052  2.160 ) ( 55.404 55.350 ) um
[INFO GPL-0016] Core area:                    2837.793 um^2
[INFO GPL-0014] Region name: top-level.
[INFO GPL-0015] Region area:                  2837.793 um^2
[INFO GPL-0017] Fixed instances area:           17.292 um^2
[INFO GPL-0018] Movable instances area:       2067.240 um^2
[INFO GPL-0019] Utilization:                    73.293 %
[INFO GPL-0020] Standard cells area:          2067.240 um^2
[INFO GPL-0021] Large instances area:            0.000 um^2
[INFO GPL-0005] ---- Execute Conjugate Gradient Initial Placement.
[INFO GPL-0051] Source of initial instance position counters:
	Odb location = 0	Core center = 14442	Region center = 0
[InitialPlace]  Iter: 1 conjugate gradient residual: 0.00000739 HPWL: 43963901
[InitialPlace]  Iter: 2 conjugate gradient residual: 0.00000221 HPWL: 39297649
[InitialPlace]  Iter: 3 conjugate gradient residual: 0.00000963 HPWL: 39332503
[InitialPlace]  Iter: 4 conjugate gradient residual: 0.00000414 HPWL: 39325231
[InitialPlace]  Iter: 5 conjugate gradient residual: 0.00000601 HPWL: 39315559
[INFO GPL-0033] ---- Initialize Nesterov Region: Top-level
[WARNING GPL-0302] Target density 0.6000 is too low for the available free area.
Automatically adjusting to uniform density 0.7400.
[INFO GPL-0023] Placement target density:       0.7400
[INFO GPL-0024] Movable insts average area:      0.143 um^2
[INFO GPL-0025] Ideal bin area:                  0.193 um^2
[INFO GPL-0026] Ideal bin count:                 14670
[INFO GPL-0027] Total bin area:               2837.793 um^2
[INFO GPL-0028] Bin count (X, Y):          64 ,     64
[INFO GPL-0029] Bin size (W * H):       0.834 *  0.831 um
[INFO GPL-0030] Number of bins:                   4096
[INFO GPL-0084] ---- Execute Nesterov Global Placement.
[INFO GPL-0031] HPWL: Half-Perimeter Wirelength
Iteration | Overflow |     HPWL (um) |  HPWL(%) |   Penalty | Group
---------------------------------------------------------------
        0 |   0.7625 |  3.480546e+04 |   +0.00% |  7.41e-12 |      
       10 |   0.7593 |  3.248850e+04 |   -6.66% |  1.21e-11 |      
       20 |   0.7613 |  3.271350e+04 |   +0.69% |  1.97e-11 |      
       30 |   0.7669 |  3.309572e+04 |   +1.17% |  3.20e-11 |      
       40 |   0.7691 |  3.353354e+04 |   +1.32% |  5.21e-11 |      
       50 |   0.7642 |  3.384478e+04 |   +0.93% |  8.49e-11 |      
       60 |   0.7576 |  3.394709e+04 |   +0.30% |  1.38e-10 |      
       70 |   0.7521 |  3.390551e+04 |   -0.12% |  2.25e-10 |      
       80 |   0.7458 |  3.384128e+04 |   -0.19% |  3.67e-10 |      
       90 |   0.7423 |  3.377890e+04 |   -0.18% |  5.98e-10 |      
      100 |   0.7393 |  3.374788e+04 |   -0.09% |  9.74e-10 |      
      110 |   0.7339 |  3.380613e+04 |   +0.17% |  1.59e-09 |      
      120 |   0.7220 |  3.393040e+04 |   +0.37% |  2.58e-09 |      
      130 |   0.7043 |  3.410596e+04 |   +0.52% |  4.21e-09 |      
      140 |   0.6799 |  3.417155e+04 |   +0.19% |  6.86e-09 |      
      150 |   0.6511 |  3.399469e+04 |   -0.52% |  1.12e-08 |      
[INFO GPL-0100] Timing-driven iteration 1/2, virtual: false.
[INFO GPL-0101]    Iter: 157, overflow: 0.632, keep resizer changes at: 1, HPWL: 33734664
Iteration |   Area    | Resized | Buffers | Nets repaired | Remaining
---------------------------------------------------------------------
        0 |     +0.0% |       0 |       0 |             0 |     14881
    final |     +2.8% |       4 |     684 |            87 |         0
---------------------------------------------------------------------
[INFO RSZ-0034] Found 87 slew violations.
[INFO RSZ-0035] Found 86 fanout violations.
[INFO RSZ-0039] Resized 4 instances.
[INFO RSZ-0038] Inserted 684 buffers in 87 nets.
   Iter   |    Area   | Removed | Inserted |   Pins
          |           | Buffers | Buffers  | Remaining
-------------------------------------------------------
        0 |     +0.0% |       0 |        0 |     14537
     1400 |     +0.3% |      79 |      106 |     13137
     2800 |     +0.3% |      79 |      106 |     11737
     4200 |     +0.3% |      79 |      106 |     10337
     5600 |     +0.3% |      79 |      106 |      8937
     7000 |     +0.6% |     399 |      444 |      7537
     8400 |     +0.7% |     401 |      464 |      6137
     9800 |     +0.7% |     401 |      468 |      4737
    11200 |     +0.7% |     401 |      468 |      3337
    12600 |     +0.8% |     465 |      544 |      1937
    14000 |     +0.8% |     465 |      544 |       537
    final |     +1.0% |     684 |      772 |         0
-------------------------------------------------------
[INFO GPL-0106] Timing-driven: worst slack 1.3073986e-11
[INFO GPL-0107] Timing-driven: repair_design delta area: 69.709 um^2 (+3.37%)
[INFO GPL-0108] Timing-driven: repair_design, gpl delta gcells: 772 (+5.35%)
[INFO GPL-0109] Timing-driven: repair_design, gcells created: 1456, deleted: 684
[INFO GPL-0110] Timing-driven: new target density: 0.7647153
Iteration | Overflow |     HPWL (um) |  HPWL(%) |   Penalty | Group
---------------------------------------------------------------
      160 |   0.6193 |  3.870751e+04 |  +13.86% |  1.82e-08 |      
      170 |   0.6139 |  3.885377e+04 |   +0.38% |  2.96e-08 |      
      180 |   0.6168 |  3.837623e+04 |   -1.23% |  4.82e-08 |      
[INFO GPL-0038] Routability snapshot saved at iter = 187
      186 |   0.6000 |  3.863364e+04 |          |           |      
      190 |   0.5849 |  3.889453e+04 |   +1.35% |  7.86e-08 |      
      200 |   0.5488 |  3.900004e+04 |   +0.27% |  1.28e-07 |      
      210 |   0.5193 |  3.793593e+04 |   -2.73% |  2.08e-07 |      
      220 |   0.4766 |  3.732113e+04 |   -1.62% |  3.40e-07 |      
      230 |   0.4272 |  3.687853e+04 |   -1.19% |  5.53e-07 |      
      240 |   0.3860 |  3.658850e+04 |   -0.79% |  9.01e-07 |      
      250 |   0.3386 |  3.647601e+04 |   -0.31% |  1.45e-06 |      
      260 |   0.2990 |  3.621787e+04 |   -0.71% |  2.14e-06 |      
[INFO GPL-0040] Routability iteration: 1
[WARNING GRT-0281] Net clk_i has a large fanout of 2628 terminals.
[INFO GPL-0041] Total routing overflow: 0.2549
[INFO GPL-0042] Number of overflowed tiles: 4 (0.04%)
[INFO GPL-0043] Average top 0.5% routing congestion: 0.7622
[INFO GPL-0044] Average top 1.0% routing congestion: 0.7221
[INFO GPL-0045] Average top 2.0% routing congestion: 0.6887
[INFO GPL-0046] Average top 5.0% routing congestion: 0.6407
[INFO GPL-0047] Routability iteration weighted routing congestion: 0.7421
[INFO GPL-0050] Weighted routing congestion is lower than target routing congestion(1.0100), end routability optimization.
[INFO GPL-0090] Routability finished. Target routing congestion achieved succesfully.
Iteration | Overflow |     HPWL (um) |  HPWL(%) |   Penalty | Group
---------------------------------------------------------------
      270 |   0.2682 |  3.623106e+04 |   +0.04% |  3.15e-06 |      
      280 |   0.2355 |  3.622067e+04 |   -0.03% |  4.64e-06 |      
      290 |   0.2065 |  3.623109e+04 |   +0.03% |  6.84e-06 |      
[INFO GPL-0100] Timing-driven iteration 2/2, virtual: false.
[INFO GPL-0101]    Iter: 296, overflow: 0.193, keep resizer changes at: 1, HPWL: 36216307
Iteration |   Area    | Resized | Buffers | Nets repaired | Remaining
---------------------------------------------------------------------
        0 |     +0.0% |       0 |       0 |             0 |     15653
    final |     +0.0% |       0 |       0 |             0 |         0
---------------------------------------------------------------------
   Iter   |    Area   | Removed | Inserted |   Pins
          |           | Buffers | Buffers  | Remaining
-------------------------------------------------------
        0 |     +0.0% |       0 |        0 |     14537
     1400 |     -0.2% |     106 |       78 |     13137
     2800 |     -0.2% |     106 |       78 |     11737
     4200 |     -0.2% |     106 |       78 |     10337
     5600 |     -0.2% |     106 |       78 |      8937
     7000 |     -0.0% |     444 |      447 |      7537
     8400 |     -0.0% |     464 |      464 |      6137
     9800 |     -0.1% |     468 |      464 |      4737
    11200 |     -0.1% |     468 |      464 |      3337
    12600 |     -0.1% |     544 |      537 |      1937
    14000 |     -0.1% |     544 |      537 |       537
    final |     -0.1% |     772 |      766 |         0
-------------------------------------------------------
[INFO GPL-0106] Timing-driven: worst slack 2.8437863e-11
[INFO GPL-0107] Timing-driven: repair_design delta area: -0.991 um^2 (-0.05%)
[INFO GPL-0108] Timing-driven: repair_design, gpl delta gcells: -6 (-0.04%)
[INFO GPL-0109] Timing-driven: repair_design, gcells created: 766, deleted: 772
[INFO GPL-0110] Timing-driven: new target density: 0.7643638
Iteration | Overflow |     HPWL (um) |  HPWL(%) |   Penalty | Group
---------------------------------------------------------------
      300 |   0.1839 |  3.760151e+04 |   +3.78% |  1.01e-05 |      
      310 |   0.1530 |  3.696507e+04 |   -1.69% |  1.48e-05 |      
      320 |   0.1310 |  3.705496e+04 |   +0.24% |  2.19e-05 |      
      330 |   0.1113 |  3.692778e+04 |   -0.34% |  3.22e-05 |      
      337 |   0.0987 |  3.682943e+04 |          |  4.39e-05 |      
---------------------------------------------------------------
[INFO GPL-1001] Global placement finished at iteration 337
[INFO GPL-1017] Routability mode iteration count: 73
[INFO GPL-1005] Routability final weighted congestion: 0.6926
[INFO GPL-1002] Placed Cell Area             2135.9576
[INFO GPL-1003] Available Free Area          2820.5010
[INFO GPL-1004] Minimum Feasible Density        0.7400 (cell_area / free_area)
[INFO GPL-1006]   Suggested Target Densities:
[INFO GPL-1007]     - For 90% usage of free space: 0.8414
[INFO GPL-1008]     - For 80% usage of free space: 0.9466
[INFO GPL-1011] Original area (um^2): 2067.24
[INFO GPL-1012] Total routability artificial inflation: 0.00 (+0.00%)
[INFO GPL-1013] Total timing-driven delta area: 68.72 (+3.32%)
[INFO GPL-1014] Final placement area: 2135.96 (+3.32%)
Took 11 seconds: global_placement -density 0.6 -pad_left 0 -pad_right 0 -routability_driven -timing_driven -force_center_initial_place -min_phi_coef 0.95 -max_phi_coef 1.05
estimate_parasitics -placement
Report metrics stage 3, global place...

==========================================================================
global place report_design_area
--------------------------------------------------------------------------
Design area 1899 um^2 67% utilization.
write_db ./results/asap7/bsg_mesh_router_buffered/base/3_3_place_gp.odb
Elapsed time: 0:16.55[h:]min:sec. CPU time: user 44.09 sys 0.84 (271%). Peak memory: 478348KB.
Log                       Ext     Elapsed/s Peak Memory/MB sha1sum result [0:20)
3_3_place_gp              .odb           16            467 6c5542b03850c6223291
