OpenROAD 26Q2-2123-g8f0a892fa2 
Features included (+) or not (-): +GPU +GUI +Python
This program is licensed under the BSD-3 license. See the LICENSE file for details.
Components of this program may be licensed under more restrictive licenses which must be honored.
[INFO ORD-0030] Using 8 thread(s).
source /root/OpenROAD-flow-scripts/flow/platforms/asap7/liberty_suppressions.tcl
read_liberty /root/OpenROAD-flow-scripts/flow/platforms/asap7/lib/NLDM/asap7sc7p5t_AO_RVT_TT_nldm_211120.lib.gz
read_liberty /root/OpenROAD-flow-scripts/flow/platforms/asap7/lib/NLDM/asap7sc7p5t_INVBUF_RVT_TT_nldm_220122.lib.gz
read_liberty /root/OpenROAD-flow-scripts/flow/platforms/asap7/lib/NLDM/asap7sc7p5t_OA_RVT_TT_nldm_211120.lib.gz
read_liberty /root/OpenROAD-flow-scripts/flow/platforms/asap7/lib/NLDM/asap7sc7p5t_SEQ_RVT_TT_nldm_220123.lib
read_liberty /root/OpenROAD-flow-scripts/flow/platforms/asap7/lib/NLDM/asap7sc7p5t_SIMPLE_RVT_TT_nldm_211120.lib.gz
read_db ./results/asap7/bsg_mesh_router_buffered/base/3_3_place_gp.odb
read_sdc ./results/asap7/bsg_mesh_router_buffered/base/2_floorplan.sdc
source /root/OpenROAD-flow-scripts/flow/platforms/asap7/setRC.tcl
estimate_parasitics -placement
Perform buffer insertion and gate resizing...
repair_design -verbose
Iteration |   Area    | Resized | Buffers | Nets repaired | Remaining
---------------------------------------------------------------------
        0 |     +0.0% |       0 |       0 |             0 |     15647
     1000 |     +0.0% |       0 |       0 |             0 |     14647
     2000 |     +0.0% |       0 |       0 |             0 |     13647
     3000 |     +0.0% |       0 |       0 |             0 |     12647
     4000 |     +0.0% |       0 |       0 |             0 |     11647
     5000 |     +0.0% |       0 |       0 |             0 |     10647
     6000 |     +0.0% |       0 |       0 |             0 |      9647
     7000 |     +0.0% |       0 |       0 |             0 |      8647
     8000 |     +0.0% |       0 |       0 |             0 |      7647
     9000 |     +0.0% |       0 |       0 |             0 |      6647
    10000 |     +0.0% |       0 |       0 |             0 |      5647
    11000 |     +0.0% |       0 |       0 |             0 |      4647
    12000 |     +0.0% |       0 |       0 |             0 |      3647
    13000 |     +0.0% |       0 |       0 |             0 |      2647
    14000 |     +0.0% |       0 |       0 |             0 |      1647
    15000 |     +0.0% |       0 |       0 |             0 |       647
    final |     +0.0% |       0 |       0 |             0 |         0
---------------------------------------------------------------------
Floating nets: 
Report metrics stage 3, resizer...

==========================================================================
resizer report_design_area
--------------------------------------------------------------------------
Design area 1899 um^2 67% utilization.
Instance count before 15801, after 15801
Pin count before 50606, after 50606
write_db ./results/asap7/bsg_mesh_router_buffered/base/3_4_place_resized.odb
Elapsed time: 0:07.93[h:]min:sec. CPU time: user 10.00 sys 0.43 (131%). Peak memory: 282784KB.
Log                       Ext     Elapsed/s Peak Memory/MB sha1sum result [0:20)
3_4_place_resized         .odb            7            276 6c5542b03850c6223291
