OpenROAD 26Q2-2123-g8f0a892fa2 
Features included (+) or not (-): +GPU +GUI +Python
This program is licensed under the BSD-3 license. See the LICENSE file for details.
Components of this program may be licensed under more restrictive licenses which must be honored.
[INFO ORD-0030] Using 8 thread(s).
source /root/OpenROAD-flow-scripts/flow/platforms/asap7/liberty_suppressions.tcl
read_liberty /root/OpenROAD-flow-scripts/flow/platforms/asap7/lib/NLDM/asap7sc7p5t_AO_RVT_TT_nldm_211120.lib.gz
read_liberty /root/OpenROAD-flow-scripts/flow/platforms/asap7/lib/NLDM/asap7sc7p5t_INVBUF_RVT_TT_nldm_220122.lib.gz
read_liberty /root/OpenROAD-flow-scripts/flow/platforms/asap7/lib/NLDM/asap7sc7p5t_OA_RVT_TT_nldm_211120.lib.gz
read_liberty /root/OpenROAD-flow-scripts/flow/platforms/asap7/lib/NLDM/asap7sc7p5t_SEQ_RVT_TT_nldm_220123.lib
read_liberty /root/OpenROAD-flow-scripts/flow/platforms/asap7/lib/NLDM/asap7sc7p5t_SIMPLE_RVT_TT_nldm_211120.lib.gz
read_db ./results/asap7/bsg_mesh_router_buffered/base/3_4_place_resized.odb
read_sdc ./results/asap7/bsg_mesh_router_buffered/base/2_floorplan.sdc
source /root/OpenROAD-flow-scripts/flow/platforms/asap7/setRC.tcl
detailed_placement
[INFO DPL-0006] Core area: 2837.79 um^2, Instances area: 1899.12 um^2, Utilization: 66.9%
[INFO DPL-0005] Diamond search max displacement: +/- 500 sites horizontally, +/- 100 rows vertically.
[INFO DPL-1101] Legalizing using diamond search.
Movements Summary
---------------------------------------
Total cells:                   15208
Diamond Move Success:          15208 (100.00%)
Diamond Move Failure:              0
Rip-up and replace Success:        0 (  0.00% of diamond failures)
Rip-up and replace Failure:        0
Total Placement Failures:          0
---------------------------------------
Placement Analysis
---------------------------------
total displacement       4577.6 u
average displacement        0.3 u
max displacement            1.1 u
original HPWL           37030.8 u
legalized HPWL          41406.9 u
delta HPWL                   12 %

improve_placement -max_displacement "5 1"
Detailed placement improvement.
[INFO DPL-0401] Setting random seed to 1.
[INFO DPL-0402] Setting maximum displacement 5 1 to 1350 270 units.
[INFO DPL-0320] Collected 1267 fixed cells.
[INFO DPL-0318] Collected 15208 single height cells.
[INFO DPL-0321] Collected 0 wide cells.
[INFO DPL-0322] Image (2052, 2160) - (55404, 55350)
[INFO DPL-0310] Assigned 15208 cells into segments.  Movement in X-direction is 0.000000, movement in Y-direction is 0.000000.
[INFO DPL-0313] Found 0 cells in wrong regions.
[INFO DPL-0315] Found 0 row alignment problems.
[INFO DPL-0314] Found 0 site alignment problems.
[INFO DPL-0311] Found 0 overlaps between adjacent cells.
[INFO DPL-0312] Found 0 edge spacing violations and 0 padding violations.
[INFO DPL-0303] Running algorithm for independent set matching.
[INFO DPL-0300] Set matching objective is wirelength.
[INFO DPL-0301] Pass   1 of matching; objective is 4.121969e+07.
[INFO DPL-0302] End of matching; objective is 4.117120e+07, improvement is 0.12 percent.
[INFO DPL-0303] Running algorithm for global swaps.
[INFO DPL-0306] Pass   1 of global swaps; hpwl is 4.066035e+07.
[INFO DPL-0306] Pass   2 of global swaps; hpwl is 4.055155e+07.
[INFO DPL-0307] End of global swaps; objective is 4.055155e+07, improvement is 1.51 percent.
[INFO DPL-0303] Running algorithm for vertical swaps.
[INFO DPL-0308] Pass   1 of vertical swaps; hpwl is 4.043228e+07.
[INFO DPL-0309] End of vertical swaps; objective is 4.043228e+07, improvement is 0.29 percent.
[INFO DPL-0303] Running algorithm for reordering.
[INFO DPL-0304] Pass   1 of reordering; objective is 4.030370e+07.
[INFO DPL-0305] End of reordering; objective is 4.030370e+07, improvement is 0.32 percent.
[INFO DPL-0303] Running algorithm for random improvement.
[INFO DPL-0324] Random improver is using random generator.
[INFO DPL-0325] Random improver is using hpwl objective.
[INFO DPL-0326] Random improver cost string is (a).
[INFO DPL-0332] End of pass, Generator random called 304160 times.
[INFO DPL-0335] Generator random, Cumulative attempts 304160, swaps 50962, moves 64011 since last reset.
[INFO DPL-0333] End of pass, Objective hpwl, Initial cost 4.019651e+07, Scratch cost 3.981140e+07, Incremental cost 3.981140e+07, Mismatch? N
[INFO DPL-0338] End of pass, Total cost is 3.981140e+07.
[INFO DPL-0327] Pass   1 of random improver; improvement in cost is 0.96 percent.
[INFO DPL-0328] End of random improver; improvement is 0.958083 percent.
[INFO DPL-0380] Cell flipping.
[INFO DPL-0382] Changed 0 cell orientations for row compatibility.
[INFO DPL-0383] Performed 5909 cell flips.
[INFO DPL-0384] End of flipping; objective is 3.871180e+07, improvement is 3.02 percent.
[INFO DPL-0313] Found 0 cells in wrong regions.
[INFO DPL-0315] Found 0 row alignment problems.
[INFO DPL-0314] Found 0 site alignment problems.
[INFO DPL-0311] Found 0 overlaps between adjacent cells.
[INFO DPL-0312] Found 0 edge spacing violations and 0 padding violations.
Detailed Improvement Results
------------------------------------------
Original HPWL            41406.9 u (   19984.7,    21422.2)
Final HPWL               38572.3 u (   18071.0,    20501.3)
Delta HPWL                  -6.8 % (      -9.6,       -4.3)

optimize_mirroring
[INFO DPL-0020] Mirrored 998 instances
[INFO DPL-0021] HPWL before           38572.3 u
[INFO DPL-0022] HPWL after            38542.4 u
[INFO DPL-0023] HPWL delta               -0.1 %
[INFO FLW-0012] Placement violations .
estimate_parasitics -placement
Report metrics stage 3, detailed place...

==========================================================================
detailed place report_design_area
--------------------------------------------------------------------------
Design area 1899 um^2 67% utilization.
write_db ./results/asap7/bsg_mesh_router_buffered/base/3_5_place_dp.odb
Elapsed time: 0:09.24[h:]min:sec. CPU time: user 11.21 sys 0.34 (124%). Peak memory: 305568KB.
Log                       Ext     Elapsed/s Peak Memory/MB sha1sum result [0:20)
3_5_place_dp              .odb            9            298 a6efa84251049cc8bb8f
