OpenROAD 26Q2-2123-g8f0a892fa2 
Features included (+) or not (-): +GPU +GUI +Python
This program is licensed under the BSD-3 license. See the LICENSE file for details.
Components of this program may be licensed under more restrictive licenses which must be honored.
[INFO ORD-0030] Using 8 thread(s).
source /root/OpenROAD-flow-scripts/flow/platforms/asap7/liberty_suppressions.tcl
read_liberty /root/OpenROAD-flow-scripts/flow/platforms/asap7/lib/NLDM/asap7sc7p5t_AO_RVT_TT_nldm_211120.lib.gz
read_liberty /root/OpenROAD-flow-scripts/flow/platforms/asap7/lib/NLDM/asap7sc7p5t_INVBUF_RVT_TT_nldm_220122.lib.gz
read_liberty /root/OpenROAD-flow-scripts/flow/platforms/asap7/lib/NLDM/asap7sc7p5t_OA_RVT_TT_nldm_211120.lib.gz
read_liberty /root/OpenROAD-flow-scripts/flow/platforms/asap7/lib/NLDM/asap7sc7p5t_SEQ_RVT_TT_nldm_220123.lib
read_liberty /root/OpenROAD-flow-scripts/flow/platforms/asap7/lib/NLDM/asap7sc7p5t_SIMPLE_RVT_TT_nldm_211120.lib.gz
read_db ./results/asap7/bsg_mesh_router_buffered/base/3_place.odb
read_sdc ./results/asap7/bsg_mesh_router_buffered/base/3_place.sdc
source /root/OpenROAD-flow-scripts/flow/platforms/asap7/setRC.tcl
clock_tree_synthesis -sink_clustering_enable -repair_clock_nets
[INFO CTS-0050] Root buffer is BUFx16f_ASAP7_75t_R.
[INFO CTS-0051] Sink buffer is BUFx24_ASAP7_75t_R.
[INFO CTS-0052] The following clock buffers will be used for CTS:
                    BUFx16f_ASAP7_75t_R
                    BUFx24_ASAP7_75t_R
[INFO CTS-0049] Characterization buffer is BUFx24_ASAP7_75t_R.
[INFO CTS-0007] Net "clk_i" found for clock "clk".
[INFO CTS-0010]  Clock net "clk_i" has 2627 sinks.
[INFO CTS-0008] TritonCTS found 1 clock nets.
[INFO CTS-0097] Characterization used 2 buffer(s) types.
[INFO CTS-0201] 0 blockages from hard placement blockages and placed macros will be used.
[INFO CTS-0027] Generating H-Tree topology for net clk_i.
[INFO CTS-0028]  Total number of sinks: 2627.
[INFO CTS-0060]  Register sinks will be clustered in groups of up to 20 and based on buffer max cap.
[INFO CTS-0030]  Number of static layers: 0.
[INFO CTS-0020]  Wire segment unit: 1350  dbu (1 um).
[INFO CTS-0204] A clustering solution was found from clustering size of 20 and max clustering diameter of 13.
[INFO CTS-0205] Better solution may be possible if either -sink_clustering_size, -sink_clustering_max_diameter, or both options are omitted to enable automatic clustering.
[INFO CTS-0019]  Total number of sinks after clustering: 134.
[INFO CTS-0024]  Normalized sink region: [(2.44785, 2.72105), (39.4565, 39.77)].
[INFO CTS-0025]     Width:  37.0087.
[INFO CTS-0026]     Height: 37.0489.
 Level 1
    Direction: Vertical
    Sinks per sub-region: 67
    Sub-region size: 37.0087 X 18.5245
[INFO CTS-0034]     Segment length (rounded): 10.
 Level 2
    Direction: Horizontal
    Sinks per sub-region: 34
    Sub-region size: 18.5043 X 18.5245
[INFO CTS-0034]     Segment length (rounded): 10.
 Level 3
    Direction: Vertical
    Sinks per sub-region: 17
    Sub-region size: 18.5043 X 9.2622
[INFO CTS-0034]     Segment length (rounded): 4.
 Level 4
    Direction: Horizontal
    Sinks per sub-region: 9
    Sub-region size: 9.2522 X 9.2622
[INFO CTS-0034]     Segment length (rounded): 4.
[INFO CTS-0032]  Stop criterion found. Max number of sinks is 15.
[INFO CTS-0035]  Number of sinks covered: 134.
[INFO CTS-0018]     Created 155 clock buffers.
[INFO CTS-0012]     Minimum number of buffers in the clock path: 4.
[INFO CTS-0013]     Maximum number of buffers in the clock path: 4.
[INFO CTS-0015]     Created 155 clock nets.
[INFO CTS-0016]     Fanout distribution for the current clock = 5:1, 7:2, 8:8, 9:4, 10:2, 13:1, 17:2, 18:4, 19:17, 20:109..
[INFO CTS-0017]     Max level of the clock tree: 4.
[INFO CTS-0098] Clock net "clk_i"
[INFO CTS-0099]  Sinks 2660
[INFO CTS-0100]  Leaf buffers 134
[INFO CTS-0101]  Average sink wire length 100.48 um
[INFO CTS-0102]  Path depth 3 - 4
[INFO CTS-0207]  Dummy loads inserted 33
estimate_parasitics -placement
detailed_placement
[INFO DPL-0006] Core area: 2837.79 um^2, Instances area: 1970.34 um^2, Utilization: 69.4%
[INFO DPL-0005] Diamond search max displacement: +/- 500 sites horizontally, +/- 100 rows vertically.
[INFO DPL-1101] Legalizing using diamond search.
Movements Summary
---------------------------------------
Total cells:                   15396
Diamond Move Success:          15396 (100.00%)
Diamond Move Failure:              0
Rip-up and replace Success:        0 (  0.00% of diamond failures)
Rip-up and replace Failure:        0
Total Placement Failures:          0
---------------------------------------
Placement Analysis
---------------------------------
total displacement        472.8 u
average displacement        0.0 u
max displacement            1.3 u
original HPWL           40256.1 u
legalized HPWL          42197.8 u
delta HPWL                    5 %

estimate_parasitics -placement
repair_timing -setup_margin 0 -hold_margin 0 -repair_tns 100 -skip_gate_cloning -verbose
[INFO RSZ-0100] Repair move sequence: UnbufferMove SizeUpMove SwapPinsMove BufferMove SplitLoadMove 
[INFO RSZ-0094] Found 186 endpoints with setup violations.
[INFO RSZ-0099] Repairing 186 out of 186 (100.00%) violating endpoints...
   Iter   | Removed | Resized | Inserted | Cloned |  Pin  |   Area   |    WNS   |   StTNS    |   EnTNS    |  Viol  |  Worst  
          | Buffers |  Gates  | Buffers  |  Gates | Swaps |          |          |            |            | Endpts | St/EnPt 
------------------------------------------------------------------------------------------------------------------------------
       0* |       0 |       0 |        0 |      0 |     0 |    +0.0% |  -86.352 |     -840.8 |    -9231.6 |    186 | link_o[232]
      10* |       0 |       4 |        5 |      0 |     2 |    +0.0% |  -61.107 |     -512.3 |    -6912.3 |    186 | link_o[291]
      20* |       0 |      11 |        6 |      0 |     4 |    +0.0% |  -55.114 |     -445.5 |    -6328.3 |    186 | link_o[232]
      30* |       0 |      18 |        8 |      0 |     5 |    +0.1% |  -44.969 |     -373.9 |    -5241.1 |    186 | link_o[232]
      40* |       1 |      25 |        9 |      0 |     6 |    +0.1% |  -40.542 |     -351.9 |    -4783.3 |    186 | link_o[232]
      50* |       1 |      34 |       10 |      0 |     6 |    +0.1% |  -36.498 |     -322.3 |    -4310.8 |    186 | link_o[232]
      60* |       1 |      40 |       14 |      0 |     8 |    +0.1% |  -37.136 |     -310.3 |    -4128.6 |    186 | link_o[291]
      70* |       1 |      46 |       17 |      0 |    10 |    +0.2% |  -31.605 |     -277.0 |    -3616.2 |    186 | link_o[232]
      80* |       1 |      51 |       20 |      0 |    12 |    +0.2% |  -26.768 |     -217.1 |    -3218.6 |    186 | link_o[298]
      90* |       1 |      54 |       23 |      0 |    16 |    +0.2% |  -21.844 |     -188.9 |    -2271.4 |    186 | link_o[232]
     100* |       1 |      59 |       25 |      0 |    19 |    +0.2% |  -18.306 |     -157.1 |    -1508.0 |    186 | link_o[232]
     110* |       1 |      61 |       33 |      0 |    21 |    +0.3% |  -14.429 |      -92.3 |     -960.5 |    186 | link_o[232]
     120* |       1 |      66 |       33 |      0 |    26 |    +0.3% |  -12.276 |      -72.8 |     -814.1 |    186 | link_o[199]
     125* |       1 |      70 |       36 |      0 |    26 |    +0.3% |   -8.501 |      -43.7 |     -486.0 |    186 | link_o[232]
     130* |       1 |      71 |       36 |      0 |    29 |    +0.3% |   -8.760 |      -43.3 |     -452.7 |    186 | link_o[251]
     140* |       2 |      78 |       37 |      0 |    30 |    +0.3% |  -13.769 |      -49.2 |    -1046.9 |    186 | link_o[251]
     150* |       3 |      78 |       46 |      0 |    32 |    +0.4% |   -6.555 |      -23.1 |     -206.0 |    186 | link_o[251]
     158* |       3 |      82 |       47 |      0 |    35 |    +0.4% |   -4.524 |      -14.9 |      -90.9 |    186 | link_o[35]
     160* |       3 |      83 |       47 |      0 |    35 |    +0.4% |   -4.524 |      -13.5 |      -90.0 |    186 | link_o[35]
     160* |       3 |      83 |       47 |      0 |    35 |    +0.4% |   -4.524 |      -13.5 |      -90.0 |    186 | link_o[35]
     161* |       3 |      83 |       47 |      0 |    35 |    +0.4% |   -4.524 |      -13.5 |      -90.0 |    186 | link_o[35]
     162* |       3 |      83 |       47 |      0 |    35 |    +0.4% |   -4.524 |      -13.5 |      -90.0 |    186 | link_o[35]
     163* |       3 |      83 |       47 |      0 |    35 |    +0.4% |   -4.524 |      -13.5 |      -90.0 |    186 | link_o[35]
     164* |       3 |      83 |       47 |      0 |    35 |    +0.4% |   -4.524 |      -13.5 |      -90.0 |    186 | link_o[35]
     165* |       3 |      83 |       47 |      0 |    35 |    +0.4% |   -4.524 |      -13.5 |      -90.0 |    186 | link_o[35]
     166* |       3 |      83 |       47 |      0 |    35 |    +0.4% |   -4.524 |      -13.5 |      -90.0 |    186 | link_o[35]
     167* |       3 |      83 |       47 |      0 |    35 |    +0.4% |   -4.524 |      -13.5 |      -90.0 |    186 | link_o[35]
     168* |       3 |      83 |       47 |      0 |    35 |    +0.4% |   -4.524 |      -13.5 |      -90.0 |    186 | link_o[35]
     169* |       3 |      83 |       47 |      0 |    35 |    +0.4% |   -4.524 |      -13.5 |      -90.0 |    186 | link_o[35]
     170* |       3 |      83 |       47 |      0 |    35 |    +0.4% |   -4.524 |      -13.5 |      -90.0 |    186 | link_o[35]
     170* |       3 |      83 |       47 |      0 |    35 |    +0.4% |   -4.524 |      -13.5 |      -90.0 |    186 | link_o[35]
     171* |       3 |      83 |       47 |      0 |    35 |    +0.4% |   -4.524 |      -13.5 |      -90.0 |    186 | link_o[35]
     172* |       3 |      83 |       47 |      0 |    35 |    +0.4% |   -4.524 |      -13.5 |      -90.0 |    186 | link_o[35]
     173* |       3 |      83 |       47 |      0 |    35 |    +0.4% |   -4.524 |      -13.5 |      -90.0 |    186 | link_o[35]
     174* |       3 |      83 |       47 |      0 |    35 |    +0.4% |   -4.524 |      -13.5 |      -90.0 |    186 | link_o[35]
     175* |       3 |      83 |       47 |      0 |    35 |    +0.4% |   -4.524 |      -13.5 |      -90.0 |    186 | link_o[35]
     176* |       3 |      83 |       47 |      0 |    35 |    +0.4% |   -4.524 |      -13.5 |      -90.0 |    186 | link_o[35]
     177* |       3 |      83 |       47 |      0 |    35 |    +0.4% |   -4.524 |      -13.5 |      -90.0 |    186 | link_o[35]
     178* |       3 |      83 |       47 |      0 |    35 |    +0.4% |   -4.524 |      -13.5 |      -90.0 |    186 | link_o[35]
     179* |       3 |      83 |       47 |      0 |    35 |    +0.4% |   -4.524 |      -13.5 |      -90.0 |    186 | link_o[35]
     180* |       3 |      83 |       47 |      0 |    35 |    +0.4% |   -4.524 |      -13.5 |      -90.0 |    186 | link_o[35]
     180* |       3 |      83 |       47 |      0 |    35 |    +0.4% |   -4.524 |      -13.5 |      -90.0 |    186 | link_o[35]
     181* |       3 |      83 |       47 |      0 |    35 |    +0.4% |   -4.524 |      -13.5 |      -90.0 |    186 | link_o[35]
     182* |       3 |      83 |       47 |      0 |    35 |    +0.4% |   -4.524 |      -13.5 |      -90.0 |    186 | link_o[35]
     183* |       3 |      83 |       47 |      0 |    35 |    +0.4% |   -4.524 |      -13.5 |      -90.0 |    186 | link_o[35]
     184* |       3 |      83 |       47 |      0 |    35 |    +0.4% |   -4.524 |      -13.5 |      -90.0 |    186 | link_o[35]
     185* |       3 |      83 |       47 |      0 |    35 |    +0.4% |   -4.524 |      -13.5 |      -90.0 |    186 | link_o[35]
     186* |       3 |      83 |       47 |      0 |    35 |    +0.4% |   -4.524 |      -13.5 |      -90.0 |    186 | link_o[35]
     187* |       3 |      83 |       47 |      0 |    35 |    +0.4% |   -4.524 |      -13.5 |      -90.0 |    186 | link_o[35]
     188* |       3 |      83 |       47 |      0 |    35 |    +0.4% |   -4.524 |      -13.5 |      -90.0 |    186 | link_o[35]
     189* |       3 |      83 |       47 |      0 |    35 |    +0.4% |   -4.524 |      -13.5 |      -90.0 |    186 | link_o[35]
     190* |       3 |      83 |       47 |      0 |    35 |    +0.4% |   -4.524 |      -13.5 |      -90.0 |    186 | link_o[35]
     190* |       3 |      83 |       47 |      0 |    35 |    +0.4% |   -4.524 |      -13.5 |      -90.0 |    186 | link_o[35]
     191* |       3 |      83 |       47 |      0 |    35 |    +0.4% |   -4.524 |      -13.5 |      -90.0 |    186 | link_o[35]
     192* |       3 |      83 |       47 |      0 |    35 |    +0.4% |   -4.524 |      -13.5 |      -90.0 |    186 | link_o[35]
     193* |       3 |      83 |       47 |      0 |    35 |    +0.4% |   -4.524 |      -13.5 |      -90.0 |    186 | link_o[35]
     196* |       3 |      85 |       47 |      0 |    35 |    +0.4% |   -4.524 |      -11.5 |      -88.7 |    186 | link_o[35]
     197* |       3 |      85 |       47 |      0 |    35 |    +0.4% |   -4.524 |      -11.5 |      -88.7 |    186 | link_o[35]
     198* |       3 |      85 |       47 |      0 |    35 |    +0.4% |   -4.524 |      -11.5 |      -88.7 |    186 | link_o[35]
     199* |       3 |      85 |       47 |      0 |    35 |    +0.4% |   -4.524 |      -11.5 |      -88.7 |    186 | link_o[35]
     200* |       3 |      85 |       47 |      0 |    35 |    +0.4% |   -4.524 |      -11.5 |      -88.7 |    186 | link_o[35]
     200* |       3 |      85 |       47 |      0 |    35 |    +0.4% |   -4.524 |      -11.5 |      -88.7 |    186 | link_o[35]
     201* |       3 |      85 |       47 |      0 |    35 |    +0.4% |   -4.524 |      -11.5 |      -88.7 |    186 | link_o[35]
     202* |       3 |      85 |       47 |      0 |    35 |    +0.4% |   -4.524 |      -11.5 |      -88.7 |    186 | link_o[35]
     203* |       3 |      85 |       47 |      0 |    35 |    +0.4% |   -4.524 |      -11.5 |      -88.7 |    186 | link_o[35]
     204* |       3 |      85 |       47 |      0 |    35 |    +0.4% |   -4.524 |      -11.5 |      -88.7 |    186 | link_o[35]
     205* |       3 |      85 |       47 |      0 |    35 |    +0.4% |   -4.524 |      -11.5 |      -88.7 |    186 | link_o[35]
     206* |       3 |      85 |       47 |      0 |    35 |    +0.4% |   -4.524 |      -11.5 |      -88.7 |    186 | link_o[35]
     207* |       3 |      85 |       47 |      0 |    35 |    +0.4% |   -4.524 |      -11.5 |      -88.7 |    186 | link_o[35]
     208* |       3 |      85 |       47 |      0 |    35 |    +0.4% |   -4.524 |      -11.5 |      -88.7 |    186 | link_o[35]
     209* |       3 |      85 |       47 |      0 |    35 |    +0.4% |   -4.524 |      -11.5 |      -88.7 |    186 | link_o[35]
     210* |       3 |      85 |       47 |      0 |    35 |    +0.4% |   -4.524 |      -11.5 |      -88.7 |    186 | link_o[35]
     210* |       3 |      85 |       47 |      0 |    35 |    +0.4% |   -4.524 |      -11.5 |      -88.7 |    186 | link_o[35]
     211* |       3 |      85 |       47 |      0 |    35 |    +0.4% |   -4.524 |      -11.5 |      -88.7 |    186 | link_o[35]
     212* |       3 |      85 |       47 |      0 |    35 |    +0.4% |   -4.524 |      -11.5 |      -88.7 |    186 | link_o[35]
     213* |       3 |      85 |       47 |      0 |    35 |    +0.4% |   -4.524 |      -11.5 |      -88.7 |    186 | link_o[35]
     214* |       3 |      85 |       47 |      0 |    35 |    +0.4% |   -4.524 |      -11.5 |      -88.7 |    186 | link_o[35]
     215* |       3 |      85 |       47 |      0 |    35 |    +0.4% |   -4.524 |      -11.5 |      -88.7 |    186 | link_o[35]
     216* |       3 |      85 |       47 |      0 |    35 |    +0.4% |   -4.524 |      -11.5 |      -88.7 |    186 | link_o[35]
     217* |       3 |      85 |       47 |      0 |    35 |    +0.4% |   -4.524 |      -11.5 |      -88.7 |    186 | link_o[35]
     218* |       3 |      85 |       47 |      0 |    35 |    +0.4% |   -4.524 |      -11.5 |      -88.7 |    186 | link_o[35]
     219* |       3 |      85 |       47 |      0 |    35 |    +0.4% |   -4.524 |      -11.5 |      -88.7 |    186 | link_o[35]
     220* |       3 |      85 |       47 |      0 |    35 |    +0.4% |   -4.524 |      -11.5 |      -88.7 |    186 | link_o[35]
     220* |       3 |      85 |       47 |      0 |    35 |    +0.4% |   -4.524 |      -11.5 |      -88.7 |    186 | link_o[35]
     221* |       3 |      85 |       47 |      0 |    35 |    +0.4% |   -4.524 |      -11.5 |      -88.7 |    186 | link_o[35]
     222* |       3 |      85 |       47 |      0 |    35 |    +0.4% |   -4.524 |      -11.5 |      -88.7 |    186 | link_o[35]
     223* |       3 |      85 |       47 |      0 |    35 |    +0.4% |   -4.524 |      -11.5 |      -88.7 |    186 | link_o[35]
     224* |       3 |      85 |       47 |      0 |    35 |    +0.4% |   -4.524 |      -11.5 |      -88.7 |    186 | link_o[35]
     225* |       3 |      85 |       47 |      0 |    35 |    +0.4% |   -4.524 |      -11.5 |      -88.7 |    186 | link_o[35]
     226* |       3 |      85 |       47 |      0 |    35 |    +0.4% |   -4.524 |      -11.5 |      -88.7 |    186 | link_o[35]
     227* |       3 |      85 |       47 |      0 |    35 |    +0.4% |   -4.524 |      -11.5 |      -88.7 |    186 | link_o[35]
     228* |       3 |      85 |       47 |      0 |    35 |    +0.4% |   -4.524 |      -11.5 |      -88.7 |    186 | link_o[35]
     229* |       3 |      85 |       47 |      0 |    35 |    +0.4% |   -4.524 |      -11.5 |      -88.7 |    186 | link_o[35]
     230* |       3 |      85 |       47 |      0 |    35 |    +0.4% |   -4.524 |      -11.5 |      -88.7 |    186 | link_o[35]
     230* |       3 |      85 |       47 |      0 |    35 |    +0.4% |   -4.524 |      -11.5 |      -88.7 |    186 | link_o[35]
     231* |       3 |      85 |       47 |      0 |    35 |    +0.4% |   -4.524 |      -11.5 |      -88.7 |    186 | link_o[35]
     232* |       3 |      85 |       47 |      0 |    35 |    +0.4% |   -4.524 |      -11.5 |      -88.7 |    186 | link_o[35]
     233* |       3 |      85 |       47 |      0 |    35 |    +0.4% |   -4.524 |      -11.5 |      -88.7 |    186 | link_o[35]
     234* |       3 |      85 |       47 |      0 |    35 |    +0.4% |   -4.524 |      -11.5 |      -88.7 |    186 | link_o[35]
     235* |       3 |      85 |       47 |      0 |    35 |    +0.4% |   -4.524 |      -11.5 |      -88.7 |    186 | link_o[35]
     236* |       3 |      85 |       47 |      0 |    35 |    +0.4% |   -4.524 |      -11.5 |      -88.7 |    186 | link_o[35]
     237* |       3 |      85 |       47 |      0 |    35 |    +0.4% |   -4.524 |      -11.5 |      -88.7 |    186 | link_o[35]
     238* |       3 |      85 |       47 |      0 |    35 |    +0.4% |   -4.524 |      -11.5 |      -88.7 |    186 | link_o[35]
     239* |       3 |      85 |       47 |      0 |    35 |    +0.4% |   -4.524 |      -11.5 |      -88.7 |    186 | link_o[35]
     240* |       3 |      85 |       47 |      0 |    35 |    +0.4% |   -4.524 |      -11.5 |      -88.7 |    186 | link_o[35]
     240* |       3 |      85 |       47 |      0 |    35 |    +0.4% |   -4.524 |      -11.5 |      -88.7 |    186 | link_o[35]
     242* |       3 |      86 |       47 |      0 |    35 |    +0.4% |   -3.880 |       -7.0 |      -35.9 |    186 | link_o[265]
     244* |       3 |      87 |       47 |      0 |    35 |    +0.4% |   -3.880 |       -4.2 |      -35.8 |    186 | link_o[265]
     245* |       3 |      87 |       47 |      0 |    35 |    +0.4% |   -3.880 |       -4.2 |      -35.8 |    186 | link_o[265]
     246* |       3 |      87 |       47 |      0 |    35 |    +0.4% |   -3.880 |       -4.2 |      -35.8 |    186 | link_o[265]
     247* |       3 |      87 |       47 |      0 |    35 |    +0.4% |   -3.880 |       -4.2 |      -35.8 |    186 | link_o[265]
     248* |       3 |      87 |       47 |      0 |    35 |    +0.4% |   -3.880 |       -4.2 |      -35.8 |    186 | link_o[265]
     249* |       3 |      87 |       47 |      0 |    35 |    +0.4% |   -3.880 |       -4.2 |      -35.8 |    186 | link_o[265]
     250* |       3 |      87 |       47 |      0 |    35 |    +0.4% |   -3.880 |       -4.2 |      -35.8 |    186 | link_o[265]
     250* |       3 |      87 |       47 |      0 |    35 |    +0.4% |   -3.880 |       -4.2 |      -35.8 |    186 | link_o[265]
     251* |       3 |      87 |       47 |      0 |    35 |    +0.4% |   -3.880 |       -4.2 |      -35.8 |    186 | link_o[265]
     252* |       3 |      87 |       47 |      0 |    35 |    +0.4% |   -3.880 |       -4.2 |      -35.8 |    186 | link_o[265]
     253* |       3 |      87 |       47 |      0 |    35 |    +0.4% |   -3.880 |       -4.2 |      -35.8 |    186 | link_o[265]
     254* |       3 |      87 |       47 |      0 |    35 |    +0.4% |   -3.880 |       -4.2 |      -35.8 |    186 | link_o[265]
     255* |       3 |      87 |       47 |      0 |    35 |    +0.4% |   -3.880 |       -4.2 |      -35.8 |    186 | link_o[265]
     256* |       3 |      87 |       47 |      0 |    35 |    +0.4% |   -3.880 |       -4.2 |      -35.8 |    186 | link_o[265]
     257* |       3 |      87 |       47 |      0 |    35 |    +0.4% |   -3.880 |       -4.2 |      -35.8 |    186 | link_o[265]
     258* |       3 |      87 |       47 |      0 |    35 |    +0.4% |   -3.880 |       -4.2 |      -35.8 |    186 | link_o[265]
     259* |       3 |      87 |       47 |      0 |    35 |    +0.4% |   -3.880 |       -4.2 |      -35.8 |    186 | link_o[265]
     260* |       3 |      87 |       47 |      0 |    35 |    +0.4% |   -3.880 |       -4.2 |      -35.8 |    186 | link_o[265]
     260* |       3 |      87 |       47 |      0 |    35 |    +0.4% |   -3.880 |       -4.2 |      -35.8 |    186 | link_o[265]
     261* |       3 |      87 |       47 |      0 |    35 |    +0.4% |   -3.880 |       -4.2 |      -35.8 |    186 | link_o[265]
     262* |       3 |      87 |       47 |      0 |    35 |    +0.4% |   -3.880 |       -4.2 |      -35.8 |    186 | link_o[265]
     263* |       3 |      87 |       47 |      0 |    35 |    +0.4% |   -3.880 |       -4.2 |      -35.8 |    186 | link_o[265]
     264* |       3 |      87 |       47 |      0 |    35 |    +0.4% |   -3.880 |       -4.2 |      -35.8 |    186 | link_o[265]
     265* |       3 |      87 |       47 |      0 |    35 |    +0.4% |   -3.880 |       -4.2 |      -35.8 |    186 | link_o[265]
     266* |       3 |      87 |       47 |      0 |    35 |    +0.4% |   -3.880 |       -4.2 |      -35.8 |    186 | link_o[265]
     267* |       3 |      87 |       47 |      0 |    35 |    +0.4% |   -3.880 |       -4.2 |      -35.8 |    186 | link_o[265]
     269* |       3 |      87 |       48 |      0 |    35 |    +0.4% |   -0.289 |       -0.3 |       -0.7 |    186 | link_o[250]
     270* |       3 |      87 |       48 |      0 |    35 |    +0.4% |   -0.289 |       -0.3 |       -0.7 |    186 | link_o[250]
     270* |       3 |      87 |       48 |      0 |    35 |    +0.4% |   -0.289 |       -0.3 |       -0.7 |    186 | link_o[250]
     271* |       3 |      87 |       48 |      0 |    35 |    +0.4% |   -0.289 |       -0.3 |       -0.7 |    186 | link_o[250]
     272* |       3 |      87 |       48 |      0 |    35 |    +0.4% |   -0.289 |       -0.3 |       -0.7 |    186 | link_o[250]
     273* |       3 |      87 |       48 |      0 |    35 |    +0.4% |   -0.289 |       -0.3 |       -0.7 |    186 | link_o[250]
     274* |       3 |      87 |       48 |      0 |    35 |    +0.4% |   -0.289 |       -0.3 |       -0.7 |    186 | link_o[250]
     275* |       3 |      87 |       48 |      0 |    35 |    +0.4% |   -0.289 |       -0.3 |       -0.7 |    186 | link_o[250]
     276* |       3 |      87 |       48 |      0 |    35 |    +0.4% |   -0.289 |       -0.3 |       -0.7 |    186 | link_o[250]
     277* |       3 |      87 |       48 |      0 |    35 |    +0.4% |   -0.289 |       -0.3 |       -0.7 |    186 | link_o[250]
     278* |       3 |      87 |       48 |      0 |    35 |    +0.4% |   -0.289 |       -0.3 |       -0.7 |    186 | link_o[250]
     279* |       3 |      87 |       48 |      0 |    35 |    +0.4% |   -0.289 |       -0.3 |       -0.7 |    186 | link_o[250]
     280* |       3 |      87 |       48 |      0 |    35 |    +0.4% |   -0.289 |       -0.3 |       -0.7 |    186 | link_o[250]
     280* |       3 |      87 |       48 |      0 |    35 |    +0.4% |   -0.289 |       -0.3 |       -0.7 |    186 | link_o[250]
     281* |       3 |      87 |       48 |      0 |    35 |    +0.4% |   -0.289 |       -0.3 |       -0.7 |    186 | link_o[250]
     282* |       3 |      87 |       48 |      0 |    35 |    +0.4% |   -0.289 |       -0.3 |       -0.7 |    186 | link_o[250]
     283* |       3 |      87 |       48 |      0 |    35 |    +0.4% |   -0.289 |       -0.3 |       -0.7 |    186 | link_o[250]
     284* |       3 |      87 |       48 |      0 |    35 |    +0.4% |   -0.289 |       -0.3 |       -0.7 |    186 | link_o[250]
     285* |       3 |      87 |       48 |      0 |    35 |    +0.4% |   -0.289 |       -0.3 |       -0.7 |    186 | link_o[250]
     286* |       3 |      87 |       48 |      0 |    35 |    +0.4% |   -0.289 |       -0.3 |       -0.7 |    186 | link_o[250]
     287* |       3 |      87 |       48 |      0 |    35 |    +0.4% |   -0.289 |       -0.3 |       -0.7 |    186 | link_o[250]
     288* |       3 |      87 |       48 |      0 |    35 |    +0.4% |   -0.289 |       -0.3 |       -0.7 |    186 | link_o[250]
     289* |       3 |      87 |       48 |      0 |    35 |    +0.4% |   -0.289 |       -0.3 |       -0.7 |    186 | link_o[250]
     290* |       3 |      87 |       48 |      0 |    35 |    +0.4% |   -0.289 |       -0.3 |       -0.7 |    186 | link_o[250]
     290* |       3 |      87 |       48 |      0 |    35 |    +0.4% |   -0.289 |       -0.3 |       -0.7 |    186 | link_o[250]
     291* |       3 |      87 |       48 |      0 |    35 |    +0.4% |   -0.289 |       -0.3 |       -0.7 |    186 | link_o[250]
     292* |       3 |      87 |       48 |      0 |    35 |    +0.4% |   -0.289 |       -0.3 |       -0.7 |    186 | link_o[250]
     293* |       3 |      87 |       48 |      0 |    35 |    +0.4% |   -0.289 |       -0.3 |       -0.7 |    186 | link_o[250]
     294* |       3 |      87 |       48 |      0 |    35 |    +0.4% |   -0.289 |       -0.3 |       -0.7 |    186 | link_o[250]
     295* |       3 |      87 |       48 |      0 |    35 |    +0.4% |   -0.289 |       -0.3 |       -0.7 |    186 | link_o[250]
     296* |       3 |      87 |       48 |      0 |    35 |    +0.4% |   -0.289 |       -0.3 |       -0.7 |    186 | link_o[250]
     297* |       3 |      87 |       48 |      0 |    35 |    +0.4% |   -0.289 |       -0.3 |       -0.7 |    186 | link_o[250]
     298* |       3 |      87 |       48 |      0 |    35 |    +0.4% |   -0.289 |       -0.3 |       -0.7 |    186 | link_o[250]
     299* |       3 |      87 |       48 |      0 |    35 |    +0.4% |   -0.289 |       -0.3 |       -0.7 |    186 | link_o[250]
     300* |       3 |      87 |       48 |      0 |    35 |    +0.4% |   -0.289 |       -0.3 |       -0.7 |    186 | link_o[250]
     300* |       3 |      87 |       48 |      0 |    35 |    +0.4% |   -0.289 |       -0.3 |       -0.7 |    186 | link_o[250]
     301* |       3 |      87 |       48 |      0 |    35 |    +0.4% |   -0.289 |       -0.3 |       -0.7 |    186 | link_o[250]
     302* |       3 |      87 |       48 |      0 |    35 |    +0.4% |   -0.289 |       -0.3 |       -0.7 |    186 | link_o[250]
     303* |       3 |      87 |       48 |      0 |    35 |    +0.4% |   -0.289 |       -0.3 |       -0.7 |    186 | link_o[250]
     304* |       3 |      87 |       48 |      0 |    35 |    +0.4% |   -0.289 |       -0.3 |       -0.7 |    186 | link_o[250]
     305* |       3 |      87 |       48 |      0 |    35 |    +0.4% |   -0.289 |       -0.3 |       -0.7 |    186 | link_o[250]
     306* |       3 |      87 |       48 |      0 |    35 |    +0.4% |   -0.289 |       -0.3 |       -0.7 |    186 | link_o[250]
     307* |       3 |      87 |       48 |      0 |    35 |    +0.4% |   -0.289 |       -0.3 |       -0.7 |    186 | link_o[250]
     308* |       3 |      87 |       48 |      0 |    35 |    +0.4% |   -0.289 |       -0.3 |       -0.7 |    186 | link_o[250]
     309* |       3 |      87 |       48 |      0 |    35 |    +0.4% |   -0.289 |       -0.3 |       -0.7 |    186 | link_o[250]
     310* |       3 |      87 |       48 |      0 |    35 |    +0.4% |   -0.289 |       -0.3 |       -0.7 |    186 | link_o[250]
     310* |       3 |      87 |       48 |      0 |    35 |    +0.4% |   -0.289 |       -0.3 |       -0.7 |    186 | link_o[250]
     311* |       3 |      87 |       48 |      0 |    35 |    +0.4% |   -0.289 |       -0.3 |       -0.7 |    186 | link_o[250]
     312* |       3 |      87 |       48 |      0 |    35 |    +0.4% |   -0.289 |       -0.3 |       -0.7 |    186 | link_o[250]
     313* |       3 |      87 |       48 |      0 |    35 |    +0.4% |   -0.289 |       -0.3 |       -0.7 |    186 | link_o[250]
     314* |       3 |      87 |       48 |      0 |    35 |    +0.4% |   -0.289 |       -0.3 |       -0.7 |    186 | link_o[250]
     315* |       3 |      87 |       48 |      0 |    35 |    +0.4% |   -0.289 |       -0.3 |       -0.7 |    186 | link_o[250]
     316* |       3 |      87 |       48 |      0 |    35 |    +0.4% |   -0.289 |       -0.3 |       -0.7 |    186 | link_o[250]
     317* |       3 |      87 |       48 |      0 |    35 |    +0.4% |   -0.289 |       -0.3 |       -0.7 |    186 | link_o[250]
     318* |       3 |      87 |       48 |      0 |    35 |    +0.4% |   -0.289 |       -0.3 |       -0.7 |    186 | link_o[250]
     319* |       3 |      87 |       48 |      0 |    35 |    +0.4% |   -0.289 |       -0.3 |       -0.7 |    186 | link_o[250]
     320* |       3 |      87 |       48 |      0 |    35 |    +0.4% |   -0.289 |       -0.3 |       -0.7 |    186 | link_o[250]
     320* |       3 |      87 |       48 |      0 |    35 |    +0.4% |   -0.289 |       -0.3 |       -0.7 |    186 | link_o[250]
     321* |       3 |      87 |       48 |      0 |    35 |    +0.4% |   -0.289 |       -0.3 |       -0.7 |    186 | link_o[250]
     322* |       3 |      87 |       48 |      0 |    35 |    +0.4% |   -0.289 |       -0.3 |       -0.7 |    186 | link_o[250]
     323* |       3 |      87 |       48 |      0 |    35 |    +0.4% |   -0.289 |       -0.3 |       -0.7 |    186 | link_o[250]
     324* |       3 |      87 |       48 |      0 |    35 |    +0.4% |   -0.289 |       -0.3 |       -0.7 |    186 | link_o[250]
     325* |       3 |      87 |       48 |      0 |    35 |    +0.4% |   -0.289 |       -0.3 |       -0.7 |    186 | link_o[250]
     326* |       3 |      87 |       48 |      0 |    35 |    +0.4% |   -0.289 |       -0.3 |       -0.7 |    186 | link_o[250]
     327* |       3 |      87 |       48 |      0 |    35 |    +0.4% |   -0.289 |       -0.3 |       -0.7 |    186 | link_o[250]
     328* |       3 |      87 |       48 |      0 |    35 |    +0.4% |   -0.289 |       -0.3 |       -0.7 |    186 | link_o[250]
     329* |       3 |      87 |       48 |      0 |    35 |    +0.4% |   -0.289 |       -0.3 |       -0.7 |    186 | link_o[250]
     330* |       3 |      87 |       48 |      0 |    35 |    +0.4% |   -0.289 |       -0.3 |       -0.7 |    186 | link_o[250]
     330* |       3 |      87 |       48 |      0 |    35 |    +0.4% |   -0.289 |       -0.3 |       -0.7 |    186 | link_o[250]
     331* |       3 |      87 |       48 |      0 |    35 |    +0.4% |   -0.289 |       -0.3 |       -0.7 |    186 | link_o[250]
     332* |       3 |      87 |       48 |      0 |    35 |    +0.4% |   -0.289 |       -0.3 |       -0.7 |    186 | link_o[250]
     333* |       3 |      87 |       48 |      0 |    35 |    +0.4% |   -0.289 |       -0.3 |       -0.7 |    186 | link_o[250]
     334* |       3 |      87 |       48 |      0 |    35 |    +0.4% |   -0.289 |       -0.3 |       -0.7 |    186 | link_o[250]
     335* |       3 |      87 |       48 |      0 |    35 |    +0.4% |   -0.289 |       -0.3 |       -0.7 |    186 | link_o[250]
     336* |       3 |      87 |       48 |      0 |    35 |    +0.4% |   -0.289 |       -0.3 |       -0.7 |    186 | link_o[250]
     337* |       3 |      87 |       48 |      0 |    35 |    +0.4% |   -0.289 |       -0.3 |       -0.7 |    186 | link_o[250]
     338* |       3 |      87 |       48 |      0 |    35 |    +0.4% |   -0.289 |       -0.3 |       -0.7 |    186 | link_o[250]
     339* |       3 |      87 |       48 |      0 |    35 |    +0.4% |   -0.289 |       -0.3 |       -0.7 |    186 | link_o[250]
     340* |       3 |      87 |       48 |      0 |    35 |    +0.4% |   -0.289 |       -0.3 |       -0.7 |    186 | link_o[250]
     340* |       3 |      87 |       48 |      0 |    35 |    +0.4% |   -0.289 |       -0.3 |       -0.7 |    186 | link_o[250]
     341* |       3 |      87 |       48 |      0 |    35 |    +0.4% |   -0.289 |       -0.3 |       -0.7 |    186 | link_o[250]
     342* |       3 |      87 |       48 |      0 |    35 |    +0.4% |   -0.289 |       -0.3 |       -0.7 |    186 | link_o[250]
     343* |       3 |      87 |       48 |      0 |    35 |    +0.4% |   -0.289 |       -0.3 |       -0.7 |    186 | link_o[250]
     344* |       3 |      87 |       48 |      0 |    35 |    +0.4% |   -0.289 |       -0.3 |       -0.7 |    186 | link_o[250]
     345* |       3 |      87 |       48 |      0 |    35 |    +0.4% |   -0.289 |       -0.3 |       -0.7 |    186 | link_o[250]
     346* |       3 |      87 |       48 |      0 |    35 |    +0.4% |   -0.289 |       -0.3 |       -0.7 |    186 | link_o[250]
     347* |       3 |      87 |       48 |      0 |    35 |    +0.4% |   -0.289 |       -0.3 |       -0.7 |    186 | link_o[250]
     348* |       3 |      87 |       48 |      0 |    35 |    +0.4% |   -0.289 |       -0.3 |       -0.7 |    186 | link_o[250]
     348* |       3 |      87 |       48 |      0 |    35 |    +0.4% |   -0.289 |       -0.3 |       -0.7 |    186 | link_o[250]
     349+ |       3 |      88 |       48 |      0 |    35 |    +0.4% |    0.178 |        0.0 |        0.0 |      5 | link_o[251]
     350+ |       3 |      88 |       48 |      0 |    35 |    +0.4% |    0.178 |        0.0 |        0.0 |      5 | link_o[251]
     350+ |       3 |      88 |       48 |      0 |    35 |    +0.4% |    0.178 |        0.0 |        0.0 |      5 | link_o[251]
     351+ |       3 |      88 |       48 |      0 |    35 |    +0.4% |    0.178 |        0.0 |        0.0 |      5 | link_o[251]
     352+ |       3 |      88 |       48 |      0 |    35 |    +0.4% |    0.178 |        0.0 |        0.0 |      5 | link_o[251]
     353+ |       3 |      88 |       48 |      0 |    35 |    +0.4% |    0.178 |        0.0 |        0.0 |      5 | link_o[251]
    final |       3 |      88 |       48 |      0 |    35 |    +0.4% |    0.178 |        0.0 |        0.0 |      0 | link_o[251]
------------------------------------------------------------------------------------------------------------------------------
[INFO RSZ-0059] Removed 3 buffers.
[INFO RSZ-0045] Inserted 48 buffers, 2 to split loads.
[INFO RSZ-0051] Resized 88 instances: 88 up, 0 up match, 0 down, 0 VT
[INFO RSZ-0043] Swapped pins on 35 instances.
[INFO RSZ-0033] No hold violations found.
Took 8 seconds: repair_timing -setup_margin 0 -hold_margin 0 -repair_tns 100 -skip_gate_cloning -verbose
detailed_placement
[INFO DPL-0006] Core area: 2837.79 um^2, Instances area: 1977.92 um^2, Utilization: 69.7%
[INFO DPL-0005] Diamond search max displacement: +/- 500 sites horizontally, +/- 100 rows vertically.
[INFO DPL-1101] Legalizing using diamond search.
Movements Summary
---------------------------------------
Total cells:                   15441
Diamond Move Success:          15441 (100.00%)
Diamond Move Failure:              0
Rip-up and replace Success:        0 (  0.00% of diamond failures)
Rip-up and replace Failure:        0
Total Placement Failures:          0
---------------------------------------
Placement Analysis
---------------------------------
total displacement         65.8 u
average displacement        0.0 u
max displacement            1.1 u
original HPWL           42306.4 u
legalized HPWL          42364.1 u
delta HPWL                    0 %

Report metrics stage 4, cts final...

==========================================================================
cts final report_design_area
--------------------------------------------------------------------------
Design area 1978 um^2 70% utilization.
write_db ./results/asap7/bsg_mesh_router_buffered/base/4_1_cts.odb
write_sdc -no_timestamp ./results/asap7/bsg_mesh_router_buffered/base/4_cts.sdc
Elapsed time: 0:18.14[h:]min:sec. CPU time: user 37.53 sys 1.34 (214%). Peak memory: 349756KB.
Log                       Ext     Elapsed/s Peak Memory/MB sha1sum result [0:20)
4_1_cts                   .odb           18            341 17935f93d20612bb55c1
