OpenROAD 26Q2-2123-g8f0a892fa2 
Features included (+) or not (-): +GPU +GUI +Python
This program is licensed under the BSD-3 license. See the LICENSE file for details.
Components of this program may be licensed under more restrictive licenses which must be honored.
[INFO ORD-0030] Using 8 thread(s).
source /root/OpenROAD-flow-scripts/flow/platforms/asap7/liberty_suppressions.tcl
read_liberty /root/OpenROAD-flow-scripts/flow/platforms/asap7/lib/NLDM/asap7sc7p5t_AO_RVT_TT_nldm_211120.lib.gz
read_liberty /root/OpenROAD-flow-scripts/flow/platforms/asap7/lib/NLDM/asap7sc7p5t_INVBUF_RVT_TT_nldm_220122.lib.gz
read_liberty /root/OpenROAD-flow-scripts/flow/platforms/asap7/lib/NLDM/asap7sc7p5t_OA_RVT_TT_nldm_211120.lib.gz
read_liberty /root/OpenROAD-flow-scripts/flow/platforms/asap7/lib/NLDM/asap7sc7p5t_SEQ_RVT_TT_nldm_220123.lib
read_liberty /root/OpenROAD-flow-scripts/flow/platforms/asap7/lib/NLDM/asap7sc7p5t_SIMPLE_RVT_TT_nldm_211120.lib.gz
read_db ./results/asap7/bsg_mesh_router_buffered/base/5_1_grt.odb
read_sdc ./results/asap7/bsg_mesh_router_buffered/base/5_1_grt.sdc
source /root/OpenROAD-flow-scripts/flow/platforms/asap7/setRC.tcl
detailed_route -output_drc ./reports/asap7/bsg_mesh_router_buffered/base/5_route_drc.rpt -output_maze ./results/asap7/bsg_mesh_router_buffered/base/maze.log -droute_end_iter 64 -verbose 1 -drc_report_iter_step 5
[INFO DRT-0149] Reading tech and libs.

Units:                1000
Number of layers:     21
Number of macros:     212
Number of vias:       14
Number of viarulegen: 11

[INFO DRT-0150] Reading design.

Design:                   bsg_mesh_router_buffered
Die area:                 ( 0 0 ) ( 57415 57415 )
Number of track patterns: 32
Number of DEF vias:       0
Number of components:     16041
Number of terminals:      676
Number of snets:          2
Number of nets:           15854

[INFO DRT-0167] List of default vias:
  Layer V2
    default via: VIA23
  Layer V3
    default via: VIA34
  Layer V4
    default via: VIA45
  Layer V5
    default via: VIA56
  Layer V6
    default via: VIA67
  Layer V7
    default via: VIA78
  Layer V8
    default via: VIA89
  Layer V9
    default via: VIA9Pad
[INFO DRT-0162] Library cell analysis.
[INFO DRT-0163] Instance analysis.
[INFO DRT-0164] Number of unique instances = 188.
[INFO DRT-0168] Init region query.
[INFO DRT-0024]   Complete Active.
[INFO DRT-0024]   Complete V0.
[INFO DRT-0024]   Complete M1.
[INFO DRT-0024]   Complete V1.
[INFO DRT-0024]   Complete M2.
[INFO DRT-0024]   Complete V2.
[INFO DRT-0024]   Complete M3.
[INFO DRT-0024]   Complete V3.
[INFO DRT-0024]   Complete M4.
[INFO DRT-0024]   Complete V4.
[INFO DRT-0024]   Complete M5.
[INFO DRT-0024]   Complete V5.
[INFO DRT-0024]   Complete M6.
[INFO DRT-0024]   Complete V6.
[INFO DRT-0024]   Complete M7.
[INFO DRT-0024]   Complete V7.
[INFO DRT-0024]   Complete M8.
[INFO DRT-0024]   Complete V8.
[INFO DRT-0024]   Complete M9.
[INFO DRT-0024]   Complete V9.
[INFO DRT-0024]   Complete Pad.
[INFO DRT-0033] Active shape region query size = 0.
[INFO DRT-0033] V0 shape region query size = 0.
[INFO DRT-0033] M1 shape region query size = 292326.
[INFO DRT-0033] V1 shape region query size = 317266.
[INFO DRT-0033] M2 shape region query size = 10328.
[INFO DRT-0033] V2 shape region query size = 5940.
[INFO DRT-0033] M3 shape region query size = 5940.
[INFO DRT-0033] V3 shape region query size = 3960.
[INFO DRT-0033] M4 shape region query size = 4254.
[INFO DRT-0033] V4 shape region query size = 3960.
[INFO DRT-0033] M5 shape region query size = 2580.
[INFO DRT-0033] V5 shape region query size = 400.
[INFO DRT-0033] M6 shape region query size = 240.
[INFO DRT-0033] V6 shape region query size = 0.
[INFO DRT-0033] M7 shape region query size = 0.
[INFO DRT-0033] V7 shape region query size = 0.
[INFO DRT-0033] M8 shape region query size = 0.
[INFO DRT-0033] V8 shape region query size = 0.
[INFO DRT-0033] M9 shape region query size = 0.
[INFO DRT-0033] V9 shape region query size = 0.
[INFO DRT-0033] Pad shape region query size = 0.
[INFO DRT-0165] Start pin access.
[INFO DRT-0076]   Complete 1000 pins.
[INFO DRT-0078]   Complete 1076 pins.
[INFO DRT-0079]   Complete 100 unique inst patterns.
[INFO DRT-0081]   Complete 188 unique inst patterns.
[INFO DRT-0084]   Complete 8561 groups.
#scanned instances     = 16041
#unique  instances     = 188
#stdCellGenAp          = 5650
#stdCellValidPlanarAp  = 78
#stdCellValidViaAp     = 4713
#stdCellPinNoAp        = 0
#stdCellPinCnt         = 51053
#instTermValidViaApCnt = 0
#macroGenAp            = 0
#macroValidPlanarAp    = 0
#macroValidViaAp       = 0
#macroNoAp             = 0
[INFO DRT-0166] Complete pin access.
[INFO DRT-0267] cpu time = 00:10:25, elapsed time = 00:01:24, memory = 434.75 (MB), peak = 436.88 (MB)
[INFO DRT-0156] guideIn read 100000 guides.

[INFO DRT-0157] Number of guides:     133803

[INFO DRT-0169] Post process guides.
[INFO DRT-0176] GCELLGRID X 0 DO 100 STEP 570 ;
[INFO DRT-0177] GCELLGRID Y 0 DO 100 STEP 570 ;
[INFO DRT-0026]   Complete 100000 origin guides.
[INFO DRT-0028]   Complete Active.
[INFO DRT-0028]   Complete V0.
[INFO DRT-0028]   Complete M1.
[INFO DRT-0028]   Complete V1.
[INFO DRT-0028]   Complete M2.
[INFO DRT-0028]   Complete V2.
[INFO DRT-0028]   Complete M3.
[INFO DRT-0028]   Complete V3.
[INFO DRT-0028]   Complete M4.
[INFO DRT-0028]   Complete V4.
[INFO DRT-0028]   Complete M5.
[INFO DRT-0028]   Complete V5.
[INFO DRT-0028]   Complete M6.
[INFO DRT-0028]   Complete V6.
[INFO DRT-0028]   Complete M7.
[INFO DRT-0028]   Complete V7.
[INFO DRT-0028]   Complete M8.
[INFO DRT-0028]   Complete V8.
[INFO DRT-0028]   Complete M9.
[INFO DRT-0028]   Complete V9.
[INFO DRT-0028]   Complete Pad.
[INFO DRT-0178] Init guide query.
[INFO DRT-0035]   Complete Active (guide).
[INFO DRT-0035]   Complete V0 (guide).
[INFO DRT-0035]   Complete M1 (guide).
[INFO DRT-0035]   Complete V1 (guide).
[INFO DRT-0035]   Complete M2 (guide).
[INFO DRT-0035]   Complete V2 (guide).
[INFO DRT-0035]   Complete M3 (guide).
[INFO DRT-0035]   Complete V3 (guide).
[INFO DRT-0035]   Complete M4 (guide).
[INFO DRT-0035]   Complete V4 (guide).
[INFO DRT-0035]   Complete M5 (guide).
[INFO DRT-0035]   Complete V5 (guide).
[INFO DRT-0035]   Complete M6 (guide).
[INFO DRT-0035]   Complete V6 (guide).
[INFO DRT-0035]   Complete M7 (guide).
[INFO DRT-0035]   Complete V7 (guide).
[INFO DRT-0035]   Complete M8 (guide).
[INFO DRT-0035]   Complete V8 (guide).
[INFO DRT-0035]   Complete M9 (guide).
[INFO DRT-0035]   Complete V9 (guide).
[INFO DRT-0035]   Complete Pad (guide).
[INFO DRT-0036] Active guide region query size = 0.
[INFO DRT-0036] V0 guide region query size = 0.
[INFO DRT-0036] M1 guide region query size = 43088.
[INFO DRT-0036] V1 guide region query size = 0.
[INFO DRT-0036] M2 guide region query size = 36085.
[INFO DRT-0036] V2 guide region query size = 0.
[INFO DRT-0036] M3 guide region query size = 19023.
[INFO DRT-0036] V3 guide region query size = 0.
[INFO DRT-0036] M4 guide region query size = 3875.
[INFO DRT-0036] V4 guide region query size = 0.
[INFO DRT-0036] M5 guide region query size = 2798.
[INFO DRT-0036] V5 guide region query size = 0.
[INFO DRT-0036] M6 guide region query size = 1500.
[INFO DRT-0036] V6 guide region query size = 0.
[INFO DRT-0036] M7 guide region query size = 562.
[INFO DRT-0036] V7 guide region query size = 0.
[INFO DRT-0036] M8 guide region query size = 0.
[INFO DRT-0036] V8 guide region query size = 0.
[INFO DRT-0036] M9 guide region query size = 0.
[INFO DRT-0036] V9 guide region query size = 0.
[INFO DRT-0036] Pad guide region query size = 0.
[INFO DRT-0179] Init gr pin query.
[INFO DRT-0267] cpu time = 00:00:00, elapsed time = 00:00:00, memory = 477.45 (MB), peak = 476.77 (MB)
[INFO DRT-0245] skipped writing guide updates to database.
[INFO DRT-0181] Start track assignment.
[INFO DRT-0184] Done with 65471 vertical wires in 2 frboxes and 41460 horizontal wires in 2 frboxes.
[INFO DRT-0186] Done with 5673 vertical wires in 2 frboxes and 9642 horizontal wires in 2 frboxes.
[INFO DRT-0182] Complete track assignment.
[INFO DRT-0267] cpu time = 00:00:06, elapsed time = 00:00:03, memory = 756.97 (MB), peak = 756.14 (MB)
[INFO DRT-0187] Start routing data preparation.
[INFO DRT-0267] cpu time = 00:00:00, elapsed time = 00:00:00, memory = 756.97 (MB), peak = 756.14 (MB)
[INFO DRT-0194] Start detail routing.
[INFO DRT-0195] Start 0th optimization iteration.
    Completing 10% with 0 violations.
    elapsed time = 00:00:07, memory = 1605.36 (MB).
    Completing 20% with 0 violations.
    elapsed time = 00:00:15, memory = 2030.96 (MB).
    Completing 30% with 634 violations.
    elapsed time = 00:00:20, memory = 2132.78 (MB).
    Completing 40% with 634 violations.
    elapsed time = 00:00:31, memory = 2115.59 (MB).
    Completing 50% with 634 violations.
    elapsed time = 00:00:42, memory = 2229.05 (MB).
    Completing 60% with 1420 violations.
    elapsed time = 00:00:54, memory = 2511.53 (MB).
    Completing 70% with 1420 violations.
    elapsed time = 00:01:05, memory = 2498.75 (MB).
    Completing 80% with 2047 violations.
    elapsed time = 00:01:16, memory = 2637.62 (MB).
    Completing 90% with 2047 violations.
    elapsed time = 00:01:33, memory = 2662.58 (MB).
    Completing 100% with 2895 violations.
    elapsed time = 00:01:45, memory = 2070.06 (MB).
[INFO DRT-0199]   Number of violations = 3850.
Viol/Layer          M1     V1     M2     V2     M3     V3     M4     V4     M5     V5     M6     V6     M7
CutSpcTbl            0      0      0      0      0     14      0      7      0      5      0      6      0
EOL                  0      0    223      0     16      0     12      0      0      0      0      0      0
Metal Spacing      260      0     70      0    135      0      4      0      2      0      7      0      0
Recheck              0      0    423      0    280      0    116      0     91      0     39      0      6
Short                1      1    149      3     36      2      6      4     11      3     26      0      0
eolKeepOut           0      0   1785      0     57      0     47      0      0      0      3      0      0
[INFO DRT-0267] cpu time = 00:12:11, elapsed time = 00:01:45, memory = 2431.34 (MB), peak = 2777.15 (MB)
Total wire length = 52065 um.
Total wire length on LAYER M1 = 0 um.
Total wire length on LAYER M2 = 15765 um.
Total wire length on LAYER M3 = 21425 um.
Total wire length on LAYER M4 = 8668 um.
Total wire length on LAYER M5 = 3827 um.
Total wire length on LAYER M6 = 1304 um.
Total wire length on LAYER M7 = 1074 um.
Total wire length on LAYER M8 = 0 um.
Total wire length on LAYER M9 = 0 um.
Total wire length on LAYER Pad = 0 um.
Total number of vias = 146286.
Up-via summary (total 146286):

-----------------
 Active         0
     M1     50988
     M2     77137
     M3     13171
     M4      2947
     M5      1277
     M6       766
     M7         0
     M8         0
     M9         0
-----------------
       146286


[INFO DRT-0195] Start 1st optimization iteration.
    Completing 10% with 3850 violations.
    elapsed time = 00:00:08, memory = 3112.61 (MB).
    Completing 20% with 3850 violations.
    elapsed time = 00:00:18, memory = 3144.48 (MB).
    Completing 30% with 3158 violations.
    elapsed time = 00:00:22, memory = 2597.99 (MB).
    Completing 40% with 3158 violations.
    elapsed time = 00:00:35, memory = 2829.12 (MB).
    Completing 50% with 3158 violations.
    elapsed time = 00:00:46, memory = 2689.21 (MB).
    Completing 60% with 2341 violations.
    elapsed time = 00:00:56, memory = 2889.70 (MB).
    Completing 70% with 2341 violations.
    elapsed time = 00:01:06, memory = 2866.07 (MB).
    Completing 80% with 1473 violations.
    elapsed time = 00:01:19, memory = 2846.94 (MB).
    Completing 90% with 1473 violations.
    elapsed time = 00:01:33, memory = 2872.03 (MB).
    Completing 100% with 476 violations.
    elapsed time = 00:01:44, memory = 2207.92 (MB).
[INFO DRT-0199]   Number of violations = 476.
Viol/Layer          M1     M2     M3     V3     M4     V4     M5     M6     M7
CutSpcTbl            0      0      0      3      0      2      0      0      0
EOL                  0     45      4      0      0      0      0      0      0
Metal Spacing       87      7     44      0      0      0      0      1      1
Short                0     10      5      0      0      0      0      0      0
eolKeepOut           0    246     12      0      3      0      6      0      0
[INFO DRT-0267] cpu time = 00:12:08, elapsed time = 00:01:44, memory = 2576.39 (MB), peak = 3220.41 (MB)
Total wire length = 51515 um.
Total wire length on LAYER M1 = 0 um.
Total wire length on LAYER M2 = 15294 um.
Total wire length on LAYER M3 = 21372 um.
Total wire length on LAYER M4 = 8975 um.
Total wire length on LAYER M5 = 3704 um.
Total wire length on LAYER M6 = 1170 um.
Total wire length on LAYER M7 = 997 um.
Total wire length on LAYER M8 = 0 um.
Total wire length on LAYER M9 = 0 um.
Total wire length on LAYER Pad = 0 um.
Total number of vias = 139703.
Up-via summary (total 139703):

-----------------
 Active         0
     M1     50964
     M2     72459
     M3     12269
     M4      2471
     M5       958
     M6       582
     M7         0
     M8         0
     M9         0
-----------------
       139703


[INFO DRT-0195] Start 2nd optimization iteration.
    Completing 10% with 476 violations.
    elapsed time = 00:00:04, memory = 3208.47 (MB).
    Completing 20% with 476 violations.
    elapsed time = 00:00:12, memory = 3138.99 (MB).
    Completing 30% with 405 violations.
    elapsed time = 00:00:15, memory = 2567.71 (MB).
    Completing 40% with 405 violations.
    elapsed time = 00:00:23, memory = 3204.79 (MB).
    Completing 50% with 405 violations.
    elapsed time = 00:00:32, memory = 3042.71 (MB).
    Completing 60% with 388 violations.
    elapsed time = 00:00:37, memory = 2858.54 (MB).
    Completing 70% with 388 violations.
    elapsed time = 00:00:43, memory = 2912.85 (MB).
    Completing 80% with 345 violations.
    elapsed time = 00:00:51, memory = 2253.91 (MB).
    Completing 90% with 345 violations.
    elapsed time = 00:00:58, memory = 2954.33 (MB).
    Completing 100% with 305 violations.
    elapsed time = 00:01:08, memory = 2253.91 (MB).
[INFO DRT-0199]   Number of violations = 313.
Viol/Layer          M1     M2     M3     V3     M4     V4
CutSpcTbl            0      0      0      5      0      3
EOL                  0     28      1      0      2      0
Metal Spacing       37      7     32      0      0      0
Recheck              0      6      2      0      0      0
Short                1     11      1      0      1      0
eolKeepOut           0    162      5      0      9      0
[INFO DRT-0267] cpu time = 00:07:53, elapsed time = 00:01:09, memory = 2627.23 (MB), peak = 3310.29 (MB)
Total wire length = 51445 um.
Total wire length on LAYER M1 = 0 um.
Total wire length on LAYER M2 = 15294 um.
Total wire length on LAYER M3 = 21401 um.
Total wire length on LAYER M4 = 8924 um.
Total wire length on LAYER M5 = 3689 um.
Total wire length on LAYER M6 = 1149 um.
Total wire length on LAYER M7 = 985 um.
Total wire length on LAYER M8 = 0 um.
Total wire length on LAYER M9 = 0 um.
Total wire length on LAYER Pad = 0 um.
Total number of vias = 138801.
Up-via summary (total 138801):

-----------------
 Active         0
     M1     50964
     M2     72046
     M3     11948
     M4      2403
     M5       903
     M6       537
     M7         0
     M8         0
     M9         0
-----------------
       138801


[INFO DRT-0195] Start 3rd optimization iteration.
    Completing 10% with 313 violations.
    elapsed time = 00:00:02, memory = 3255.45 (MB).
    Completing 20% with 313 violations.
    elapsed time = 00:00:04, memory = 3196.37 (MB).
    Completing 30% with 271 violations.
    elapsed time = 00:00:06, memory = 2627.23 (MB).
    Completing 40% with 271 violations.
    elapsed time = 00:00:08, memory = 3333.40 (MB).
    Completing 50% with 271 violations.
    elapsed time = 00:00:12, memory = 3162.78 (MB).
    Completing 60% with 179 violations.
    elapsed time = 00:00:14, memory = 3197.41 (MB).
    Completing 70% with 179 violations.
    elapsed time = 00:00:17, memory = 3098.10 (MB).
    Completing 80% with 111 violations.
    elapsed time = 00:00:19, memory = 2627.23 (MB).
    Completing 90% with 111 violations.
    elapsed time = 00:00:22, memory = 3238.53 (MB).
    Completing 100% with 18 violations.
    elapsed time = 00:00:26, memory = 2627.23 (MB).
[INFO DRT-0199]   Number of violations = 18.
Viol/Layer          M2     V2     M3
EOL                  0      0      1
Metal Spacing        0      0      1
Short                2      1      1
eolKeepOut           9      0      3
[INFO DRT-0267] cpu time = 00:02:52, elapsed time = 00:00:26, memory = 2627.24 (MB), peak = 3369.38 (MB)
Total wire length = 51439 um.
Total wire length on LAYER M1 = 0 um.
Total wire length on LAYER M2 = 15169 um.
Total wire length on LAYER M3 = 21394 um.
Total wire length on LAYER M4 = 9068 um.
Total wire length on LAYER M5 = 3696 um.
Total wire length on LAYER M6 = 1126 um.
Total wire length on LAYER M7 = 984 um.
Total wire length on LAYER M8 = 0 um.
Total wire length on LAYER M9 = 0 um.
Total wire length on LAYER Pad = 0 um.
Total number of vias = 138737.
Up-via summary (total 138737):

-----------------
 Active         0
     M1     50964
     M2     71786
     M3     12183
     M4      2389
     M5       886
     M6       529
     M7         0
     M8         0
     M9         0
-----------------
       138737


[INFO DRT-0195] Start 4th guides tiles iteration.
    Completing 10% with 18 violations.
    elapsed time = 00:00:00, memory = 2667.65 (MB).
    Completing 20% with 18 violations.
    elapsed time = 00:00:00, memory = 2627.24 (MB).
    Completing 40% with 18 violations.
    elapsed time = 00:00:00, memory = 2627.24 (MB).
    Completing 50% with 10 violations.
    elapsed time = 00:00:00, memory = 2627.24 (MB).
    Completing 70% with 10 violations.
    elapsed time = 00:00:00, memory = 2627.24 (MB).
    Completing 80% with 10 violations.
    elapsed time = 00:00:01, memory = 2627.24 (MB).
    Completing 100% with 0 violations.
    elapsed time = 00:00:01, memory = 2627.24 (MB).
[INFO DRT-0199]   Number of violations = 0.
[INFO DRT-0267] cpu time = 00:00:02, elapsed time = 00:00:01, memory = 2630.19 (MB), peak = 3369.38 (MB)
Total wire length = 51439 um.
Total wire length on LAYER M1 = 0 um.
Total wire length on LAYER M2 = 15169 um.
Total wire length on LAYER M3 = 21394 um.
Total wire length on LAYER M4 = 9067 um.
Total wire length on LAYER M5 = 3696 um.
Total wire length on LAYER M6 = 1127 um.
Total wire length on LAYER M7 = 984 um.
Total wire length on LAYER M8 = 0 um.
Total wire length on LAYER M9 = 0 um.
Total wire length on LAYER Pad = 0 um.
Total number of vias = 138739.
Up-via summary (total 138739):

-----------------
 Active         0
     M1     50964
     M2     71780
     M3     12187
     M4      2391
     M5       888
     M6       529
     M7         0
     M8         0
     M9         0
-----------------
       138739


[INFO DRT-0198] Complete detail routing.
Total wire length = 51439 um.
Total wire length on LAYER M1 = 0 um.
Total wire length on LAYER M2 = 15169 um.
Total wire length on LAYER M3 = 21394 um.
Total wire length on LAYER M4 = 9067 um.
Total wire length on LAYER M5 = 3696 um.
Total wire length on LAYER M6 = 1127 um.
Total wire length on LAYER M7 = 984 um.
Total wire length on LAYER M8 = 0 um.
Total wire length on LAYER M9 = 0 um.
Total wire length on LAYER Pad = 0 um.
Total number of vias = 138739.
Up-via summary (total 138739):

-----------------
 Active         0
     M1     50964
     M2     71780
     M3     12187
     M4      2391
     M5       888
     M6       529
     M7         0
     M8         0
     M9         0
-----------------
       138739


[INFO DRT-0267] cpu time = 00:35:09, elapsed time = 00:05:08, memory = 2630.30 (MB), peak = 3369.38 (MB)

[INFO DRT-0180] Post processing.
Took 397 seconds: detailed_route -output_drc ./reports/asap7/bsg_mesh_router_buffered/base/5_route_drc.rpt -output_maze ./results/asap7/bsg_mesh_router_buffered/base/maze.log -droute_end_iter 64 -verbose 1 -drc_report_iter_step 5
[WARNING GRT-0246] No diode with LEF class CORE ANTENNACELL found.
[INFO ANT-0002] Found 0 net violations.
[INFO ANT-0001] Found 0 pin violations.
[INFO ANT-0002] Found 0 net violations.
[INFO ANT-0001] Found 0 pin violations.
Design area 1979 um^2 70% utilization.
write_db ./results/asap7/bsg_mesh_router_buffered/base/5_2_route.odb
Elapsed time: 6:44.15[h:]min:sec. CPU time: user 2763.67 sys 22.46 (689%). Peak memory: 3450244KB.
Log                       Ext     Elapsed/s Peak Memory/MB sha1sum result [0:20)
5_2_route                 .odb          404           3369 21a106c533e61cd1ca65
