OpenROAD 26Q2-2123-g8f0a892fa2 
Features included (+) or not (-): +GPU +GUI +Python
This program is licensed under the BSD-3 license. See the LICENSE file for details.
Components of this program may be licensed under more restrictive licenses which must be honored.
[INFO ORD-0030] Using 8 thread(s).
source /root/OpenROAD-flow-scripts/flow/platforms/asap7/liberty_suppressions.tcl
read_liberty /root/OpenROAD-flow-scripts/flow/platforms/asap7/lib/NLDM/asap7sc7p5t_AO_RVT_TT_nldm_211120.lib.gz
read_liberty /root/OpenROAD-flow-scripts/flow/platforms/asap7/lib/NLDM/asap7sc7p5t_INVBUF_RVT_TT_nldm_220122.lib.gz
read_liberty /root/OpenROAD-flow-scripts/flow/platforms/asap7/lib/NLDM/asap7sc7p5t_OA_RVT_TT_nldm_211120.lib.gz
read_liberty /root/OpenROAD-flow-scripts/flow/platforms/asap7/lib/NLDM/asap7sc7p5t_SEQ_RVT_TT_nldm_220123.lib
read_liberty /root/OpenROAD-flow-scripts/flow/platforms/asap7/lib/NLDM/asap7sc7p5t_SIMPLE_RVT_TT_nldm_211120.lib.gz
read_db ./results/asap7/bsg_mesh_router_buffered/base/6_1_fill.odb
read_sdc ./results/asap7/bsg_mesh_router_buffered/base/6_1_fill.sdc
source /root/OpenROAD-flow-scripts/flow/platforms/asap7/setRC.tcl
write_db ./results/asap7/bsg_mesh_router_buffered/base/6_final.odb
Deleted 0 routing obstructions
[INFO RCX-0431] Defined process_corner X with ext_model_index 0
[INFO RCX-0029] Defined extraction corner X
[INFO RCX-0435] Reading extraction model file /root/OpenROAD-flow-scripts/flow/platforms/asap7/rcx_patterns.rules ...
[INFO RCX-0436] RC segment generation bsg_mesh_router_buffered (max_merge_res 50.0) ...
[INFO RCX-0040] Final 104030 rc segments
[INFO RCX-0439] Coupling Cap extraction bsg_mesh_router_buffered ...
[INFO RCX-0440] Coupling threshhold is 0.1000 fF, coupling capacitance less than 0.1000 fF will be grounded.
[INFO RCX-0442] 55% of 110616 wires extracted
[INFO RCX-0442] 100% of 110616 wires extracted
[INFO RCX-0045] Extract 15854 nets, 119863 rsegs, 119863 caps, 147143 ccs
[INFO RCX-0443] 15854 nets finished
[INFO PSM-0040] All shapes on net VDD are connected.
########## IR report #################
Net              : VDD
Corner           : default
Total power      : 1.44e-02 W
Supply voltage   : 7.00e-01 V
Worstcase voltage: 6.97e-01 V
Average voltage  : 6.99e-01 V
Average IR drop  : 1.10e-03 V
Worstcase IR drop: 3.17e-03 V
Percentage drop  : 0.45 %
######################################
[INFO PSM-0040] All shapes on net VSS are connected.
########## IR report #################
Net              : VSS
Corner           : default
Total power      : 1.44e-02 W
Supply voltage   : 0.00e+00 V
Worstcase voltage: 3.46e-03 V
Average voltage  : 1.12e-03 V
Average IR drop  : 1.12e-03 V
Worstcase IR drop: 3.46e-03 V
Percentage drop  : 0.49 %
######################################
Cell type report:                       Count       Area
  Fill cell                             13623     858.79
  Tap cell                                593      17.29
  Clock buffer                            182      69.68
  Timing Repair Buffer                   1491     125.87
  Inverter                               1289      56.48
  Clock inverter                            6       1.55
  Sequential cell                        2627     766.05
  Multi-Input combinational cell         9853     942.09
  Total                                 29664    2837.79
Report metrics stage 6, finish...

==========================================================================
finish report_design_area
--------------------------------------------------------------------------
Design area 1979 um^2 70% utilization.
[WARNING GUI-0076] QStandardPaths: XDG_RUNTIME_DIR not set, defaulting to '/tmp/runtime-root'
[WARNING GUI-0066] Heat map "IR Drop" has not been populated with data.
[WARNING GUI-0066] Heat map "Routing Congestion" has not been populated with data.
Elapsed time: 0:18.44[h:]min:sec. CPU time: user 23.07 sys 0.80 (129%). Peak memory: 611120KB.
Log                       Ext     Elapsed/s Peak Memory/MB sha1sum result [0:20)
6_report                                 18            596                  N/A
