OpenROAD 26Q2-2123-g8f0a892fa2 
Features included (+) or not (-): +GPU +GUI +Python
This program is licensed under the BSD-3 license. See the LICENSE file for details.
Components of this program may be licensed under more restrictive licenses which must be honored.
[INFO ORD-0030] Using 8 thread(s).
source /root/OpenROAD-flow-scripts/flow/platforms/asap7/liberty_suppressions.tcl
read_liberty /root/OpenROAD-flow-scripts/flow/platforms/asap7/lib/NLDM/asap7sc7p5t_AO_RVT_TT_nldm_211120.lib.gz
read_liberty /root/OpenROAD-flow-scripts/flow/platforms/asap7/lib/NLDM/asap7sc7p5t_INVBUF_RVT_TT_nldm_220122.lib.gz
read_liberty /root/OpenROAD-flow-scripts/flow/platforms/asap7/lib/NLDM/asap7sc7p5t_OA_RVT_TT_nldm_211120.lib.gz
read_liberty /root/OpenROAD-flow-scripts/flow/platforms/asap7/lib/NLDM/asap7sc7p5t_SEQ_RVT_TT_nldm_220123.lib
read_liberty /root/OpenROAD-flow-scripts/flow/platforms/asap7/lib/NLDM/asap7sc7p5t_SIMPLE_RVT_TT_nldm_211120.lib.gz
read_db ./results/asap7/bsg_mesh_router_buffered/base/2_floorplan.odb
read_sdc ./results/asap7/bsg_mesh_router_buffered/base/2_floorplan.sdc
source /root/OpenROAD-flow-scripts/flow/platforms/asap7/setRC.tcl
global_placement -skip_io -density 0.6 -pad_left 0 -pad_right 0
[INFO GPL-0001] ---- Initialize GPL Main Data Structures
[INFO GPL-0002] DBU: 1000
[INFO GPL-0003] SiteSize: (  0.054  0.270 ) um
[INFO GPL-0004] CoreBBox: (  2.052  2.160 ) ( 55.296 55.080 ) um
[INFO GPL-0036] Movable instances area:       1849.225 um^2
[INFO GPL-0037] Total instances area:         1866.430 um^2
[INFO GPL-0035] Pin density area adjust:       253.969 um^2
[INFO GPL-0032] ---- Initialize Region: Top-level
[INFO GPL-0006] Number of instances:             15495
[INFO GPL-0007] Movable instances:               14905
[INFO GPL-0008] Fixed instances:                   590
[INFO GPL-0009] Dummy instances:                     0
[INFO GPL-0010] Number of nets:                  15344
[INFO GPL-0011] Number of pins:                  49676
[INFO GPL-0012] Die BBox:  (  0.000  0.000 ) ( 57.297 57.297 ) um
[INFO GPL-0013] Core BBox: (  2.052  2.160 ) ( 55.296 55.080 ) um
[INFO GPL-0016] Core area:                    2817.672 um^2
[INFO GPL-0014] Region name: top-level.
[INFO GPL-0015] Region area:                  2817.672 um^2
[INFO GPL-0017] Fixed instances area:           17.204 um^2
[INFO GPL-0018] Movable instances area:       2103.194 um^2
[INFO GPL-0019] Utilization:                    75.102 %
[INFO GPL-0020] Standard cells area:          2103.194 um^2
[INFO GPL-0021] Large instances area:            0.000 um^2
[INFO GPL-0005] ---- Execute Conjugate Gradient Initial Placement.
[INFO GPL-0051] Source of initial instance position counters:
	Odb location = 0	Core center = 14905	Region center = 0
[INFO GPL-0033] ---- Initialize Nesterov Region: Top-level
[WARNING GPL-0302] Target density 0.6000 is too low for the available free area.
Automatically adjusting to uniform density 0.7600.
[INFO GPL-0023] Placement target density:       0.7600
[INFO GPL-0024] Movable insts average area:      0.141 um^2
[INFO GPL-0025] Ideal bin area:                  0.186 um^2
[INFO GPL-0026] Ideal bin count:                 15176
[INFO GPL-0027] Total bin area:               2817.672 um^2
[INFO GPL-0028] Bin count (X, Y):          64 ,     64
[INFO GPL-0029] Bin size (W * H):       0.832 *  0.827 um
[INFO GPL-0030] Number of bins:                   4096
[INFO GPL-0084] ---- Execute Nesterov Global Placement.
[INFO GPL-0031] HPWL: Half-Perimeter Wirelength
Iteration | Overflow |     HPWL (um) |  HPWL(%) |   Penalty | Group
---------------------------------------------------------------
        0 |   0.9944 |  9.914124e+03 |   +0.00% |  1.65e-13 |      
       10 |   0.9959 |  3.388295e+03 |  -65.82% |  2.68e-13 |      
       20 |   0.9959 |  3.154801e+03 |   -6.89% |  4.37e-13 |      
       30 |   0.9959 |  3.114831e+03 |   -1.27% |  7.11e-13 |      
       40 |   0.9959 |  3.107862e+03 |   -0.22% |  1.16e-12 |      
       50 |   0.9958 |  3.102866e+03 |   -0.16% |  1.89e-12 |      
       60 |   0.9957 |  3.100593e+03 |   -0.07% |  3.07e-12 |      
       70 |   0.9955 |  3.103315e+03 |   +0.09% |  5.01e-12 |      
       80 |   0.9951 |  3.126383e+03 |   +0.74% |  8.16e-12 |      
       90 |   0.9943 |  3.189368e+03 |   +2.01% |  1.33e-11 |      
      100 |   0.9930 |  3.353473e+03 |   +5.15% |  2.16e-11 |      
      110 |   0.9917 |  3.677122e+03 |   +9.65% |  3.53e-11 |      
      120 |   0.9891 |  4.146079e+03 |  +12.75% |  5.74e-11 |      
      130 |   0.9871 |  4.846789e+03 |  +16.90% |  9.35e-11 |      
      140 |   0.9801 |  5.995116e+03 |  +23.69% |  1.52e-10 |      
      150 |   0.9730 |  7.577332e+03 |  +26.39% |  2.48e-10 |      
      160 |   0.9604 |  9.523422e+03 |  +25.68% |  4.04e-10 |      
      170 |   0.9388 |  1.166282e+04 |  +22.46% |  6.58e-10 |      
      180 |   0.9125 |  1.371431e+04 |  +17.59% |  1.07e-09 |      
      190 |   0.8894 |  1.551740e+04 |  +13.15% |  1.75e-09 |      
      200 |   0.8681 |  1.730085e+04 |  +11.49% |  2.84e-09 |      
      210 |   0.8387 |  1.958497e+04 |  +13.20% |  4.63e-09 |      
      220 |   0.8000 |  2.221307e+04 |  +13.42% |  7.54e-09 |      
      230 |   0.7585 |  2.459270e+04 |  +10.71% |  1.23e-08 |      
      240 |   0.7226 |  2.649383e+04 |   +7.73% |  2.00e-08 |      
      250 |   0.6826 |  2.824221e+04 |   +6.60% |  3.26e-08 |      
      260 |   0.6395 |  2.981497e+04 |   +5.57% |  5.30e-08 |      
      270 |   0.5996 |  3.109304e+04 |   +4.29% |  8.64e-08 |      
      280 |   0.5615 |  3.176284e+04 |   +2.15% |  1.41e-07 |      
      290 |   0.5191 |  3.193147e+04 |   +0.53% |  2.29e-07 |      
      300 |   0.4771 |  3.191686e+04 |   -0.05% |  3.73e-07 |      
      310 |   0.4352 |  3.193760e+04 |   +0.06% |  6.08e-07 |      
      320 |   0.3886 |  3.199135e+04 |   +0.17% |  9.90e-07 |      
      330 |   0.3435 |  3.202473e+04 |   +0.10% |  1.61e-06 |      
      340 |   0.3070 |  3.202462e+04 |   -0.00% |  2.38e-06 |      
      350 |   0.2699 |  3.211444e+04 |   +0.28% |  3.50e-06 |      
      360 |   0.2354 |  3.208778e+04 |   -0.08% |  5.16e-06 |      
      370 |   0.2032 |  3.213034e+04 |   +0.13% |  7.60e-06 |      
      380 |   0.1744 |  3.213580e+04 |   +0.02% |  1.12e-05 |      
      390 |   0.1468 |  3.217781e+04 |   +0.13% |  1.65e-05 |      
      400 |   0.1227 |  3.217263e+04 |   -0.02% |  2.43e-05 |      
      410 |   0.1060 |  3.221882e+04 |   +0.14% |  3.58e-05 |      
      414 |   0.0984 |  3.224174e+04 |          |  4.34e-05 |      
---------------------------------------------------------------
[INFO GPL-1001] Global placement finished at iteration 414
[INFO GPL-1002] Placed Cell Area             2103.1937
[INFO GPL-1003] Available Free Area          2800.4681
[INFO GPL-1004] Minimum Feasible Density        0.7600 (cell_area / free_area)
[INFO GPL-1006]   Suggested Target Densities:
[INFO GPL-1007]     - For 90% usage of free space: 0.8345
[INFO GPL-1008]     - For 80% usage of free space: 0.9388
[INFO GPL-1014] Final placement area: 2103.19 (+0.00%)
Design area 1866 um^2 66% utilization.
write_db ./results/asap7/bsg_mesh_router_buffered/base/3_1_place_gp_skip_io.odb
Elapsed time: 0:03.03[h:]min:sec. CPU time: user 14.25 sys 0.08 (472%). Peak memory: 239744KB.
Log                       Ext     Elapsed/s Peak Memory/MB sha1sum result [0:20)
3_1_place_gp_skip_io      .odb            3            234 564ce9e8c35f873170e1
