OpenROAD 26Q2-2123-g8f0a892fa2 
Features included (+) or not (-): +GPU +GUI +Python
This program is licensed under the BSD-3 license. See the LICENSE file for details.
Components of this program may be licensed under more restrictive licenses which must be honored.
[INFO ORD-0030] Using 8 thread(s).
source /root/OpenROAD-flow-scripts/flow/platforms/asap7/liberty_suppressions.tcl
read_liberty /root/OpenROAD-flow-scripts/flow/platforms/asap7/lib/NLDM/asap7sc7p5t_AO_RVT_TT_nldm_211120.lib.gz
read_liberty /root/OpenROAD-flow-scripts/flow/platforms/asap7/lib/NLDM/asap7sc7p5t_INVBUF_RVT_TT_nldm_220122.lib.gz
read_liberty /root/OpenROAD-flow-scripts/flow/platforms/asap7/lib/NLDM/asap7sc7p5t_OA_RVT_TT_nldm_211120.lib.gz
read_liberty /root/OpenROAD-flow-scripts/flow/platforms/asap7/lib/NLDM/asap7sc7p5t_SEQ_RVT_TT_nldm_220123.lib
read_liberty /root/OpenROAD-flow-scripts/flow/platforms/asap7/lib/NLDM/asap7sc7p5t_SIMPLE_RVT_TT_nldm_211120.lib.gz
read_db ./results/asap7/bsg_mesh_router_buffered/base/3_3_place_gp.odb
read_sdc ./results/asap7/bsg_mesh_router_buffered/base/2_floorplan.sdc
source /root/OpenROAD-flow-scripts/flow/platforms/asap7/setRC.tcl
estimate_parasitics -placement
Perform buffer insertion and gate resizing...
repair_design -verbose
Iteration |   Area    | Resized | Buffers | Nets repaired | Remaining
---------------------------------------------------------------------
        0 |     +0.0% |       0 |       0 |             0 |     15440
     1000 |     +0.0% |       0 |       0 |             0 |     14440
     2000 |     +0.0% |       0 |       0 |             0 |     13440
     3000 |     +0.0% |       0 |       0 |             0 |     12440
     4000 |     +0.0% |       0 |       0 |             0 |     11440
     5000 |     +0.0% |       0 |       0 |             0 |     10440
     6000 |     +0.0% |       0 |       0 |             0 |      9440
     7000 |     +0.0% |       0 |       0 |             0 |      8440
     8000 |     +0.0% |       0 |       0 |             0 |      7440
     9000 |     +0.0% |       0 |       0 |             0 |      6440
    10000 |     +0.0% |       0 |       0 |             0 |      5440
    11000 |     +0.0% |       0 |       0 |             0 |      4440
    12000 |     +0.0% |       0 |       0 |             0 |      3440
    13000 |     +0.0% |       0 |       0 |             0 |      2440
    14000 |     +0.0% |       0 |       0 |             0 |      1440
    15000 |     +0.0% |       0 |       0 |             0 |       440
    final |     +0.0% |       0 |       0 |             0 |         0
---------------------------------------------------------------------
Floating nets: 
Report metrics stage 3, resizer...

==========================================================================
resizer report_design_area
--------------------------------------------------------------------------
Design area 1886 um^2 67% utilization.
Instance count before 15591, after 15591
Pin count before 49868, after 49868
write_db ./results/asap7/bsg_mesh_router_buffered/base/3_4_place_resized.odb
Elapsed time: 0:07.93[h:]min:sec. CPU time: user 9.97 sys 0.40 (130%). Peak memory: 281912KB.
Log                       Ext     Elapsed/s Peak Memory/MB sha1sum result [0:20)
3_4_place_resized         .odb            7            275 b1fd0557c9c5b6230625
