OpenROAD 26Q2-2123-g8f0a892fa2 
Features included (+) or not (-): +GPU +GUI +Python
This program is licensed under the BSD-3 license. See the LICENSE file for details.
Components of this program may be licensed under more restrictive licenses which must be honored.
[INFO ORD-0030] Using 8 thread(s).
source /root/OpenROAD-flow-scripts/flow/platforms/asap7/liberty_suppressions.tcl
read_liberty /root/OpenROAD-flow-scripts/flow/platforms/asap7/lib/NLDM/asap7sc7p5t_AO_RVT_TT_nldm_211120.lib.gz
read_liberty /root/OpenROAD-flow-scripts/flow/platforms/asap7/lib/NLDM/asap7sc7p5t_INVBUF_RVT_TT_nldm_220122.lib.gz
read_liberty /root/OpenROAD-flow-scripts/flow/platforms/asap7/lib/NLDM/asap7sc7p5t_OA_RVT_TT_nldm_211120.lib.gz
read_liberty /root/OpenROAD-flow-scripts/flow/platforms/asap7/lib/NLDM/asap7sc7p5t_SEQ_RVT_TT_nldm_220123.lib
read_liberty /root/OpenROAD-flow-scripts/flow/platforms/asap7/lib/NLDM/asap7sc7p5t_SIMPLE_RVT_TT_nldm_211120.lib.gz
read_db ./results/asap7/bsg_mesh_router_buffered/base/3_place.odb
read_sdc ./results/asap7/bsg_mesh_router_buffered/base/3_place.sdc
source /root/OpenROAD-flow-scripts/flow/platforms/asap7/setRC.tcl
clock_tree_synthesis -sink_clustering_enable -repair_clock_nets
[INFO CTS-0050] Root buffer is BUFx16f_ASAP7_75t_R.
[INFO CTS-0051] Sink buffer is BUFx24_ASAP7_75t_R.
[INFO CTS-0052] The following clock buffers will be used for CTS:
                    BUFx16f_ASAP7_75t_R
                    BUFx24_ASAP7_75t_R
[INFO CTS-0049] Characterization buffer is BUFx24_ASAP7_75t_R.
[INFO CTS-0007] Net "clk_i" found for clock "clk".
[INFO CTS-0010]  Clock net "clk_i" has 2626 sinks.
[INFO CTS-0008] TritonCTS found 1 clock nets.
[INFO CTS-0097] Characterization used 2 buffer(s) types.
[INFO CTS-0201] 0 blockages from hard placement blockages and placed macros will be used.
[INFO CTS-0027] Generating H-Tree topology for net clk_i.
[INFO CTS-0028]  Total number of sinks: 2626.
[INFO CTS-0060]  Register sinks will be clustered in groups of up to 20 and based on buffer max cap.
[INFO CTS-0030]  Number of static layers: 0.
[INFO CTS-0020]  Wire segment unit: 1350  dbu (1 um).
[INFO CTS-0204] A clustering solution was found from clustering size of 20 and max clustering diameter of 12.
[INFO CTS-0205] Better solution may be possible if either -sink_clustering_size, -sink_clustering_max_diameter, or both options are omitted to enable automatic clustering.
[INFO CTS-0019]  Total number of sinks after clustering: 133.
[INFO CTS-0024]  Normalized sink region: [(2.58863, 2.68), (39.252, 39.7)].
[INFO CTS-0025]     Width:  36.6633.
[INFO CTS-0026]     Height: 37.0200.
 Level 1
    Direction: Vertical
    Sinks per sub-region: 67
    Sub-region size: 36.6633 X 18.5100
[INFO CTS-0034]     Segment length (rounded): 10.
 Level 2
    Direction: Horizontal
    Sinks per sub-region: 34
    Sub-region size: 18.3317 X 18.5100
[INFO CTS-0034]     Segment length (rounded): 10.
 Level 3
    Direction: Vertical
    Sinks per sub-region: 17
    Sub-region size: 18.3317 X 9.2550
[INFO CTS-0034]     Segment length (rounded): 4.
 Level 4
    Direction: Horizontal
    Sinks per sub-region: 9
    Sub-region size: 9.1658 X 9.2550
[INFO CTS-0034]     Segment length (rounded): 4.
[INFO CTS-0032]  Stop criterion found. Max number of sinks is 15.
[INFO CTS-0035]  Number of sinks covered: 133.
[INFO CTS-0018]     Created 154 clock buffers.
[INFO CTS-0012]     Minimum number of buffers in the clock path: 4.
[INFO CTS-0013]     Maximum number of buffers in the clock path: 4.
[INFO CTS-0015]     Created 154 clock nets.
[INFO CTS-0016]     Fanout distribution for the current clock = 7:2, 8:7, 9:7, 15:2, 17:1, 18:4, 19:13, 20:113..
[INFO CTS-0017]     Max level of the clock tree: 4.
[INFO CTS-0098] Clock net "clk_i"
[INFO CTS-0099]  Sinks 2655
[INFO CTS-0100]  Leaf buffers 133
[INFO CTS-0101]  Average sink wire length 100.17 um
[INFO CTS-0102]  Path depth 3 - 4
[INFO CTS-0207]  Dummy loads inserted 29
estimate_parasitics -placement
detailed_placement
[INFO DPL-0006] Core area: 2817.67 um^2, Instances area: 1957.03 um^2, Utilization: 69.5%
[INFO DPL-0005] Diamond search max displacement: +/- 500 sites horizontally, +/- 100 rows vertically.
[INFO DPL-1101] Legalizing using diamond search.
Movements Summary
---------------------------------------
Total cells:                   15184
Diamond Move Success:          15184 (100.00%)
Diamond Move Failure:              0
Rip-up and replace Success:        0 (  0.00% of diamond failures)
Rip-up and replace Failure:        0
Total Placement Failures:          0
---------------------------------------
Placement Analysis
---------------------------------
total displacement        456.9 u
average displacement        0.0 u
max displacement            1.1 u
original HPWL           38706.8 u
legalized HPWL          40565.9 u
delta HPWL                    5 %

estimate_parasitics -placement
repair_timing -setup_margin 0 -hold_margin 0 -repair_tns 100 -skip_gate_cloning -verbose
[INFO RSZ-0100] Repair move sequence: UnbufferMove SizeUpMove SwapPinsMove BufferMove SplitLoadMove 
[INFO RSZ-0094] Found 128 endpoints with setup violations.
[INFO RSZ-0099] Repairing 128 out of 128 (100.00%) violating endpoints...
   Iter   | Removed | Resized | Inserted | Cloned |  Pin  |   Area   |    WNS   |   StTNS    |   EnTNS    |  Viol  |  Worst  
          | Buffers |  Gates  | Buffers  |  Gates | Swaps |          |          |            |            | Endpts | St/EnPt 
------------------------------------------------------------------------------------------------------------------------------
       0* |       0 |       0 |        0 |      0 |     0 |    +0.0% |  -68.566 |     -862.2 |    -7327.4 |    128 | link_o[215]
      10* |       0 |       8 |        0 |      0 |     1 |    +0.0% |  -47.474 |     -793.3 |    -5020.9 |    128 | link_o[215]
      20* |       0 |      16 |        1 |      0 |     2 |    +0.0% |  -41.145 |     -740.7 |    -4259.3 |    128 | link_o[215]
      30* |       0 |      21 |        5 |      0 |     4 |    +0.1% |  -36.440 |     -696.4 |    -3772.4 |    128 | link_o[215]
      40* |       0 |      27 |        8 |      0 |     6 |    +0.1% |  -34.923 |     -653.8 |    -3465.2 |    128 | link_o[317]
      50* |       0 |      37 |        8 |      0 |     6 |    +0.1% |  -33.359 |     -637.4 |    -3180.9 |    128 | link_o[315]
      60* |       0 |      44 |       10 |      0 |     8 |    +0.1% |  -31.021 |     -638.1 |    -2998.1 |    128 | link_o[215]
      70* |       0 |      51 |       14 |      0 |     9 |    +0.2% |  -28.810 |     -597.6 |    -2617.7 |    128 | link_o[215]
      80* |       0 |      58 |       15 |      0 |    11 |    +0.2% |  -22.763 |     -540.1 |    -2004.9 |    128 | link_o[256]
      90* |       0 |      60 |       21 |      0 |    13 |    +0.2% |  -36.663 |     -597.4 |    -2547.4 |    128 | link_o[264]
     100* |       0 |      66 |       25 |      0 |    14 |    +0.2% |  -32.514 |     -549.6 |    -3028.3 |    128 | link_o[299]
     110* |       0 |      71 |       27 |      0 |    17 |    +0.3% |  -51.973 |     -736.2 |    -3833.0 |    128 | link_o[319]
     120* |       0 |      74 |       30 |      0 |    22 |    +0.3% |  -45.883 |     -684.0 |    -3567.7 |    128 | link_o[319]
     130* |       0 |      79 |       34 |      0 |    23 |    +0.3% |  -48.326 |     -686.7 |    -3829.2 |    128 | link_o[319]
     134* |       0 |      60 |       19 |      0 |    13 |    +0.2% |  -20.323 |     -485.3 |    -1722.9 |    128 | link_o[315]
     140* |       0 |      63 |       20 |      0 |    14 |    +0.2% |  -20.326 |     -479.6 |    -1623.3 |    128 | link_o[315]
     150* |       0 |      71 |       21 |      0 |    15 |    +0.2% |  -20.326 |     -425.1 |    -1360.8 |    128 | link_o[315]
     160* |       0 |      77 |       23 |      0 |    17 |    +0.2% |  -20.326 |     -394.2 |    -1258.5 |    128 | link_o[315]
     166* |       0 |      61 |       19 |      0 |    13 |    +0.2% |  -20.323 |     -485.0 |    -1706.9 |    128 | link_o[315]
     170* |       0 |      63 |       20 |      0 |    13 |    +0.2% |  -20.323 |     -482.1 |    -1637.3 |    128 | link_o[315]
     180* |       0 |      71 |       22 |      0 |    13 |    +0.2% |  -20.323 |     -427.8 |    -1384.4 |    128 | link_o[315]
     190* |       0 |      77 |       24 |      0 |    15 |    +0.2% |  -20.323 |     -406.3 |    -1315.8 |    128 | link_o[315]
     195* |       0 |      81 |       25 |      0 |    15 |    +0.3% |  -20.323 |     -395.5 |    -1251.0 |    128 | link_o[315]
     196* |       0 |      81 |       25 |      0 |    15 |    +0.3% |  -20.323 |     -395.5 |    -1251.0 |    128 | link_o[315]
     197* |       0 |      81 |       25 |      0 |    15 |    +0.3% |  -20.323 |     -395.5 |    -1251.0 |    128 | link_o[315]
     198* |       0 |      81 |       25 |      0 |    15 |    +0.3% |  -20.323 |     -395.5 |    -1251.0 |    128 | link_o[315]
     199* |       0 |      81 |       25 |      0 |    15 |    +0.3% |  -20.323 |     -395.5 |    -1251.0 |    128 | link_o[315]
     200* |       0 |      81 |       25 |      0 |    15 |    +0.3% |  -20.323 |     -395.5 |    -1251.0 |    128 | link_o[315]
     200* |       0 |      81 |       25 |      0 |    15 |    +0.3% |  -20.323 |     -395.5 |    -1251.0 |    128 | link_o[315]
     201* |       0 |      81 |       25 |      0 |    15 |    +0.3% |  -20.323 |     -395.5 |    -1251.0 |    128 | link_o[315]
     202* |       0 |      81 |       25 |      0 |    15 |    +0.3% |  -20.323 |     -395.5 |    -1251.0 |    128 | link_o[315]
     208* |       0 |      83 |       26 |      0 |    17 |    +0.3% |  -20.323 |     -392.2 |    -1030.7 |    128 | link_o[315]
     210* |       0 |      84 |       26 |      0 |    17 |    +0.3% |  -20.323 |     -370.6 |    -1030.8 |    128 | link_o[315]
     217* |       0 |      85 |       26 |      0 |    17 |    +0.3% |  -20.323 |     -370.6 |     -966.5 |    128 | link_o[315]
     220* |       0 |      86 |       27 |      0 |    17 |    +0.3% |  -28.267 |     -422.0 |    -1171.8 |    128 | link_o[200]
     222* |       0 |      85 |       26 |      0 |    17 |    +0.3% |  -20.323 |     -370.6 |     -966.5 |    128 | link_o[315]
     227* |       0 |      85 |       26 |      0 |    17 |    +0.3% |  -20.323 |     -370.6 |     -966.5 |    128 | link_o[315]
     230* |       0 |      86 |       27 |      0 |    17 |    +0.3% |  -28.267 |     -422.0 |    -1171.8 |    128 | link_o[200]
     232* |       0 |      85 |       26 |      0 |    17 |    +0.3% |  -20.323 |     -370.6 |     -966.5 |    128 | link_o[315]
     233* |       0 |      85 |       26 |      0 |    17 |    +0.3% |  -20.323 |     -370.6 |     -966.5 |    128 | link_o[315]
     238* |       0 |      85 |       26 |      0 |    17 |    +0.3% |  -20.323 |     -370.6 |     -966.5 |    128 | link_o[315]
     240* |       0 |      85 |       27 |      0 |    17 |    +0.3% |  -28.267 |     -430.4 |    -1175.1 |    128 | link_o[200]
     243* |       0 |      85 |       26 |      0 |    17 |    +0.3% |  -20.323 |     -370.6 |     -966.5 |    128 | link_o[315]
     248* |       0 |      85 |       26 |      0 |    17 |    +0.3% |  -20.323 |     -370.6 |     -966.5 |    128 | link_o[315]
     250* |       0 |      85 |       27 |      0 |    17 |    +0.3% |  -28.267 |     -430.4 |    -1175.1 |    128 | link_o[200]
     260* |       0 |      89 |       33 |      0 |    18 |    +0.3% |  -32.876 |     -482.1 |    -1892.2 |    128 | link_o[203]
     262* |       0 |      85 |       26 |      0 |    17 |    +0.3% |  -20.323 |     -370.6 |     -966.5 |    128 | link_o[315]
     267* |       0 |      85 |       26 |      0 |    17 |    +0.3% |  -20.323 |     -370.6 |     -966.5 |    128 | link_o[315]
     270* |       0 |      85 |       28 |      0 |    17 |    +0.3% |  -22.958 |     -391.0 |    -1679.3 |    128 | link_o[200]
     280* |       0 |      92 |       32 |      0 |    17 |    +0.3% |  -29.010 |     -440.0 |    -1739.0 |    128 | link_o[259]
     281* |       0 |      85 |       26 |      0 |    17 |    +0.3% |  -20.323 |     -370.6 |     -966.5 |    128 | link_o[315]
     282* |       0 |      85 |       26 |      0 |    17 |    +0.3% |  -20.323 |     -370.6 |     -966.5 |    128 | link_o[315]
     290* |       0 |      88 |       31 |      0 |    17 |    +0.3% |  -20.323 |     -374.7 |    -1663.9 |    128 | link_o[315]
     296* |       0 |      85 |       26 |      0 |    17 |    +0.3% |  -20.323 |     -370.6 |     -966.5 |    128 | link_o[315]
     300* |       0 |      86 |       28 |      0 |    17 |    +0.3% |  -20.323 |     -374.7 |    -1643.7 |    128 | link_o[315]
     310* |       0 |      92 |       32 |      0 |    18 |    +0.3% |  -29.292 |     -442.5 |    -1739.8 |    128 | link_o[259]
     310* |       0 |      85 |       26 |      0 |    17 |    +0.3% |  -20.323 |     -370.6 |     -966.5 |    128 | link_o[315]
     320* |       0 |      88 |       33 |      0 |    17 |    +0.3% |  -32.896 |     -482.4 |    -1892.0 |    128 | link_o[203]
     324* |       0 |      85 |       26 |      0 |    17 |    +0.3% |  -20.323 |     -370.6 |     -966.5 |    128 | link_o[315]
     328* |       0 |      85 |       26 |      0 |    17 |    +0.3% |  -20.323 |     -370.6 |     -966.5 |    128 | link_o[315]
     330* |       0 |      85 |       27 |      0 |    17 |    +0.3% |  -28.267 |     -430.4 |    -1175.1 |    128 | link_o[200]
     340* |       0 |      91 |       32 |      0 |    17 |    +0.3% |  -29.010 |     -440.0 |    -1739.6 |    128 | link_o[259]
     342* |       0 |      85 |       26 |      0 |    17 |    +0.3% |  -20.323 |     -370.6 |     -966.5 |    128 | link_o[315]
     350* |       0 |      87 |       32 |      0 |    17 |    +0.3% |  -34.673 |     -505.5 |    -1785.8 |    128 | link_o[203]
     356* |       0 |      85 |       26 |      0 |    17 |    +0.3% |  -20.323 |     -370.6 |     -966.5 |    128 | link_o[315]
     360* |       0 |      86 |       28 |      0 |    17 |    +0.3% |  -22.958 |     -382.7 |    -1669.3 |    128 | link_o[200]
     360* |       0 |      85 |       26 |      0 |    17 |    +0.3% |  -20.323 |     -370.6 |     -966.5 |    128 | link_o[315]
     361* |       0 |      85 |       26 |      0 |    17 |    +0.3% |  -20.323 |     -370.6 |     -966.5 |    128 | link_o[315]
     370* |       0 |      86 |       31 |      0 |    19 |    +0.3% |  -32.474 |     -463.2 |    -2280.2 |    128 | link_o[264]
     380* |       0 |      90 |       36 |      0 |    20 |    +0.4% |  -39.645 |     -547.4 |    -2491.5 |    128 | link_o[325]
     382* |       0 |      85 |       26 |      0 |    17 |    +0.3% |  -20.323 |     -370.6 |     -966.5 |    128 | link_o[315]
     383* |       0 |      85 |       26 |      0 |    17 |    +0.3% |  -20.323 |     -370.6 |     -966.5 |    128 | link_o[315]
     390* |       0 |      87 |       31 |      0 |    17 |    +0.3% |  -20.323 |     -374.7 |    -1686.2 |    128 | link_o[315]
     397* |       0 |      85 |       26 |      0 |    17 |    +0.3% |  -20.323 |     -370.6 |     -966.5 |    128 | link_o[315]
     398* |       0 |      85 |       26 |      0 |    17 |    +0.3% |  -20.323 |     -370.6 |     -966.5 |    128 | link_o[315]
     399* |       0 |      85 |       26 |      0 |    17 |    +0.3% |  -20.323 |     -370.6 |     -966.5 |    128 | link_o[315]
     400* |       0 |      85 |       26 |      0 |    17 |    +0.3% |  -20.323 |     -370.6 |     -966.5 |    128 | link_o[315]
     400* |       0 |      85 |       26 |      0 |    17 |    +0.3% |  -20.323 |     -370.6 |     -966.5 |    128 | link_o[315]
     401* |       0 |      85 |       26 |      0 |    17 |    +0.3% |  -20.323 |     -370.6 |     -966.5 |    128 | link_o[315]
     402* |       0 |      85 |       26 |      0 |    17 |    +0.3% |  -20.323 |     -370.6 |     -966.5 |    128 | link_o[315]
     410* |       0 |      85 |       34 |      0 |    17 |    +0.3% |  -32.471 |     -464.8 |    -2299.1 |    128 | link_o[264]
     419* |       0 |      85 |       26 |      0 |    17 |    +0.3% |  -20.323 |     -370.6 |     -966.5 |    128 | link_o[315]
     420* |       0 |      85 |       26 |      0 |    17 |    +0.3% |  -20.323 |     -370.6 |     -966.5 |    128 | link_o[315]
     430* |       0 |      87 |       35 |      0 |    17 |    +0.3% |  -43.844 |     -606.4 |    -2358.2 |    128 | link_o[319]
     435* |       0 |      85 |       26 |      0 |    17 |    +0.3% |  -20.323 |     -370.6 |     -966.5 |    128 | link_o[315]
     440* |       0 |      85 |       30 |      0 |    17 |    +0.3% |  -32.471 |     -468.6 |    -2331.2 |    128 | link_o[264]
     450* |       0 |      89 |       37 |      0 |    17 |    +0.4% |  -39.594 |     -553.8 |    -2556.2 |    128 | link_o[319]
     451* |       0 |      85 |       26 |      0 |    17 |    +0.3% |  -20.323 |     -370.6 |     -966.5 |    128 | link_o[315]
     460* |       0 |      86 |       34 |      0 |    17 |    +0.3% |  -32.471 |     -464.8 |    -2273.1 |    128 | link_o[264]
     470* |       0 |      90 |       38 |      0 |    19 |    +0.4% |  -39.642 |     -549.7 |    -2491.0 |    128 | link_o[325]
     472* |       0 |      85 |       26 |      0 |    17 |    +0.3% |  -20.323 |     -370.6 |     -966.5 |    128 | link_o[315]
     480* |       0 |      85 |       34 |      0 |    17 |    +0.3% |  -32.471 |     -464.8 |    -2299.1 |    128 | link_o[264]
     489* |       0 |      85 |       26 |      0 |    17 |    +0.3% |  -20.323 |     -370.6 |     -966.5 |    128 | link_o[315]
     490* |       0 |      85 |       26 |      0 |    17 |    +0.3% |  -20.323 |     -370.6 |     -966.5 |    128 | link_o[315]
     490* |       0 |      85 |       26 |      0 |    17 |    +0.3% |  -20.323 |     -370.6 |     -966.5 |    128 | link_o[315]
     500* |       0 |      87 |       34 |      0 |    17 |    +0.3% |  -34.062 |     -471.1 |    -2376.5 |    128 | link_o[264]
     510* |       0 |      91 |       38 |      0 |    19 |    +0.4% |  -40.343 |     -558.6 |    -2488.6 |    128 | link_o[325]
     511* |       0 |      85 |       26 |      0 |    17 |    +0.3% |  -20.323 |     -370.6 |     -966.5 |    128 | link_o[315]
     520* |       0 |      86 |       34 |      0 |    17 |    +0.3% |  -32.471 |     -464.8 |    -2273.1 |    128 | link_o[264]
     530* |       0 |      91 |       38 |      0 |    18 |    +0.4% |  -39.725 |     -552.5 |    -2491.2 |    128 | link_o[325]
     532* |       0 |      85 |       26 |      0 |    17 |    +0.3% |  -20.323 |     -370.6 |     -966.5 |    128 | link_o[315]
     533* |       0 |      85 |       26 |      0 |    17 |    +0.3% |  -20.323 |     -370.6 |     -966.5 |    128 | link_o[315]
     540* |       0 |      85 |       32 |      0 |    17 |    +0.3% |  -32.471 |     -467.3 |    -2304.5 |    128 | link_o[264]
     550* |       0 |      89 |       38 |      0 |    18 |    +0.4% |  -40.426 |     -560.5 |    -2487.5 |    128 | link_o[325]
     550* |       0 |      85 |       26 |      0 |    17 |    +0.3% |  -20.323 |     -370.6 |     -966.5 |    128 | link_o[315]
     560* |       0 |      87 |       34 |      0 |    17 |    +0.3% |  -34.062 |     -471.1 |    -2376.5 |    128 | link_o[264]
     570* |       0 |      92 |       38 |      0 |    18 |    +0.4% |  -40.224 |     -558.0 |    -2488.2 |    128 | link_o[325]
     571* |       0 |      85 |       26 |      0 |    17 |    +0.3% |  -20.323 |     -370.6 |     -966.5 |    128 | link_o[315]
     580* |       0 |      88 |       32 |      0 |    17 |    +0.3% |  -32.582 |     -478.3 |    -1776.4 |    128 | link_o[259]
     584* |       0 |      85 |       26 |      0 |    17 |    +0.3% |  -20.323 |     -370.6 |     -966.5 |    128 | link_o[315]
     590* |       0 |      85 |       31 |      0 |    17 |    +0.3% |  -36.663 |     -484.0 |    -1770.8 |    128 | link_o[264]
     600* |       0 |      90 |       37 |      0 |    17 |    +0.3% |  -36.269 |     -514.7 |    -2394.2 |    128 | link_o[325]
     602* |       0 |      85 |       26 |      0 |    17 |    +0.3% |  -20.323 |     -370.6 |     -966.5 |    128 | link_o[315]
     603* |       0 |      85 |       26 |      0 |    17 |    +0.3% |  -20.323 |     -370.6 |     -966.5 |    128 | link_o[315]
     610* |       0 |      85 |       32 |      0 |    17 |    +0.3% |  -32.471 |     -467.3 |    -2304.5 |    128 | link_o[264]
     620* |       0 |      91 |       37 |      0 |    17 |    +0.3% |  -36.186 |     -513.8 |    -2393.3 |    128 | link_o[327]
     621* |       0 |      85 |       26 |      0 |    17 |    +0.3% |  -20.323 |     -370.6 |     -966.5 |    128 | link_o[315]
     622* |       0 |      85 |       26 |      0 |    17 |    +0.3% |  -20.323 |     -370.6 |     -966.5 |    128 | link_o[315]
     630* |       0 |      87 |       32 |      0 |    17 |    +0.3% |  -28.171 |     -431.1 |    -2328.9 |    128 | link_o[317]
     637* |       0 |      85 |       26 |      0 |    17 |    +0.3% |  -20.323 |     -370.6 |     -966.5 |    128 | link_o[315]
     638* |       0 |      85 |       26 |      0 |    17 |    +0.3% |  -20.323 |     -370.6 |     -966.5 |    128 | link_o[315]
     639* |       0 |      85 |       26 |      0 |    17 |    +0.3% |  -20.323 |     -370.6 |     -966.5 |    128 | link_o[315]
     640* |       0 |      85 |       26 |      0 |    17 |    +0.3% |  -20.323 |     -370.6 |     -966.5 |    128 | link_o[315]
     650* |       0 |      87 |       35 |      0 |    17 |    +0.3% |  -43.844 |     -606.4 |    -2358.2 |    128 | link_o[319]
     655* |       0 |      85 |       26 |      0 |    17 |    +0.3% |  -20.323 |     -370.6 |     -966.5 |    128 | link_o[315]
     660* |       0 |      85 |       30 |      0 |    17 |    +0.3% |  -32.471 |     -468.6 |    -2331.2 |    128 | link_o[264]
     670* |       0 |      89 |       37 |      0 |    17 |    +0.4% |  -39.594 |     -553.8 |    -2556.4 |    128 | link_o[319]
     671* |       0 |      85 |       26 |      0 |    17 |    +0.3% |  -20.323 |     -370.6 |     -966.5 |    128 | link_o[315]
     680* |       0 |      87 |       33 |      0 |    17 |    +0.3% |  -32.896 |     -482.4 |    -1895.9 |    128 | link_o[203]
     685* |       0 |      85 |       26 |      0 |    17 |    +0.3% |  -20.323 |     -370.6 |     -966.5 |    128 | link_o[315]
     686* |       0 |      85 |       26 |      0 |    17 |    +0.3% |  -20.323 |     -370.6 |     -966.5 |    128 | link_o[315]
     690* |       0 |      85 |       29 |      0 |    17 |    +0.3% |  -33.511 |     -470.7 |    -2407.0 |    128 | link_o[264]
     700* |       0 |      88 |       37 |      0 |    17 |    +0.3% |  -39.594 |     -553.8 |    -2557.4 |    128 | link_o[319]
     702* |       0 |      85 |       26 |      0 |    17 |    +0.3% |  -20.323 |     -370.6 |     -966.5 |    128 | link_o[315]
     710* |       0 |      87 |       32 |      0 |    17 |    +0.3% |  -28.171 |     -431.1 |    -2328.9 |    128 | link_o[317]
     718* |       0 |      85 |       26 |      0 |    17 |    +0.3% |  -20.323 |     -370.6 |     -966.5 |    128 | link_o[315]
     720* |       0 |      86 |       26 |      0 |    17 |    +0.3% |  -20.649 |     -372.6 |     -907.1 |    128 | link_o[315]
     724* |       0 |      85 |       26 |      0 |    17 |    +0.3% |  -20.323 |     -370.6 |     -966.5 |    128 | link_o[315]
     730* |       0 |      87 |       29 |      0 |    17 |    +0.3% |  -26.962 |     -407.0 |    -1082.5 |    128 | link_o[304]
     735* |       0 |      85 |       26 |      0 |    17 |    +0.3% |  -20.323 |     -370.6 |     -966.5 |    128 | link_o[315]
     740* |       0 |      87 |       28 |      0 |    17 |    +0.3% |  -26.962 |     -408.4 |    -1085.8 |    128 | link_o[304]
     744* |       0 |      85 |       26 |      0 |    17 |    +0.3% |  -20.323 |     -370.6 |     -966.5 |    128 | link_o[315]
     749* |       0 |      85 |       26 |      0 |    17 |    +0.3% |  -20.323 |     -370.6 |     -966.5 |    128 | link_o[315]
     750* |       0 |      85 |       26 |      0 |    17 |    +0.3% |  -20.323 |     -370.6 |     -966.5 |    128 | link_o[315]
     754* |       0 |      85 |       26 |      0 |    17 |    +0.3% |  -20.323 |     -370.6 |     -966.5 |    128 | link_o[315]
     759* |       0 |      85 |       26 |      0 |    17 |    +0.3% |  -20.323 |     -370.6 |     -966.5 |    128 | link_o[315]
     760* |       0 |      85 |       26 |      0 |    17 |    +0.3% |  -20.323 |     -370.6 |     -966.5 |    128 | link_o[315]
     769* |       0 |      85 |       26 |      0 |    17 |    +0.3% |  -20.323 |     -370.6 |     -966.5 |    128 | link_o[315]
     770* |       0 |      85 |       26 |      0 |    17 |    +0.3% |  -20.323 |     -370.6 |     -966.5 |    128 | link_o[315]
     779* |       0 |      85 |       26 |      0 |    17 |    +0.3% |  -20.323 |     -370.6 |     -966.5 |    128 | link_o[315]
     780* |       0 |      85 |       26 |      0 |    17 |    +0.3% |  -20.323 |     -370.6 |     -966.5 |    128 | link_o[315]
     790* |       0 |      90 |       31 |      0 |    18 |    +0.3% |  -19.835 |     -373.7 |    -1615.2 |    128 | link_o[198]
     790* |       0 |      89 |       31 |      0 |    17 |    +0.3% |  -19.835 |     -373.7 |    -1615.2 |    128 | link_o[198]
     793* |       0 |      89 |       31 |      0 |    17 |    +0.3% |  -19.835 |     -373.7 |    -1615.2 |    128 | link_o[198]
     796* |       0 |      89 |       31 |      0 |    17 |    +0.3% |  -19.835 |     -373.7 |    -1615.2 |    128 | link_o[198]
     799* |       0 |      89 |       31 |      0 |    17 |    +0.3% |  -19.835 |     -373.7 |    -1615.2 |    128 | link_o[198]
     800* |       0 |      89 |       31 |      0 |    17 |    +0.3% |  -19.835 |     -373.7 |    -1615.2 |    128 | link_o[198]
     802* |       0 |      89 |       31 |      0 |    17 |    +0.3% |  -19.835 |     -373.7 |    -1615.2 |    128 | link_o[198]
     805* |       0 |      89 |       31 |      0 |    17 |    +0.3% |  -19.835 |     -373.7 |    -1615.2 |    128 | link_o[198]
     810* |       0 |      91 |       33 |      0 |    17 |    +0.3% |  -28.600 |     -431.1 |    -2170.5 |    128 | link_o[307]
     820* |       0 |      95 |       39 |      0 |    18 |    +0.4% |  -39.161 |     -549.1 |    -3166.8 |    128 | link_o[319]
     820* |       0 |      89 |       31 |      0 |    17 |    +0.3% |  -19.835 |     -373.7 |    -1615.2 |    128 | link_o[198]
     823* |       0 |      89 |       31 |      0 |    17 |    +0.3% |  -19.835 |     -373.7 |    -1615.2 |    128 | link_o[198]
     830* |       0 |      91 |       36 |      0 |    17 |    +0.4% |  -46.841 |     -634.5 |    -2348.8 |    128 | link_o[319]
     838* |       0 |      89 |       31 |      0 |    17 |    +0.3% |  -19.835 |     -373.7 |    -1615.2 |    128 | link_o[198]
     840* |       0 |      89 |       32 |      0 |    17 |    +0.3% |  -41.801 |     -566.0 |    -1805.8 |    128 | link_o[264]
     850* |       0 |      93 |       39 |      0 |    17 |    +0.4% |  -40.236 |     -560.9 |    -3170.8 |    128 | link_o[319]
     853* |       0 |      89 |       31 |      0 |    17 |    +0.3% |  -19.835 |     -373.7 |    -1615.2 |    128 | link_o[198]
     860* |       0 |      92 |       33 |      0 |    18 |    +0.3% |  -22.503 |     -381.7 |    -1747.0 |    128 | link_o[198]
     862* |       0 |      89 |       31 |      0 |    17 |    +0.3% |  -19.835 |     -373.7 |    -1615.2 |    128 | link_o[198]
     868* |       0 |      89 |       31 |      0 |    17 |    +0.3% |  -19.835 |     -373.7 |    -1615.2 |    128 | link_o[198]
     870* |       0 |      90 |       31 |      0 |    17 |    +0.3% |  -20.416 |     -375.5 |    -1567.5 |    128 | link_o[198]
     874* |       0 |      89 |       31 |      0 |    17 |    +0.3% |  -19.835 |     -373.7 |    -1615.2 |    128 | link_o[198]
     880* |       0 |      92 |       32 |      0 |    18 |    +0.3% |  -22.503 |     -381.7 |    -1661.7 |    128 | link_o[198]
     880* |       0 |      89 |       31 |      0 |    17 |    +0.3% |  -19.835 |     -373.7 |    -1615.2 |    128 | link_o[198]
     885* |       0 |      89 |       31 |      0 |    17 |    +0.3% |  -19.835 |     -373.7 |    -1615.2 |    128 | link_o[198]
     890* |       0 |      92 |       31 |      0 |    18 |    +0.3% |  -22.503 |     -381.7 |    -1541.4 |    128 | link_o[198]
     891* |       0 |      89 |       31 |      0 |    17 |    +0.3% |  -19.835 |     -373.7 |    -1615.2 |    128 | link_o[198]
     897* |       0 |      89 |       31 |      0 |    17 |    +0.3% |  -19.835 |     -373.7 |    -1615.2 |    128 | link_o[198]
     900* |       0 |      91 |       31 |      0 |    17 |    +0.3% |  -20.727 |     -376.4 |    -1507.4 |    128 | link_o[198]
     903* |       0 |      89 |       31 |      0 |    17 |    +0.3% |  -19.835 |     -373.7 |    -1615.2 |    128 | link_o[198]
     910* |       0 |      94 |       32 |      0 |    17 |    +0.3% |  -22.503 |     -381.7 |    -1619.4 |    128 | link_o[198]
     914* |       0 |      89 |       31 |      0 |    17 |    +0.3% |  -19.835 |     -373.7 |    -1615.2 |    128 | link_o[198]
     920* |       0 |      92 |       32 |      0 |    18 |    +0.3% |  -22.614 |     -382.1 |    -1662.9 |    128 | link_o[235]
     920* |       0 |      89 |       31 |      0 |    17 |    +0.3% |  -19.835 |     -373.7 |    -1615.2 |    128 | link_o[198]
     926* |       0 |      89 |       31 |      0 |    17 |    +0.3% |  -19.835 |     -373.7 |    -1615.2 |    128 | link_o[198]
     930* |       0 |      92 |       31 |      0 |    17 |    +0.3% |  -22.503 |     -381.7 |    -1540.6 |    128 | link_o[198]
     937* |       0 |      89 |       31 |      0 |    17 |    +0.3% |  -19.835 |     -373.7 |    -1615.2 |    128 | link_o[198]
     940* |       0 |      91 |       31 |      0 |    17 |    +0.3% |  -20.727 |     -376.4 |    -1507.4 |    128 | link_o[198]
     948* |       0 |      89 |       31 |      0 |    17 |    +0.3% |  -19.835 |     -373.7 |    -1615.2 |    128 | link_o[198]
     950* |       0 |      90 |       31 |      0 |    17 |    +0.3% |  -20.416 |     -375.5 |    -1567.5 |    128 | link_o[198]
     959* |       0 |      89 |       31 |      0 |    17 |    +0.3% |  -19.835 |     -373.7 |    -1615.2 |    128 | link_o[198]
     960* |       0 |      89 |       31 |      0 |    17 |    +0.3% |  -19.835 |     -373.7 |    -1615.2 |    128 | link_o[198]
     970* |       0 |      95 |       34 |      0 |    18 |    +0.4% |  -22.503 |     -381.7 |    -1737.1 |    128 | link_o[198]
     970* |       0 |      89 |       31 |      0 |    17 |    +0.3% |  -19.835 |     -373.7 |    -1615.2 |    128 | link_o[198]
     980* |       0 |      93 |       36 |      0 |    18 |    +0.4% |  -24.829 |     -400.4 |    -1789.0 |    128 | link_o[285]
     985* |       0 |      89 |       31 |      0 |    17 |    +0.3% |  -19.835 |     -373.7 |    -1615.2 |    128 | link_o[198]
     990* |       0 |      91 |       33 |      0 |    17 |    +0.3% |  -24.829 |     -404.6 |    -1805.9 |    128 | link_o[285]
    1000* |       0 |      94 |       39 |      0 |    19 |    +0.4% |  -23.286 |     -386.0 |    -1882.8 |    128 | link_o[285]
    1003* |       0 |      89 |       31 |      0 |    17 |    +0.3% |  -19.835 |     -373.7 |    -1615.2 |    128 | link_o[198]
    1010* |       0 |      92 |       33 |      0 |    18 |    +0.3% |  -36.158 |     -503.9 |    -1794.0 |    128 | link_o[281]
    1013* |       0 |      90 |       31 |      0 |    17 |    +0.3% |  -19.835 |     -375.5 |    -1606.3 |    128 | link_o[198]
    1020* |       0 |      93 |       35 |      0 |    17 |    +0.4% |  -25.500 |     -406.1 |    -1782.4 |    128 | link_o[285]
    1027* |       0 |      90 |       31 |      0 |    17 |    +0.3% |  -19.835 |     -375.5 |    -1606.3 |    128 | link_o[198]
    1030* |       0 |      91 |       32 |      0 |    17 |    +0.3% |  -25.500 |     -409.9 |    -1800.3 |    128 | link_o[285]
    1040* |       0 |      96 |       38 |      0 |    17 |    +0.4% |  -24.511 |     -398.5 |    -1873.5 |    128 | link_o[285]
    1042* |       0 |      90 |       31 |      0 |    17 |    +0.3% |  -19.835 |     -375.5 |    -1606.3 |    128 | link_o[198]
    1050* |       0 |      93 |       36 |      0 |    17 |    +0.4% |  -25.500 |     -406.1 |    -1774.1 |    128 | link_o[285]
    1056* |       0 |      90 |       31 |      0 |    17 |    +0.3% |  -19.835 |     -375.5 |    -1606.3 |    128 | link_o[198]
    1060* |       0 |      92 |       32 |      0 |    17 |    +0.3% |  -21.779 |     -386.3 |    -1668.4 |    128 | link_o[315]
    1070* |       0 |      95 |       39 |      0 |    18 |    +0.4% |  -34.080 |     -475.9 |    -2090.0 |    128 | link_o[281]
    1070* |       0 |      90 |       31 |      0 |    17 |    +0.3% |  -19.835 |     -375.5 |    -1606.3 |    128 | link_o[198]
    1080* |       0 |      95 |       36 |      0 |    17 |    +0.4% |  -25.500 |     -404.4 |    -1770.7 |    128 | link_o[285]
    1085* |       0 |      90 |       31 |      0 |    17 |    +0.3% |  -19.835 |     -375.5 |    -1606.3 |    128 | link_o[198]
    1090* |       0 |      92 |       33 |      0 |    17 |    +0.3% |  -25.500 |     -408.6 |    -1791.1 |    128 | link_o[285]
    1100* |       0 |      97 |       38 |      0 |    18 |    +0.4% |  -24.511 |     -398.5 |    -1873.4 |    128 | link_o[285]
    1100* |       0 |      90 |       31 |      0 |    17 |    +0.3% |  -19.835 |     -375.5 |    -1606.3 |    128 | link_o[198]
    1110* |       0 |      95 |       36 |      0 |    17 |    +0.4% |  -25.500 |     -404.4 |    -1770.7 |    128 | link_o[285]
    1115* |       0 |      90 |       31 |      0 |    17 |    +0.3% |  -19.835 |     -375.5 |    -1606.3 |    128 | link_o[198]
    1120* |       0 |      91 |       35 |      0 |    17 |    +0.3% |  -25.500 |     -406.1 |    -1787.9 |    128 | link_o[285]
    1129* |       0 |      90 |       31 |      0 |    17 |    +0.3% |  -19.835 |     -375.5 |    -1606.3 |    128 | link_o[198]
    1130* |       0 |      90 |       31 |      0 |    17 |    +0.3% |  -19.835 |     -375.5 |    -1606.3 |    128 | link_o[198]
    1138* |       0 |      90 |       31 |      0 |    17 |    +0.3% |  -19.835 |     -375.5 |    -1606.3 |    128 | link_o[198]
    1140* |       0 |      91 |       31 |      0 |    17 |    +0.3% |  -20.001 |     -376.9 |    -1582.6 |    128 | link_o[315]
    1150* |       0 |      93 |       39 |      0 |    18 |    +0.4% |  -33.469 |     -469.2 |    -2087.5 |    128 | link_o[281]
    1152* |       0 |      90 |       31 |      0 |    17 |    +0.3% |  -19.835 |     -375.5 |    -1606.3 |    128 | link_o[198]
    1160* |       0 |      92 |       35 |      0 |    18 |    +0.4% |  -33.469 |     -474.3 |    -2087.5 |    128 | link_o[281]
    1162* |       0 |      90 |       31 |      0 |    17 |    +0.3% |  -19.835 |     -375.5 |    -1606.3 |    128 | link_o[198]
    1170* |       0 |      93 |       34 |      0 |    18 |    +0.4% |  -21.469 |     -385.7 |    -1844.2 |    128 | link_o[315]
    1171* |       0 |      90 |       31 |      0 |    17 |    +0.3% |  -19.835 |     -375.5 |    -1606.3 |    128 | link_o[198]
    1180* |       0 |      94 |       34 |      0 |    18 |    +0.4% |  -21.469 |     -385.7 |    -1843.1 |    128 | link_o[315]
    1180* |       0 |      90 |       31 |      0 |    17 |    +0.3% |  -19.835 |     -375.5 |    -1606.3 |    128 | link_o[198]
    1189* |       0 |      90 |       31 |      0 |    17 |    +0.3% |  -19.835 |     -375.5 |    -1606.3 |    128 | link_o[198]
    1190* |       0 |      90 |       31 |      0 |    17 |    +0.3% |  -19.835 |     -375.5 |    -1606.3 |    128 | link_o[198]
    1200* |       0 |      94 |       37 |      0 |    18 |    +0.4% |  -35.345 |     -489.5 |    -1789.9 |    128 | link_o[274]
    1204* |       0 |      90 |       31 |      0 |    17 |    +0.3% |  -19.835 |     -375.5 |    -1606.3 |    128 | link_o[198]
    1210* |       0 |      92 |       33 |      0 |    18 |    +0.3% |  -35.348 |     -495.0 |    -1790.0 |    128 | link_o[274]
    1214* |       0 |      90 |       31 |      0 |    17 |    +0.3% |  -19.835 |     -375.5 |    -1606.3 |    128 | link_o[198]
    1220* |       0 |      93 |       34 |      0 |    17 |    +0.3% |  -21.779 |     -383.4 |    -1661.6 |    128 | link_o[315]
    1228* |       0 |      90 |       31 |      0 |    17 |    +0.3% |  -19.835 |     -375.5 |    -1606.3 |    128 | link_o[198]
    1230* |       0 |      91 |       31 |      0 |    17 |    +0.3% |  -21.469 |     -385.7 |    -1646.2 |    128 | link_o[315]
    1237* |       0 |      90 |       31 |      0 |    17 |    +0.3% |  -19.835 |     -375.5 |    -1606.3 |    128 | link_o[198]
    1240* |       0 |      91 |       32 |      0 |    17 |    +0.3% |  -20.001 |     -375.6 |    -1576.4 |    128 | link_o[315]
    1250* |       0 |      94 |       39 |      0 |    18 |    +0.4% |  -33.587 |     -470.5 |    -2088.4 |    128 | link_o[281]
    1251* |       0 |      90 |       31 |      0 |    17 |    +0.3% |  -19.835 |     -375.5 |    -1606.3 |    128 | link_o[198]
    1260* |       0 |      94 |       36 |      0 |    17 |    +0.4% |  -21.779 |     -378.3 |    -1654.7 |    128 | link_o[315]
    1267* |       0 |      90 |       31 |      0 |    17 |    +0.3% |  -19.835 |     -375.5 |    -1606.3 |    128 | link_o[198]
    1270* |       0 |      91 |       32 |      0 |    17 |    +0.3% |  -20.001 |     -375.6 |    -1576.4 |    128 | link_o[315]
    1280* |       0 |      94 |       40 |      0 |    18 |    +0.4% |  -31.963 |     -453.1 |    -2202.2 |    128 | link_o[281]
    1281* |       0 |      90 |       31 |      0 |    17 |    +0.3% |  -19.835 |     -375.5 |    -1606.3 |    128 | link_o[198]
    1290* |       0 |      94 |       34 |      0 |    18 |    +0.4% |  -21.469 |     -385.7 |    -1843.1 |    128 | link_o[315]
    1290* |       0 |      90 |       31 |      0 |    17 |    +0.3% |  -19.835 |     -375.5 |    -1606.3 |    128 | link_o[198]
    1298* |       0 |      90 |       31 |      0 |    17 |    +0.3% |  -19.835 |     -375.5 |    -1606.3 |    128 | link_o[198]
    1300* |       0 |      91 |       31 |      0 |    17 |    +0.3% |  -21.469 |     -385.7 |    -1646.2 |    128 | link_o[315]
    1307* |       0 |      90 |       31 |      0 |    17 |    +0.3% |  -19.835 |     -375.5 |    -1606.3 |    128 | link_o[198]
    1310* |       0 |      91 |       32 |      0 |    17 |    +0.3% |  -25.500 |     -409.9 |    -1800.3 |    128 | link_o[285]
    1316* |       0 |      90 |       31 |      0 |    17 |    +0.3% |  -19.835 |     -375.5 |    -1606.3 |    128 | link_o[198]
    1320* |       0 |      93 |       31 |      0 |    17 |    +0.3% |  -21.595 |     -380.8 |    -1611.0 |    128 | link_o[198]
    1323* |       0 |      90 |       31 |      0 |    17 |    +0.3% |  -19.835 |     -375.5 |    -1606.3 |    128 | link_o[198]
    1324* |       0 |      90 |       31 |      0 |    17 |    +0.3% |  -19.835 |     -375.5 |    -1606.3 |    128 | link_o[198]
    1325* |       0 |      90 |       31 |      0 |    17 |    +0.3% |  -19.835 |     -375.5 |    -1606.3 |    128 | link_o[198]
    1325* |       0 |      90 |       31 |      0 |    17 |    +0.3% |  -19.835 |     -375.5 |    -1606.3 |    128 | link_o[198]
    1330+ |       0 |      93 |       31 |      0 |    18 |    +0.3% |  -19.215 |     -372.2 |    -1602.8 |    126 | link_o[316]
    1332+ |       0 |      95 |       31 |      0 |    18 |    +0.3% |  -19.150 |     -371.8 |    -1601.0 |    126 | link_o[256]
    1333+ |       0 |      95 |       31 |      0 |    18 |    +0.3% |  -19.150 |     -371.8 |    -1601.0 |    126 | link_o[256]
    1334+ |       0 |      95 |       31 |      0 |    18 |    +0.3% |  -19.150 |     -371.8 |    -1601.0 |    126 | link_o[256]
    1335+ |       0 |      95 |       31 |      0 |    18 |    +0.3% |  -19.150 |     -371.8 |    -1601.0 |    126 | link_o[256]
    1336+ |       0 |      95 |       31 |      0 |    18 |    +0.3% |  -19.150 |     -371.8 |    -1601.0 |    126 | link_o[256]
    1337+ |       0 |      95 |       31 |      0 |    18 |    +0.3% |  -19.150 |     -371.8 |    -1601.0 |    126 | link_o[256]
    1339+ |       0 |      96 |       31 |      0 |    18 |    +0.3% |  -19.150 |     -371.5 |    -1600.1 |    126 | link_o[256]
    1340+ |       0 |      96 |       31 |      0 |    18 |    +0.3% |  -19.150 |     -371.5 |    -1600.1 |    126 | link_o[256]
    1341+ |       0 |      97 |       31 |      0 |    18 |    +0.3% |  -19.150 |     -371.4 |    -1599.2 |    126 | link_o[256]
    1343+ |       0 |      98 |       31 |      0 |    18 |    +0.3% |  -19.150 |     -371.3 |    -1598.3 |    126 | link_o[256]
    1345+ |       0 |      99 |       31 |      0 |    18 |    +0.3% |  -19.150 |     -371.0 |    -1597.4 |    126 | link_o[256]
    1346+ |       0 |      99 |       31 |      0 |    18 |    +0.3% |  -19.150 |     -371.0 |    -1597.4 |    126 | link_o[256]
    1348+ |       0 |     100 |       31 |      0 |    18 |    +0.3% |  -19.150 |     -370.7 |    -1596.5 |    126 | link_o[256]
    1349+ |       0 |     100 |       31 |      0 |    18 |    +0.3% |  -19.150 |     -370.7 |    -1596.5 |    126 | link_o[256]
    1350+ |       0 |     100 |       31 |      0 |    18 |    +0.3% |  -19.150 |     -370.7 |    -1596.5 |    126 | link_o[256]
    1351+ |       0 |     101 |       31 |      0 |    18 |    +0.3% |  -19.095 |     -370.2 |    -1595.6 |    126 | link_o[258]
    1353+ |       0 |     102 |       31 |      0 |    18 |    +0.3% |  -18.943 |     -365.9 |    -1594.7 |    126 | link_o[205]
    1355+ |       0 |     103 |       31 |      0 |    18 |    +0.3% |  -18.943 |     -365.9 |    -1593.8 |    126 | link_o[205]
    1356+ |       0 |     103 |       31 |      0 |    18 |    +0.3% |  -18.943 |     -365.9 |    -1593.8 |    126 | link_o[205]
    1358+ |       0 |     104 |       31 |      0 |    18 |    +0.3% |  -18.943 |     -365.9 |    -1592.8 |    126 | link_o[205]
    1359+ |       0 |     104 |       31 |      0 |    18 |    +0.3% |  -18.943 |     -365.9 |    -1592.8 |    126 | link_o[205]
    1360+ |       0 |     104 |       31 |      0 |    18 |    +0.3% |  -18.943 |     -365.9 |    -1592.8 |    126 | link_o[205]
    1360+ |       0 |     104 |       31 |      0 |    18 |    +0.3% |  -18.943 |     -365.9 |    -1592.8 |    126 | link_o[205]
    1362+ |       0 |     105 |       31 |      0 |    18 |    +0.3% |  -18.943 |     -365.9 |    -1591.7 |    126 | link_o[205]
    1363+ |       0 |     105 |       31 |      0 |    18 |    +0.3% |  -18.943 |     -365.9 |    -1591.7 |    126 | link_o[205]
    1365+ |       0 |     106 |       31 |      0 |    18 |    +0.3% |  -18.943 |     -365.9 |    -1590.7 |    126 | link_o[205]
    1366+ |       0 |     106 |       31 |      0 |    18 |    +0.3% |  -18.943 |     -365.9 |    -1590.7 |    126 | link_o[205]
    1368+ |       0 |     107 |       31 |      0 |    18 |    +0.3% |  -18.943 |     -365.9 |    -1589.6 |    126 | link_o[205]
    1370+ |       0 |     108 |       31 |      0 |    18 |    +0.3% |  -18.943 |     -365.9 |    -1588.9 |    126 | link_o[205]
    1370+ |       0 |     108 |       31 |      0 |    18 |    +0.3% |  -18.943 |     -365.9 |    -1588.9 |    126 | link_o[205]
    1372+ |       0 |     109 |       31 |      0 |    18 |    +0.3% |  -18.943 |     -365.9 |    -1588.1 |    126 | link_o[205]
    1374+ |       0 |     110 |       31 |      0 |    18 |    +0.3% |  -18.943 |     -365.9 |    -1587.5 |    126 | link_o[205]
    1376+ |       0 |     111 |       31 |      0 |    18 |    +0.3% |  -18.943 |     -365.9 |    -1586.7 |    126 | link_o[205]
    1378+ |       0 |     112 |       31 |      0 |    18 |    +0.3% |  -18.943 |     -365.9 |    -1585.9 |    126 | link_o[205]
    1380+ |       0 |     113 |       31 |      0 |    18 |    +0.3% |  -18.943 |     -365.9 |    -1585.2 |    126 | link_o[205]
    1380+ |       0 |     113 |       31 |      0 |    18 |    +0.3% |  -18.943 |     -365.9 |    -1585.2 |    126 | link_o[205]
    1382+ |       0 |     114 |       31 |      0 |    18 |    +0.3% |  -18.943 |     -365.9 |    -1584.5 |    126 | link_o[205]
    1384+ |       0 |     115 |       31 |      0 |    18 |    +0.3% |  -18.943 |     -365.9 |    -1583.8 |    126 | link_o[205]
    1386+ |       0 |     116 |       31 |      0 |    18 |    +0.3% |  -18.943 |     -365.9 |    -1583.1 |    126 | link_o[205]
    1388+ |       0 |     117 |       31 |      0 |    18 |    +0.3% |  -18.943 |     -365.9 |    -1582.5 |    126 | link_o[205]
    1390+ |       0 |     118 |       31 |      0 |    18 |    +0.3% |  -18.943 |     -365.9 |    -1581.8 |    126 | link_o[205]
    1390+ |       0 |     118 |       31 |      0 |    18 |    +0.3% |  -18.943 |     -365.9 |    -1581.8 |    126 | link_o[205]
    1392+ |       0 |     119 |       31 |      0 |    18 |    +0.3% |  -18.943 |     -365.9 |    -1580.5 |    126 | link_o[205]
    1394+ |       0 |     120 |       31 |      0 |    18 |    +0.3% |  -18.943 |     -365.9 |    -1579.5 |    126 | link_o[205]
    1396+ |       0 |     121 |       31 |      0 |    18 |    +0.3% |  -18.943 |     -365.9 |    -1578.6 |    126 | link_o[205]
    1398+ |       0 |     122 |       31 |      0 |    18 |    +0.3% |  -18.943 |     -365.9 |    -1577.6 |    126 | link_o[205]
    1400+ |       0 |     123 |       31 |      0 |    18 |    +0.3% |  -18.943 |     -365.9 |    -1576.6 |    126 | link_o[205]
    1402+ |       0 |     124 |       31 |      0 |    18 |    +0.3% |  -18.943 |     -365.9 |    -1575.7 |    126 | link_o[205]
    1404+ |       0 |     125 |       31 |      0 |    18 |    +0.3% |  -18.943 |     -365.9 |    -1574.7 |    126 | link_o[205]
    1406+ |       0 |     126 |       31 |      0 |    18 |    +0.3% |  -18.943 |     -365.9 |    -1573.8 |    126 | link_o[205]
    1407+ |       0 |     126 |       31 |      0 |    18 |    +0.3% |  -18.943 |     -365.9 |    -1573.8 |    126 | link_o[205]
    1409+ |       0 |     127 |       31 |      0 |    18 |    +0.3% |  -18.943 |     -365.9 |    -1573.2 |    126 | link_o[205]
    1410+ |       0 |     127 |       31 |      0 |    18 |    +0.3% |  -18.943 |     -365.9 |    -1573.2 |    126 | link_o[205]
    1411+ |       0 |     128 |       31 |      0 |    18 |    +0.3% |  -18.943 |     -365.9 |    -1572.5 |    126 | link_o[205]
    1412+ |       0 |     128 |       31 |      0 |    18 |    +0.3% |  -18.943 |     -365.9 |    -1572.5 |    126 | link_o[205]
    1414+ |       0 |     129 |       31 |      0 |    18 |    +0.3% |  -18.943 |     -365.9 |    -1571.7 |    126 | link_o[205]
    1415+ |       0 |     129 |       31 |      0 |    18 |    +0.3% |  -18.943 |     -365.9 |    -1571.7 |    126 | link_o[205]
    1416+ |       0 |     129 |       31 |      0 |    18 |    +0.3% |  -18.943 |     -365.9 |    -1571.7 |    126 | link_o[205]
    1417+ |       0 |     129 |       31 |      0 |    18 |    +0.3% |  -18.943 |     -365.9 |    -1571.7 |    126 | link_o[205]
    1418+ |       0 |     129 |       31 |      0 |    18 |    +0.3% |  -18.943 |     -365.9 |    -1571.7 |    126 | link_o[205]
    1419+ |       0 |     129 |       31 |      0 |    18 |    +0.3% |  -18.943 |     -365.9 |    -1571.7 |    126 | link_o[205]
    1420+ |       0 |     129 |       31 |      0 |    18 |    +0.3% |  -18.943 |     -365.9 |    -1571.7 |    126 | link_o[205]
    1420+ |       0 |     129 |       31 |      0 |    18 |    +0.3% |  -18.943 |     -365.9 |    -1571.7 |    126 | link_o[205]
    1421+ |       0 |     129 |       31 |      0 |    18 |    +0.3% |  -18.943 |     -365.9 |    -1571.7 |    126 | link_o[205]
    1422+ |       0 |     129 |       31 |      0 |    18 |    +0.3% |  -18.943 |     -365.9 |    -1571.7 |    126 | link_o[205]
    1423+ |       0 |     129 |       31 |      0 |    18 |    +0.3% |  -18.943 |     -365.9 |    -1571.7 |    126 | link_o[205]
    1424+ |       0 |     129 |       31 |      0 |    18 |    +0.3% |  -18.943 |     -365.9 |    -1571.7 |    126 | link_o[205]
    1425+ |       0 |     129 |       31 |      0 |    18 |    +0.3% |  -18.943 |     -365.9 |    -1571.7 |    126 | link_o[205]
    1426+ |       0 |     129 |       31 |      0 |    18 |    +0.3% |  -18.943 |     -365.9 |    -1571.7 |    126 | link_o[205]
    1427+ |       0 |     129 |       31 |      0 |    18 |    +0.3% |  -18.943 |     -365.9 |    -1571.7 |    126 | link_o[205]
    1428+ |       0 |     129 |       31 |      0 |    18 |    +0.3% |  -18.943 |     -365.9 |    -1571.7 |    126 | link_o[205]
    1429+ |       0 |     129 |       31 |      0 |    18 |    +0.3% |  -18.943 |     -365.9 |    -1571.7 |    126 | link_o[205]
    1430+ |       0 |     129 |       31 |      0 |    18 |    +0.3% |  -18.943 |     -365.9 |    -1571.7 |    126 | link_o[205]
    1430+ |       0 |     129 |       31 |      0 |    18 |    +0.3% |  -18.943 |     -365.9 |    -1571.7 |    126 | link_o[205]
    1431+ |       0 |     129 |       31 |      0 |    18 |    +0.3% |  -18.943 |     -365.9 |    -1571.7 |    126 | link_o[205]
    1432+ |       0 |     129 |       31 |      0 |    18 |    +0.3% |  -18.943 |     -365.9 |    -1571.7 |    126 | link_o[205]
    1433+ |       0 |     129 |       31 |      0 |    18 |    +0.3% |  -18.943 |     -365.9 |    -1571.7 |    126 | link_o[205]
    1434+ |       0 |     129 |       31 |      0 |    18 |    +0.3% |  -18.943 |     -365.9 |    -1571.7 |    126 | link_o[205]
    1435+ |       0 |     129 |       31 |      0 |    18 |    +0.3% |  -18.943 |     -365.9 |    -1571.7 |    126 | link_o[205]
    1436+ |       0 |     129 |       31 |      0 |    18 |    +0.3% |  -18.943 |     -365.9 |    -1571.7 |    126 | link_o[205]
    1437+ |       0 |     129 |       31 |      0 |    18 |    +0.3% |  -18.943 |     -365.9 |    -1571.7 |    126 | link_o[205]
    1438+ |       0 |     129 |       31 |      0 |    18 |    +0.3% |  -18.943 |     -365.9 |    -1571.7 |    126 | link_o[205]
    1439+ |       0 |     129 |       31 |      0 |    18 |    +0.3% |  -18.943 |     -365.9 |    -1571.7 |    126 | link_o[205]
    1440+ |       0 |     129 |       31 |      0 |    18 |    +0.3% |  -18.943 |     -365.9 |    -1571.7 |    126 | link_o[205]
    1441+ |       0 |     130 |       31 |      0 |    18 |    +0.4% |  -18.943 |     -366.6 |    -1539.2 |    126 | link_o[205]
    1442+ |       0 |     130 |       31 |      0 |    18 |    +0.4% |  -18.943 |     -366.6 |    -1539.2 |    126 | link_o[205]
    1443+ |       0 |     130 |       31 |      0 |    18 |    +0.4% |  -18.943 |     -366.6 |    -1539.2 |    126 | link_o[205]
    1444+ |       0 |     130 |       31 |      0 |    18 |    +0.4% |  -18.943 |     -366.6 |    -1539.2 |    126 | link_o[205]
    1445+ |       0 |     130 |       31 |      0 |    18 |    +0.4% |  -18.943 |     -366.6 |    -1539.2 |    126 | link_o[205]
    1446+ |       0 |     130 |       31 |      0 |    18 |    +0.4% |  -18.943 |     -366.6 |    -1539.2 |    126 | link_o[205]
    1447+ |       0 |     130 |       31 |      0 |    18 |    +0.4% |  -18.943 |     -366.6 |    -1539.2 |    126 | link_o[205]
    1448+ |       0 |     130 |       31 |      0 |    18 |    +0.4% |  -18.943 |     -366.6 |    -1539.2 |    126 | link_o[205]
    1449+ |       0 |     130 |       31 |      0 |    18 |    +0.4% |  -18.943 |     -366.6 |    -1539.2 |    126 | link_o[205]
    1450+ |       0 |     130 |       31 |      0 |    18 |    +0.4% |  -18.943 |     -366.6 |    -1539.2 |    126 | link_o[205]
    1450+ |       0 |     130 |       31 |      0 |    18 |    +0.4% |  -18.943 |     -366.6 |    -1539.2 |    126 | link_o[205]
    1451+ |       0 |     130 |       31 |      0 |    18 |    +0.4% |  -18.943 |     -366.6 |    -1539.2 |    126 | link_o[205]
    1452+ |       0 |     130 |       31 |      0 |    18 |    +0.4% |  -18.943 |     -366.6 |    -1539.2 |    126 | link_o[205]
    1453+ |       0 |     130 |       31 |      0 |    18 |    +0.4% |  -18.943 |     -366.6 |    -1539.2 |    126 | link_o[205]
    1454+ |       0 |     130 |       31 |      0 |    18 |    +0.4% |  -18.943 |     -366.6 |    -1539.2 |    126 | link_o[205]
    1455+ |       0 |     130 |       31 |      0 |    18 |    +0.4% |  -18.943 |     -366.6 |    -1539.2 |    126 | link_o[205]
    1456+ |       0 |     130 |       31 |      0 |    18 |    +0.4% |  -18.943 |     -366.6 |    -1539.2 |    126 | link_o[205]
    1457+ |       0 |     130 |       31 |      0 |    18 |    +0.4% |  -18.943 |     -366.6 |    -1539.2 |    126 | link_o[205]
    1458+ |       0 |     130 |       31 |      0 |    18 |    +0.4% |  -18.943 |     -366.6 |    -1539.2 |    126 | link_o[205]
    1459+ |       0 |     130 |       31 |      0 |    18 |    +0.4% |  -18.943 |     -366.6 |    -1539.2 |    126 | link_o[205]
    1460+ |       0 |     130 |       31 |      0 |    18 |    +0.4% |  -18.943 |     -366.6 |    -1539.2 |    126 | link_o[205]
    1460+ |       0 |     130 |       31 |      0 |    18 |    +0.4% |  -18.943 |     -366.6 |    -1539.2 |    126 | link_o[205]
    1461+ |       0 |     130 |       31 |      0 |    18 |    +0.4% |  -18.943 |     -366.6 |    -1539.2 |    126 | link_o[205]
    1462+ |       0 |     130 |       31 |      0 |    18 |    +0.4% |  -18.943 |     -366.6 |    -1539.2 |    126 | link_o[205]
    1463+ |       0 |     130 |       31 |      0 |    18 |    +0.4% |  -18.943 |     -366.6 |    -1539.2 |    126 | link_o[205]
    1464+ |       0 |     130 |       31 |      0 |    18 |    +0.4% |  -18.943 |     -366.6 |    -1539.2 |    126 | link_o[205]
    1465+ |       0 |     130 |       31 |      0 |    18 |    +0.4% |  -18.943 |     -366.6 |    -1539.2 |    126 | link_o[205]
    1466+ |       0 |     130 |       31 |      0 |    18 |    +0.4% |  -18.943 |     -366.6 |    -1539.2 |    126 | link_o[205]
    1467+ |       0 |     130 |       31 |      0 |    18 |    +0.4% |  -18.943 |     -366.6 |    -1539.2 |    126 | link_o[205]
    1468+ |       0 |     130 |       31 |      0 |    18 |    +0.4% |  -18.943 |     -366.6 |    -1539.2 |    126 | link_o[205]
    1469+ |       0 |     130 |       31 |      0 |    18 |    +0.4% |  -18.943 |     -366.6 |    -1539.2 |    126 | link_o[205]
    1470+ |       0 |     130 |       31 |      0 |    18 |    +0.4% |  -18.943 |     -366.6 |    -1539.2 |    126 | link_o[205]
    1470+ |       0 |     130 |       31 |      0 |    18 |    +0.4% |  -18.943 |     -366.6 |    -1539.2 |    126 | link_o[205]
    1471+ |       0 |     130 |       31 |      0 |    18 |    +0.4% |  -18.943 |     -366.6 |    -1539.2 |    126 | link_o[205]
    1472+ |       0 |     130 |       31 |      0 |    18 |    +0.4% |  -18.943 |     -366.6 |    -1539.2 |    126 | link_o[205]
    1473+ |       0 |     130 |       31 |      0 |    18 |    +0.4% |  -18.943 |     -366.6 |    -1539.2 |    126 | link_o[205]
    1474+ |       0 |     130 |       31 |      0 |    18 |    +0.4% |  -18.943 |     -366.6 |    -1539.2 |    126 | link_o[205]
    1475+ |       0 |     130 |       31 |      0 |    18 |    +0.4% |  -18.943 |     -366.6 |    -1539.2 |    126 | link_o[205]
    1476+ |       0 |     130 |       31 |      0 |    18 |    +0.4% |  -18.943 |     -366.6 |    -1539.2 |    126 | link_o[205]
    1477+ |       0 |     130 |       31 |      0 |    18 |    +0.4% |  -18.943 |     -366.6 |    -1539.2 |    126 | link_o[205]
    1478+ |       0 |     130 |       31 |      0 |    18 |    +0.4% |  -18.943 |     -366.6 |    -1539.2 |    126 | link_o[205]
    1479+ |       0 |     130 |       31 |      0 |    18 |    +0.4% |  -18.943 |     -366.6 |    -1539.2 |    126 | link_o[205]
    1480+ |       0 |     130 |       31 |      0 |    18 |    +0.4% |  -18.943 |     -366.6 |    -1539.2 |    126 | link_o[205]
    1480+ |       0 |     130 |       31 |      0 |    18 |    +0.4% |  -18.943 |     -366.6 |    -1539.2 |    126 | link_o[205]
    1481+ |       0 |     130 |       31 |      0 |    18 |    +0.4% |  -18.943 |     -366.6 |    -1539.2 |    126 | link_o[205]
    1482+ |       0 |     130 |       31 |      0 |    18 |    +0.4% |  -18.943 |     -366.6 |    -1539.2 |    126 | link_o[205]
    1483+ |       0 |     130 |       31 |      0 |    18 |    +0.4% |  -18.943 |     -366.6 |    -1539.2 |    126 | link_o[205]
    1484+ |       0 |     130 |       31 |      0 |    18 |    +0.4% |  -18.943 |     -366.6 |    -1539.2 |    126 | link_o[205]
    1485+ |       0 |     130 |       31 |      0 |    18 |    +0.4% |  -18.943 |     -366.6 |    -1539.2 |    126 | link_o[205]
    1486+ |       0 |     130 |       31 |      0 |    18 |    +0.4% |  -18.943 |     -366.6 |    -1539.2 |    126 | link_o[205]
    1487+ |       0 |     130 |       31 |      0 |    18 |    +0.4% |  -18.943 |     -366.6 |    -1539.2 |    126 | link_o[205]
    1488+ |       0 |     130 |       31 |      0 |    18 |    +0.4% |  -18.943 |     -366.6 |    -1539.2 |    126 | link_o[205]
    1489+ |       0 |     130 |       31 |      0 |    18 |    +0.4% |  -18.943 |     -366.6 |    -1539.2 |    126 | link_o[205]
    1490+ |       0 |     130 |       31 |      0 |    18 |    +0.4% |  -18.943 |     -366.6 |    -1539.2 |    126 | link_o[205]
    1490+ |       0 |     130 |       31 |      0 |    18 |    +0.4% |  -18.943 |     -366.6 |    -1539.2 |    126 | link_o[205]
    1491+ |       0 |     130 |       31 |      0 |    18 |    +0.4% |  -18.943 |     -366.6 |    -1539.2 |    126 | link_o[205]
    1492+ |       0 |     130 |       31 |      0 |    18 |    +0.4% |  -18.943 |     -366.6 |    -1539.2 |    126 | link_o[205]
    final |       0 |     130 |       31 |      0 |    18 |    +0.4% |  -18.943 |     -366.6 |    -1539.2 |    126 | link_o[205]
------------------------------------------------------------------------------------------------------------------------------
[INFO RSZ-0045] Inserted 31 buffers, 3 to split loads.
[INFO RSZ-0051] Resized 130 instances: 130 up, 0 up match, 0 down, 0 VT
[INFO RSZ-0043] Swapped pins on 18 instances.
[WARNING RSZ-0062] Unable to repair all setup violations.
[INFO RSZ-0033] No hold violations found.
Took 42 seconds: repair_timing -setup_margin 0 -hold_margin 0 -repair_tns 100 -skip_gate_cloning -verbose
detailed_placement
[INFO DPL-0006] Core area: 2817.67 um^2, Instances area: 1963.88 um^2, Utilization: 69.7%
[INFO DPL-0005] Diamond search max displacement: +/- 500 sites horizontally, +/- 100 rows vertically.
[INFO DPL-1101] Legalizing using diamond search.
Movements Summary
---------------------------------------
Total cells:                   15215
Diamond Move Success:          15215 (100.00%)
Diamond Move Failure:              0
Rip-up and replace Success:        0 (  0.00% of diamond failures)
Rip-up and replace Failure:        0
Total Placement Failures:          0
---------------------------------------
Placement Analysis
---------------------------------
total displacement         51.3 u
average displacement        0.0 u
max displacement            1.1 u
original HPWL           40700.5 u
legalized HPWL          40740.8 u
delta HPWL                    0 %

Report metrics stage 4, cts final...

==========================================================================
cts final report_design_area
--------------------------------------------------------------------------
Design area 1964 um^2 70% utilization.
write_db ./results/asap7/bsg_mesh_router_buffered/base/4_1_cts.odb
write_sdc -no_timestamp ./results/asap7/bsg_mesh_router_buffered/base/4_cts.sdc
Elapsed time: 0:52.11[h:]min:sec. CPU time: user 138.47 sys 6.15 (277%). Peak memory: 347100KB.
Log                       Ext     Elapsed/s Peak Memory/MB sha1sum result [0:20)
4_1_cts                   .odb           52            338 0144cc5e4a25e14e20f2
