OpenROAD 26Q2-2123-g8f0a892fa2 
Features included (+) or not (-): +GPU +GUI +Python
This program is licensed under the BSD-3 license. See the LICENSE file for details.
Components of this program may be licensed under more restrictive licenses which must be honored.
[INFO ORD-0030] Using 8 thread(s).
source /root/OpenROAD-flow-scripts/flow/platforms/asap7/liberty_suppressions.tcl
read_liberty /root/OpenROAD-flow-scripts/flow/platforms/asap7/lib/NLDM/asap7sc7p5t_AO_RVT_TT_nldm_211120.lib.gz
read_liberty /root/OpenROAD-flow-scripts/flow/platforms/asap7/lib/NLDM/asap7sc7p5t_INVBUF_RVT_TT_nldm_220122.lib.gz
read_liberty /root/OpenROAD-flow-scripts/flow/platforms/asap7/lib/NLDM/asap7sc7p5t_OA_RVT_TT_nldm_211120.lib.gz
read_liberty /root/OpenROAD-flow-scripts/flow/platforms/asap7/lib/NLDM/asap7sc7p5t_SEQ_RVT_TT_nldm_220123.lib
read_liberty /root/OpenROAD-flow-scripts/flow/platforms/asap7/lib/NLDM/asap7sc7p5t_SIMPLE_RVT_TT_nldm_211120.lib.gz
read_db ./results/asap7/bsg_mesh_router_buffered/base/4_cts.odb
read_sdc ./results/asap7/bsg_mesh_router_buffered/base/4_cts.sdc
source /root/OpenROAD-flow-scripts/flow/platforms/asap7/setRC.tcl
pin_access
[INFO DRT-0149] Reading tech and libs.

Units:                1000
Number of layers:     21
Number of macros:     212
Number of vias:       14
Number of viarulegen: 11

[INFO DRT-0150] Reading design.

Design:                   bsg_mesh_router_buffered
Die area:                 ( 0 0 ) ( 57297 57297 )
Number of track patterns: 32
Number of DEF vias:       0
Number of components:     15805
Number of terminals:      676
Number of snets:          2
Number of nets:           15625

[INFO DRT-0167] List of default vias:
  Layer V2
    default via: VIA23
  Layer V3
    default via: VIA34
  Layer V4
    default via: VIA45
  Layer V5
    default via: VIA56
  Layer V6
    default via: VIA67
  Layer V7
    default via: VIA78
  Layer V8
    default via: VIA89
  Layer V9
    default via: VIA9Pad
[INFO DRT-0162] Library cell analysis.
[INFO DRT-0163] Instance analysis.
[INFO DRT-0164] Number of unique instances = 184.
[INFO DRT-0168] Init region query.
[INFO DRT-0024]   Complete Active.
[INFO DRT-0024]   Complete V0.
[INFO DRT-0024]   Complete M1.
[INFO DRT-0024]   Complete V1.
[INFO DRT-0024]   Complete M2.
[INFO DRT-0024]   Complete V2.
[INFO DRT-0024]   Complete M3.
[INFO DRT-0024]   Complete V3.
[INFO DRT-0024]   Complete M4.
[INFO DRT-0024]   Complete V4.
[INFO DRT-0024]   Complete M5.
[INFO DRT-0024]   Complete V5.
[INFO DRT-0024]   Complete M6.
[INFO DRT-0024]   Complete V6.
[INFO DRT-0024]   Complete M7.
[INFO DRT-0024]   Complete V7.
[INFO DRT-0024]   Complete M8.
[INFO DRT-0024]   Complete V8.
[INFO DRT-0024]   Complete M9.
[INFO DRT-0024]   Complete V9.
[INFO DRT-0024]   Complete Pad.
[INFO DRT-0033] Active shape region query size = 0.
[INFO DRT-0033] V0 shape region query size = 0.
[INFO DRT-0033] M1 shape region query size = 289771.
[INFO DRT-0033] V1 shape region query size = 315174.
[INFO DRT-0033] M2 shape region query size = 10308.
[INFO DRT-0033] V2 shape region query size = 5910.
[INFO DRT-0033] M3 shape region query size = 5910.
[INFO DRT-0033] V3 shape region query size = 3940.
[INFO DRT-0033] M4 shape region query size = 4319.
[INFO DRT-0033] V4 shape region query size = 3940.
[INFO DRT-0033] M5 shape region query size = 2485.
[INFO DRT-0033] V5 shape region query size = 400.
[INFO DRT-0033] M6 shape region query size = 240.
[INFO DRT-0033] V6 shape region query size = 0.
[INFO DRT-0033] M7 shape region query size = 0.
[INFO DRT-0033] V7 shape region query size = 0.
[INFO DRT-0033] M8 shape region query size = 0.
[INFO DRT-0033] V8 shape region query size = 0.
[INFO DRT-0033] M9 shape region query size = 0.
[INFO DRT-0033] V9 shape region query size = 0.
[INFO DRT-0033] Pad shape region query size = 0.
[INFO DRT-0165] Start pin access.
[INFO DRT-0076]   Complete 1000 pins.
[INFO DRT-0078]   Complete 1054 pins.
[INFO DRT-0079]   Complete 100 unique inst patterns.
[INFO DRT-0081]   Complete 184 unique inst patterns.
[INFO DRT-0084]   Complete 8496 groups.
#scanned instances     = 15805
#unique  instances     = 184
#stdCellGenAp          = 5214
#stdCellValidPlanarAp  = 60
#stdCellValidViaAp     = 4415
#stdCellPinNoAp        = 0
#stdCellPinCnt         = 50202
#instTermValidViaApCnt = 0
#macroGenAp            = 0
#macroValidPlanarAp    = 0
#macroValidViaAp       = 0
#macroNoAp             = 0
[INFO DRT-0166] Complete pin access.
[INFO DRT-0267] cpu time = 00:10:37, elapsed time = 00:01:27, memory = 272.38 (MB), peak = 273.92 (MB)
Took 87 seconds: pin_access
global_route -congestion_report_file ./reports/asap7/bsg_mesh_router_buffered/base/congestion.rpt -congestion_iterations 30 -congestion_report_iter_step 5 -verbose -resistance_aware
[INFO GRT-0020] Min routing layer: M2
[INFO GRT-0021] Max routing layer: M7
[INFO GRT-0022] Global adjustment: 0%
[INFO GRT-0023] Grid origin: (0, 0)
[INFO GRT-0088] Layer M1      Track-Pitch = 0.0360  line-2-Via Pitch: 0.0360
[INFO GRT-0088] Layer M2      Track-Pitch = 0.0390  line-2-Via Pitch: 0.0360
[INFO GRT-0088] Layer M3      Track-Pitch = 0.0360  line-2-Via Pitch: 0.0360
[INFO GRT-0088] Layer M4      Track-Pitch = 0.0480  line-2-Via Pitch: 0.0480
[INFO GRT-0088] Layer M5      Track-Pitch = 0.0480  line-2-Via Pitch: 0.0480
[INFO GRT-0088] Layer M6      Track-Pitch = 0.0640  line-2-Via Pitch: 0.0640
[INFO GRT-0088] Layer M7      Track-Pitch = 0.0640  line-2-Via Pitch: 0.0640
[INFO GRT-0003] Macros: 0
[INFO GRT-0004] Blockages: 7878
[INFO GRT-0019] Found 155 clock nets.
[INFO GRT-0001] Minimum degree: 2
[INFO GRT-0002] Maximum degree: 21

[INFO GRT-0053] Routing resources analysis:
          Routing      Original      Derated      Resource
Layer     Direction    Resources     Resources    Reduction (%)
---------------------------------------------------------------
M1         Vertical            0             0          0.00%
M2         Horizontal     117251         84623          27.83%
M3         Vertical       151811        112852          25.66%
M4         Horizontal     116136         86250          25.73%
M5         Vertical       112408         83441          25.77%
M6         Horizontal      78829         53493          32.14%
M7         Vertical        88605         59697          32.63%
---------------------------------------------------------------

[INFO GRT-0197] Via related to pin nodes: 99405
[INFO GRT-0198] Via related Steiner nodes: 2427
[INFO GRT-0199] Via filling finished.
[INFO GRT-0111] Final number of vias: 129544
[INFO GRT-0112] Final usage 3D: 472754

[INFO GRT-0096] Final congestion report:
Layer         Resource        Demand        Usage (%)    Max H / Max V / Total Congestion
---------------------------------------------------------------------------------------
M1                   0             0            0.00%             0 /  0 /  0
M2               84623         29552           34.92%             0 /  0 /  0
M3              112852         32787           29.05%             0 /  0 /  0
M4               86250          9763           11.32%             0 /  0 /  0
M5               83441          4948            5.93%             0 /  0 /  0
M6               53493          4152            7.76%             0 /  0 /  0
M7               59697          2920            4.89%             0 /  0 /  0
---------------------------------------------------------------------------------------
Total           480356         84122           17.51%             0 /  0 /  0

[INFO GRT-0018] Total wirelength: 70201 um
[INFO GRT-0014] Routed nets: 15604
[INFO GRT-0303] Global routing runtime = 00:00:05
Took 6 seconds: global_route -congestion_report_file ./reports/asap7/bsg_mesh_router_buffered/base/congestion.rpt -congestion_iterations 30 -congestion_report_iter_step 5 -verbose -resistance_aware
estimate_parasitics -global_routing
Perform buffer insertion and gate resizing...
repair_design -verbose
Iteration |   Area    | Resized | Buffers | Nets repaired | Remaining
---------------------------------------------------------------------
        0 |     +0.0% |       0 |       0 |             0 |     15654
     1000 |     +0.0% |       0 |       0 |             0 |     14654
[WARNING RSZ-0104] Net _14520_ only has one pin. Check if it is intended to be dangling.
[WARNING RSZ-0104] Net _14518_ only has one pin. Check if it is intended to be dangling.
[WARNING RSZ-0104] Net _14522_ only has one pin. Check if it is intended to be dangling.
[WARNING RSZ-0104] Net _14512_ only has one pin. Check if it is intended to be dangling.
[WARNING RSZ-0104] Net _14510_ only has one pin. Check if it is intended to be dangling.
[WARNING RSZ-0104] Net _14506_ only has one pin. Check if it is intended to be dangling.
[WARNING RSZ-0104] Net _14519_ only has one pin. Check if it is intended to be dangling.
     2000 |     +0.0% |       0 |       0 |             0 |     13654
     3000 |     +0.0% |       0 |       0 |             0 |     12654
[WARNING RSZ-0104] Net _14516_ only has one pin. Check if it is intended to be dangling.
[WARNING RSZ-0104] Net _14514_ only has one pin. Check if it is intended to be dangling.
[WARNING RSZ-0104] Net _14508_ only has one pin. Check if it is intended to be dangling.
[WARNING RSZ-0104] Net _14504_ only has one pin. Check if it is intended to be dangling.
[WARNING RSZ-0104] Net _14521_ only has one pin. Check if it is intended to be dangling.
[WARNING RSZ-0104] Net _14517_ only has one pin. Check if it is intended to be dangling.
[WARNING RSZ-0104] Net _14511_ only has one pin. Check if it is intended to be dangling.
[WARNING RSZ-0104] Net _14509_ only has one pin. Check if it is intended to be dangling.
[WARNING RSZ-0104] Net _14505_ only has one pin. Check if it is intended to be dangling.
     4000 |     +0.0% |       0 |       0 |             0 |     11654
     5000 |     +0.0% |       0 |       0 |             0 |     10654
[WARNING RSZ-0104] Net _14515_ only has one pin. Check if it is intended to be dangling.
[WARNING RSZ-0104] Net _14513_ only has one pin. Check if it is intended to be dangling.
[WARNING RSZ-0104] Net _14507_ only has one pin. Check if it is intended to be dangling.
[WARNING RSZ-0104] Net _14503_ only has one pin. Check if it is intended to be dangling.
     6000 |     +0.0% |       0 |       0 |             0 |      9654
     7000 |     +0.0% |       0 |       0 |             0 |      8654
     8000 |     +0.0% |       0 |       0 |             0 |      7654
     9000 |     +0.0% |       0 |       0 |             0 |      6654
    10000 |     +0.0% |       0 |       0 |             0 |      5654
    11000 |     +0.0% |       0 |       0 |             0 |      4654
    12000 |     +0.0% |       0 |       0 |             0 |      3654
    13000 |     +0.0% |       0 |       0 |             0 |      2654
    14000 |     +0.0% |       0 |       0 |             0 |      1654
    15000 |     +0.0% |       0 |       0 |             0 |       654
[WARNING RSZ-0104] Net link_i[130] only has one pin. Check if it is intended to be dangling.
    final |     +0.0% |       0 |       0 |             0 |         0
---------------------------------------------------------------------
global_route -start_incremental
detailed_placement
[INFO DPL-0006] Core area: 2817.67 um^2, Instances area: 1963.88 um^2, Utilization: 69.7%
[INFO DPL-0005] Diamond search max displacement: +/- 500 sites horizontally, +/- 100 rows vertically.
[INFO DPL-1101] Legalizing using diamond search.
Movements Summary
---------------------------------------
Total cells:                   15215
Diamond Move Success:          15215 (100.00%)
Diamond Move Failure:              0
Rip-up and replace Success:        0 (  0.00% of diamond failures)
Rip-up and replace Failure:        0
Total Placement Failures:          0
---------------------------------------
Placement Analysis
---------------------------------
total displacement          0.0 u
average displacement        0.0 u
max displacement            0.0 u
original HPWL           40740.8 u
legalized HPWL          40740.8 u
delta HPWL                    0 %

global_route -end_incremental -resistance_aware -congestion_report_file ./reports/asap7/bsg_mesh_router_buffered/base/congestion_post_repair_design.rpt
Repair setup and hold violations...
estimate_parasitics -global_routing
repair_timing -setup_margin 0 -hold_margin 0 -repair_tns 100 -skip_gate_cloning -verbose
[INFO RSZ-0100] Repair move sequence: UnbufferMove SizeUpMove SwapPinsMove BufferMove SplitLoadMove 
[INFO RSZ-0094] Found 128 endpoints with setup violations.
[INFO RSZ-0099] Repairing 128 out of 128 (100.00%) violating endpoints...
   Iter   | Removed | Resized | Inserted | Cloned |  Pin  |   Area   |    WNS   |   StTNS    |   EnTNS    |  Viol  |  Worst  
          | Buffers |  Gates  | Buffers  |  Gates | Swaps |          |          |            |            | Endpts | St/EnPt 
------------------------------------------------------------------------------------------------------------------------------
       0* |       0 |       0 |        0 |      0 |     0 |    +0.0% |  -32.416 |     -602.6 |    -3026.5 |    128 | link_o[327]
      10* |       0 |       4 |        3 |      0 |     3 |    +0.0% |  -25.722 |     -583.1 |    -2263.4 |    128 | link_o[327]
      20* |       0 |       5 |        9 |      0 |     7 |    +0.1% |  -44.764 |     -708.0 |    -3420.1 |    128 | link_o[301]
      30* |       0 |      12 |       11 |      0 |     8 |    +0.1% |  -46.507 |     -673.5 |    -4035.6 |    128 | link_o[301]
      40* |       0 |      15 |       13 |      0 |    13 |    +0.1% |  -40.583 |     -658.3 |    -3505.6 |    128 | link_o[307]
      41* |       0 |       4 |        3 |      0 |     6 |    +0.0% |  -24.335 |     -569.8 |    -2147.8 |    128 | link_o[327]
      50* |       0 |       5 |        6 |      0 |    10 |    +0.0% |  -44.743 |     -659.3 |    -3896.9 |    128 | link_o[202]
      60* |       0 |       6 |       14 |      0 |    14 |    +0.1% |  -39.649 |     -615.4 |    -3644.0 |    128 | link_o[327]
      70* |       0 |      11 |       18 |      0 |    15 |    +0.1% |  -48.072 |     -699.7 |    -4495.8 |    128 | link_o[198]
      80* |       0 |      17 |       23 |      0 |    15 |    +0.2% |  -56.457 |     -850.1 |    -5124.5 |    128 | link_o[201]
      88* |       0 |       4 |        3 |      0 |     6 |    +0.0% |  -24.335 |     -569.8 |    -2147.8 |    128 | link_o[327]
      90* |       0 |       4 |        4 |      0 |     6 |    +0.0% |  -47.414 |     -705.0 |    -2362.3 |    128 | link_o[202]
     100* |       0 |       8 |       11 |      0 |     6 |    +0.1% |  -47.177 |     -604.6 |    -3797.6 |    128 | link_o[202]
     110* |       0 |      13 |       16 |      0 |     6 |    +0.1% |  -56.570 |     -845.7 |    -4067.8 |    128 | link_o[256]
     115* |       0 |       4 |        3 |      0 |     6 |    +0.0% |  -24.335 |     -569.8 |    -2147.8 |    128 | link_o[327]
     120* |       0 |       6 |        5 |      0 |     6 |    +0.0% |  -43.786 |     -657.3 |    -2726.4 |    128 | link_o[202]
     130* |       0 |      11 |       11 |      0 |     6 |    +0.1% |  -43.701 |     -607.3 |    -3232.9 |    128 | link_o[202]
     140* |       0 |      15 |       17 |      0 |     6 |    +0.1% |  -54.204 |     -802.1 |    -4142.7 |    128 | link_o[256]
     142* |       0 |       4 |        3 |      0 |     6 |    +0.0% |  -24.335 |     -569.8 |    -2147.8 |    128 | link_o[327]
     150* |       0 |       7 |        8 |      0 |     6 |    +0.1% |  -42.644 |     -639.4 |    -2645.2 |    128 | link_o[202]
     160* |       0 |      12 |       13 |      0 |     6 |    +0.1% |  -40.820 |     -600.5 |    -3123.3 |    128 | link_o[202]
     169* |       0 |       4 |        3 |      0 |     6 |    +0.0% |  -24.335 |     -569.8 |    -2147.8 |    128 | link_o[327]
     170* |       0 |       4 |        3 |      0 |     6 |    +0.0% |  -24.335 |     -569.8 |    -2147.8 |    128 | link_o[327]
     180* |       0 |       7 |       11 |      0 |     6 |    +0.1% |  -51.669 |     -609.1 |    -4372.6 |    128 | link_o[202]
     190* |       0 |      13 |       15 |      0 |     6 |    +0.1% |  -57.071 |     -851.2 |    -4085.6 |    128 | link_o[256]
     196* |       0 |       4 |        3 |      0 |     6 |    +0.0% |  -24.335 |     -569.8 |    -2147.8 |    128 | link_o[327]
     200* |       0 |       5 |        6 |      0 |     6 |    +0.0% |  -31.644 |     -600.3 |    -2613.3 |    128 | link_o[327]
     210* |       0 |       6 |       12 |      0 |     9 |    +0.1% |  -53.695 |     -704.8 |    -4515.9 |    128 | link_o[301]
     220* |       0 |      11 |       17 |      0 |     9 |    +0.1% |  -54.829 |     -805.1 |    -3869.2 |    128 | link_o[320]
     222* |       0 |       4 |        3 |      0 |     6 |    +0.0% |  -24.335 |     -569.8 |    -2147.8 |    128 | link_o[327]
     230* |       0 |       5 |       11 |      0 |     6 |    +0.1% |  -42.915 |     -699.4 |    -3252.2 |    128 | link_o[301]
     240* |       0 |      11 |       15 |      0 |     6 |    +0.1% |  -49.326 |     -702.5 |    -4084.9 |    128 | link_o[301]
     249* |       0 |       4 |        3 |      0 |     6 |    +0.0% |  -24.335 |     -569.8 |    -2147.7 |    128 | link_o[327]
     250* |       0 |       4 |        3 |      0 |     6 |    +0.0% |  -24.335 |     -569.8 |    -2147.7 |    128 | link_o[327]
     260* |       0 |       7 |       11 |      0 |     6 |    +0.1% |  -51.669 |     -609.1 |    -4372.6 |    128 | link_o[202]
     270* |       0 |      12 |       16 |      0 |     6 |    +0.1% |  -56.570 |     -845.7 |    -4068.8 |    128 | link_o[256]
     275* |       0 |       4 |        3 |      0 |     6 |    +0.0% |  -24.335 |     -569.8 |    -2147.7 |    128 | link_o[327]
     280* |       0 |       5 |        7 |      0 |     6 |    +0.0% |  -30.025 |     -597.4 |    -2451.0 |    128 | link_o[327]
     290* |       0 |       9 |       14 |      0 |     6 |    +0.1% |  -53.689 |     -706.8 |    -4512.6 |    128 | link_o[301]
     300* |       0 |      14 |       18 |      0 |     7 |    +0.1% |  -57.703 |     -859.4 |    -3796.9 |    128 | link_o[264]
     302* |       0 |       4 |        3 |      0 |     6 |    +0.0% |  -24.335 |     -569.8 |    -2147.7 |    128 | link_o[327]
     310* |       0 |       5 |       11 |      0 |     6 |    +0.1% |  -42.915 |     -699.4 |    -3252.2 |    128 | link_o[301]
     320* |       0 |      11 |       15 |      0 |     6 |    +0.1% |  -49.326 |     -702.5 |    -4084.9 |    128 | link_o[301]
     330* |       0 |      17 |       18 |      0 |     7 |    +0.1% |  -51.773 |     -760.6 |    -3770.1 |    128 | link_o[322]
     330* |       0 |       4 |        3 |      0 |     6 |    +0.0% |  -24.335 |     -569.8 |    -2147.7 |    128 | link_o[327]
     340* |       0 |       5 |       13 |      0 |     6 |    +0.1% |  -42.915 |     -698.5 |    -3230.7 |    128 | link_o[301]
     350* |       0 |      13 |       15 |      0 |     6 |    +0.1% |  -48.609 |     -699.6 |    -4023.5 |    128 | link_o[301]
     358* |       0 |       4 |        3 |      0 |     6 |    +0.0% |  -24.335 |     -569.8 |    -2147.7 |    128 | link_o[327]
     360* |       0 |       5 |        3 |      0 |     6 |    +0.0% |  -32.785 |     -603.6 |    -2732.9 |    128 | link_o[327]
     370* |       0 |       7 |       13 |      0 |     6 |    +0.1% |  -42.915 |     -696.1 |    -3227.9 |    128 | link_o[301]
     380* |       0 |      13 |       17 |      0 |     6 |    +0.1% |  -45.947 |     -692.7 |    -3772.5 |    128 | link_o[301]
     385* |       0 |       4 |        3 |      0 |     6 |    +0.0% |  -24.335 |     -569.8 |    -2147.7 |    128 | link_o[327]
     390* |       0 |       5 |        7 |      0 |     6 |    +0.0% |  -30.025 |     -597.4 |    -2451.0 |    128 | link_o[327]
     400* |       0 |       9 |       14 |      0 |     6 |    +0.1% |  -53.689 |     -706.8 |    -4512.6 |    128 | link_o[301]
     410* |       0 |      14 |       18 |      0 |     7 |    +0.1% |  -57.733 |     -860.0 |    -3796.8 |    128 | link_o[264]
     412* |       0 |       4 |        3 |      0 |     6 |    +0.0% |  -24.335 |     -569.8 |    -2147.7 |    128 | link_o[327]
     420* |       0 |       5 |       11 |      0 |     6 |    +0.1% |  -42.915 |     -699.4 |    -3252.2 |    128 | link_o[301]
     430* |       0 |      11 |       15 |      0 |     6 |    +0.1% |  -49.326 |     -702.5 |    -4084.9 |    128 | link_o[301]
     439* |       0 |       4 |        3 |      0 |     6 |    +0.0% |  -24.335 |     -569.8 |    -2147.7 |    128 | link_o[327]
     440* |       0 |       4 |        3 |      0 |     6 |    +0.0% |  -24.335 |     -569.8 |    -2147.7 |    128 | link_o[327]
     450* |       0 |       6 |       13 |      0 |     6 |    +0.1% |  -42.915 |     -699.5 |    -3230.3 |    128 | link_o[301]
     460* |       0 |      13 |       16 |      0 |     6 |    +0.1% |  -47.207 |     -694.0 |    -3933.8 |    128 | link_o[301]
     466* |       0 |       4 |        3 |      0 |     6 |    +0.0% |  -24.335 |     -569.8 |    -2147.7 |    128 | link_o[327]
     470* |       0 |       6 |        4 |      0 |     6 |    +0.0% |  -47.414 |     -697.4 |    -2249.9 |    128 | link_o[202]
     480* |       0 |      10 |       11 |      0 |     6 |    +0.1% |  -42.814 |     -600.2 |    -3240.6 |    128 | link_o[202]
     490* |       0 |      16 |       15 |      0 |     6 |    +0.1% |  -47.174 |     -683.6 |    -4052.1 |    128 | link_o[256]
     492* |       0 |       4 |        3 |      0 |     6 |    +0.0% |  -24.335 |     -569.8 |    -2147.7 |    128 | link_o[327]
     500* |       0 |       6 |        9 |      0 |     6 |    +0.1% |  -42.915 |     -700.6 |    -3217.9 |    128 | link_o[301]
     510* |       0 |      11 |       14 |      0 |     6 |    +0.1% |  -60.485 |     -887.1 |    -4077.0 |    128 | link_o[326]
     517* |       0 |       4 |        3 |      0 |     6 |    +0.0% |  -24.335 |     -569.8 |    -2147.7 |    128 | link_o[327]
     520* |       0 |       5 |        5 |      0 |     6 |    +0.0% |  -32.192 |     -600.8 |    -2668.7 |    128 | link_o[327]
     530* |       0 |       9 |       11 |      0 |     6 |    +0.1% |  -51.749 |     -709.4 |    -4261.8 |    128 | link_o[301]
     540* |       0 |      13 |       16 |      0 |     7 |    +0.1% |  -56.213 |     -836.4 |    -3919.9 |    128 | link_o[326]
     542* |       0 |       4 |        3 |      0 |     6 |    +0.0% |  -24.335 |     -569.8 |    -2147.7 |    128 | link_o[327]
     550* |       0 |       7 |        8 |      0 |     6 |    +0.1% |  -42.644 |     -639.4 |    -2645.2 |    128 | link_o[202]
     560* |       0 |      12 |       13 |      0 |     6 |    +0.1% |  -40.820 |     -600.5 |    -3123.3 |    128 | link_o[202]
     569* |       0 |       4 |        3 |      0 |     6 |    +0.0% |  -24.335 |     -569.8 |    -2147.7 |    128 | link_o[327]
     570* |       0 |       4 |        3 |      0 |     6 |    +0.0% |  -24.335 |     -569.8 |    -2147.7 |    128 | link_o[327]
     580* |       0 |       7 |       11 |      0 |     6 |    +0.1% |  -51.669 |     -609.1 |    -4372.6 |    128 | link_o[202]
     590* |       0 |      13 |       15 |      0 |     6 |    +0.1% |  -52.752 |     -771.5 |    -4069.3 |    128 | link_o[256]
     596* |       0 |       4 |        3 |      0 |     6 |    +0.0% |  -24.335 |     -569.8 |    -2147.7 |    128 | link_o[327]
     600* |       0 |       6 |        4 |      0 |     6 |    +0.0% |  -47.414 |     -697.4 |    -2249.9 |    128 | link_o[202]
     610* |       0 |      10 |       11 |      0 |     6 |    +0.1% |  -42.814 |     -600.2 |    -3240.6 |    128 | link_o[202]
     620* |       0 |      16 |       15 |      0 |     6 |    +0.1% |  -47.174 |     -683.6 |    -4052.1 |    128 | link_o[256]
     623* |       0 |       4 |        3 |      0 |     6 |    +0.0% |  -24.335 |     -569.8 |    -2147.7 |    128 | link_o[327]
     630* |       0 |       6 |        8 |      0 |     6 |    +0.1% |  -36.390 |     -622.2 |    -2688.4 |    128 | link_o[202]
     640* |       0 |       9 |       15 |      0 |     6 |    +0.1% |  -56.956 |     -835.6 |    -4051.6 |    128 | link_o[206]
     648* |       0 |       4 |        3 |      0 |     6 |    +0.0% |  -24.335 |     -569.8 |    -2147.7 |    128 | link_o[327]
     650* |       0 |       4 |        4 |      0 |     6 |    +0.0% |  -47.414 |     -705.0 |    -2362.2 |    128 | link_o[202]
     660* |       0 |       7 |       12 |      0 |     6 |    +0.1% |  -51.506 |     -666.4 |    -3753.8 |    128 | link_o[253]
     670* |       0 |      11 |       18 |      0 |     6 |    +0.1% |  -52.449 |     -778.2 |    -4105.8 |    128 | link_o[206]
     673* |       0 |       4 |        3 |      0 |     6 |    +0.0% |  -24.335 |     -569.8 |    -2147.7 |    128 | link_o[327]
     680* |       0 |       5 |       10 |      0 |     6 |    +0.1% |  -52.354 |     -823.7 |    -2643.3 |    128 | link_o[271]
     690* |       0 |      10 |       15 |      0 |     6 |    +0.1% |  -62.604 |     -909.2 |    -4212.4 |    128 | link_o[326]
     699* |       0 |       4 |        5 |      0 |     6 |    +0.0% |  -24.335 |     -568.6 |    -2145.9 |    128 | link_o[327]
     700* |       0 |       4 |        5 |      0 |     6 |    +0.0% |  -24.335 |     -568.6 |    -2145.9 |    128 | link_o[327]
     710* |       0 |       6 |       14 |      0 |     6 |    +0.1% |  -55.998 |     -669.7 |    -4328.8 |    128 | link_o[253]
     720* |       0 |      11 |       19 |      0 |     6 |    +0.1% |  -52.950 |     -781.5 |    -4123.3 |    128 | link_o[206]
     724* |       0 |       4 |        5 |      0 |     6 |    +0.0% |  -24.335 |     -568.6 |    -2145.9 |    128 | link_o[327]
     730* |       0 |       5 |       10 |      0 |     6 |    +0.1% |  -52.354 |     -823.7 |    -2643.3 |    128 | link_o[271]
     740* |       0 |      10 |       15 |      0 |     6 |    +0.1% |  -62.604 |     -909.2 |    -4212.4 |    128 | link_o[326]
     749* |       0 |       4 |        5 |      0 |     6 |    +0.0% |  -24.335 |     -568.6 |    -2145.9 |    128 | link_o[327]
     750* |       0 |       4 |        5 |      0 |     6 |    +0.0% |  -24.335 |     -568.6 |    -2145.9 |    128 | link_o[327]
     760* |       0 |       7 |       13 |      0 |     6 |    +0.1% |  -58.181 |     -714.6 |    -5085.2 |    128 | link_o[301]
     770* |       0 |      14 |       16 |      0 |     6 |    +0.1% |  -54.108 |     -772.3 |    -4017.2 |    128 | link_o[321]
     774* |       0 |       4 |        5 |      0 |     6 |    +0.0% |  -24.335 |     -568.6 |    -2145.9 |    128 | link_o[327]
     780* |       0 |       5 |       10 |      0 |     6 |    +0.1% |  -52.317 |     -823.1 |    -2642.9 |    128 | link_o[271]
     790* |       0 |      11 |       14 |      0 |     6 |    +0.1% |  -62.199 |     -900.4 |    -4052.5 |    128 | link_o[326]
     799* |       0 |       4 |        5 |      0 |     6 |    +0.0% |  -24.335 |     -568.6 |    -2145.9 |    128 | link_o[327]
     800* |       0 |       4 |        5 |      0 |     6 |    +0.0% |  -24.335 |     -568.6 |    -2145.9 |    128 | link_o[327]
     810* |       0 |       7 |       13 |      0 |     6 |    +0.1% |  -58.181 |     -714.6 |    -5087.0 |    128 | link_o[301]
     820* |       0 |      12 |       18 |      0 |     6 |    +0.1% |  -55.978 |     -830.8 |    -3929.0 |    128 | link_o[326]
     824* |       0 |       4 |        5 |      0 |     6 |    +0.0% |  -24.335 |     -568.6 |    -2145.9 |    128 | link_o[327]
     830* |       0 |       6 |        9 |      0 |     6 |    +0.1% |  -36.939 |     -621.5 |    -2701.5 |    128 | link_o[202]
     840* |       0 |       9 |       16 |      0 |     6 |    +0.1% |  -58.838 |     -855.9 |    -3170.6 |    128 | link_o[206]
     849* |       0 |       4 |        5 |      0 |     6 |    +0.0% |  -24.335 |     -568.6 |    -2145.9 |    128 | link_o[327]
     850* |       0 |       4 |        5 |      0 |     6 |    +0.0% |  -24.335 |     -568.6 |    -2145.9 |    128 | link_o[327]
     860* |       0 |       6 |       14 |      0 |     6 |    +0.1% |  -55.998 |     -669.7 |    -4328.8 |    128 | link_o[253]
     870* |       0 |      11 |       19 |      0 |     6 |    +0.1% |  -49.226 |     -713.5 |    -4182.3 |    128 | link_o[206]
     874* |       0 |       4 |        5 |      0 |     6 |    +0.0% |  -24.335 |     -568.6 |    -2145.9 |    128 | link_o[327]
     880* |       0 |       6 |        9 |      0 |     6 |    +0.1% |  -36.939 |     -621.5 |    -2701.5 |    128 | link_o[202]
     890* |       0 |       9 |       16 |      0 |     6 |    +0.1% |  -58.838 |     -855.9 |    -3170.6 |    128 | link_o[206]
     899* |       0 |       4 |        5 |      0 |     6 |    +0.0% |  -24.335 |     -568.6 |    -2145.9 |    128 | link_o[327]
     900* |       0 |       4 |        5 |      0 |     6 |    +0.0% |  -24.335 |     -568.6 |    -2145.9 |    128 | link_o[327]
     910* |       0 |       6 |       14 |      0 |     6 |    +0.1% |  -55.998 |     -669.7 |    -4328.8 |    128 | link_o[253]
     920* |       0 |      11 |       19 |      0 |     6 |    +0.1% |  -49.226 |     -713.5 |    -4182.3 |    128 | link_o[206]
     924* |       0 |       4 |        5 |      0 |     6 |    +0.0% |  -24.335 |     -568.6 |    -2145.9 |    128 | link_o[327]
     930* |       0 |       6 |        9 |      0 |     6 |    +0.1% |  -36.939 |     -621.5 |    -2701.5 |    128 | link_o[202]
     940* |       0 |       9 |       16 |      0 |     6 |    +0.1% |  -58.838 |     -855.9 |    -3170.6 |    128 | link_o[206]
     949* |       0 |       4 |        5 |      0 |     6 |    +0.0% |  -24.335 |     -568.6 |    -2145.9 |    128 | link_o[327]
     950* |       0 |       4 |        5 |      0 |     6 |    +0.0% |  -24.335 |     -568.6 |    -2145.9 |    128 | link_o[327]
     960* |       0 |       6 |       14 |      0 |     6 |    +0.1% |  -55.998 |     -669.7 |    -4328.8 |    128 | link_o[253]
     970* |       0 |      11 |       19 |      0 |     6 |    +0.1% |  -49.226 |     -713.5 |    -4182.3 |    128 | link_o[206]
     974* |       0 |       4 |        5 |      0 |     6 |    +0.0% |  -24.335 |     -568.6 |    -2145.9 |    128 | link_o[327]
     980* |       0 |       6 |        9 |      0 |     6 |    +0.1% |  -36.939 |     -621.5 |    -2701.5 |    128 | link_o[202]
     990* |       0 |       9 |       16 |      0 |     6 |    +0.1% |  -58.838 |     -855.9 |    -3170.6 |    128 | link_o[206]
     999* |       0 |       4 |        5 |      0 |     6 |    +0.0% |  -24.335 |     -568.6 |    -2145.9 |    128 | link_o[327]
    1000* |       0 |       4 |        5 |      0 |     6 |    +0.0% |  -24.335 |     -568.6 |    -2145.9 |    128 | link_o[327]
    1010* |       0 |       7 |       13 |      0 |     6 |    +0.1% |  -42.915 |     -699.4 |    -3229.5 |    128 | link_o[301]
    1020* |       0 |      14 |       16 |      0 |     6 |    +0.1% |  -55.510 |     -783.5 |    -4079.6 |    128 | link_o[321]
    1025* |       0 |       4 |        6 |      0 |     6 |    +0.0% |  -24.335 |     -568.6 |    -2145.8 |    128 | link_o[327]
    1030* |       0 |       5 |       10 |      0 |     6 |    +0.1% |  -30.025 |     -596.2 |    -2451.0 |    128 | link_o[327]
    1040* |       0 |      10 |       15 |      0 |     6 |    +0.1% |  -66.913 |    -1018.2 |    -4076.0 |    128 | link_o[326]
    1050* |       0 |      16 |       18 |      0 |     7 |    +0.1% |  -52.207 |     -770.4 |    -3764.4 |    128 | link_o[321]
    1050* |       0 |       4 |        6 |      0 |     6 |    +0.0% |  -24.335 |     -568.6 |    -2145.8 |    128 | link_o[327]
    1060* |       0 |       7 |       13 |      0 |     6 |    +0.1% |  -42.915 |     -699.4 |    -3230.6 |    128 | link_o[301]
    1070* |       0 |      14 |       16 |      0 |     6 |    +0.1% |  -55.611 |     -785.0 |    -4079.1 |    128 | link_o[321]
    1075* |       0 |       4 |        6 |      0 |     6 |    +0.0% |  -24.335 |     -568.6 |    -2145.8 |    128 | link_o[327]
    1080* |       0 |       5 |       10 |      0 |     6 |    +0.1% |  -30.025 |     -596.2 |    -2451.0 |    128 | link_o[327]
    1090* |       0 |      12 |       13 |      0 |     6 |    +0.1% |  -32.415 |     -592.3 |    -2842.0 |    128 | link_o[327]
    1092* |       0 |       4 |        6 |      0 |     6 |    +0.0% |  -24.335 |     -568.6 |    -2145.8 |    128 | link_o[327]
    1100* |       0 |       6 |       12 |      0 |     6 |    +0.1% |  -23.872 |     -569.8 |    -2143.8 |    128 | link_o[327]
    1108* |       0 |       6 |       12 |      0 |     6 |    +0.1% |  -23.872 |     -569.8 |    -2143.8 |    128 | link_o[327]
    1110* |       0 |       6 |       13 |      0 |     6 |    +0.1% |  -23.406 |     -568.9 |    -2104.3 |    128 | link_o[205]
    1120* |       0 |      13 |       14 |      0 |     8 |    +0.1% |  -35.719 |     -579.1 |    -3370.1 |    128 | link_o[327]
    1123* |       0 |       8 |       13 |      0 |     8 |    +0.1% |  -23.406 |     -547.2 |    -2032.9 |    128 | link_o[205]
    1130* |       0 |      12 |       15 |      0 |     8 |    +0.1% |  -39.328 |     -575.3 |    -3864.5 |    128 | link_o[205]
    1140* |       0 |      17 |       19 |      0 |     9 |    +0.1% |  -40.870 |     -622.7 |    -3140.2 |    128 | link_o[235]
    1142* |       0 |       8 |       13 |      0 |     8 |    +0.1% |  -23.406 |     -547.2 |    -2032.6 |    128 | link_o[205]
    1150* |       0 |      13 |       15 |      0 |     8 |    +0.1% |  -34.317 |     -572.1 |    -3307.4 |    128 | link_o[327]
    1153* |       0 |       8 |       13 |      0 |     8 |    +0.1% |  -23.406 |     -547.2 |    -2032.6 |    128 | link_o[205]
    1160* |       0 |      13 |       14 |      0 |     8 |    +0.1% |  -36.436 |     -582.7 |    -3417.1 |    128 | link_o[327]
    1167* |       0 |       8 |       13 |      0 |     8 |    +0.1% |  -23.406 |     -547.2 |    -2032.6 |    128 | link_o[205]
    1170* |       0 |       9 |       14 |      0 |     8 |    +0.1% |  -45.291 |     -591.5 |    -4549.2 |    128 | link_o[327]
    1180* |       0 |      17 |       16 |      0 |     8 |    +0.1% |  -32.415 |     -570.2 |    -3061.7 |    128 | link_o[327]
    1181* |       0 |       8 |       13 |      0 |     8 |    +0.1% |  -23.406 |     -547.2 |    -2032.6 |    128 | link_o[205]
    1190* |       0 |      13 |       16 |      0 |     8 |    +0.1% |  -33.057 |     -570.8 |    -3146.1 |    128 | link_o[327]
    1192* |       0 |       8 |       13 |      0 |     8 |    +0.1% |  -23.406 |     -547.2 |    -2032.6 |    128 | link_o[205]
    1200* |       0 |      13 |       15 |      0 |     8 |    +0.1% |  -34.317 |     -572.1 |    -3307.4 |    128 | link_o[327]
    1200* |       0 |       8 |       13 |      0 |     8 |    +0.1% |  -23.406 |     -547.2 |    -2032.6 |    128 | link_o[205]
    1210* |       0 |      14 |       16 |      0 |     8 |    +0.1% |  -32.415 |     -570.2 |    -3063.9 |    128 | link_o[327]
    1211* |       0 |       8 |       13 |      0 |     8 |    +0.1% |  -23.406 |     -547.2 |    -2032.6 |    128 | link_o[205]
    1220* |       0 |      13 |       16 |      0 |     8 |    +0.1% |  -33.057 |     -570.8 |    -3146.1 |    128 | link_o[327]
    1222* |       0 |       8 |       13 |      0 |     8 |    +0.1% |  -23.406 |     -547.2 |    -2032.6 |    128 | link_o[205]
    1230* |       0 |      13 |       15 |      0 |     8 |    +0.1% |  -34.317 |     -572.1 |    -3307.4 |    128 | link_o[327]
    1233* |       0 |       8 |       13 |      0 |     8 |    +0.1% |  -23.406 |     -547.2 |    -2032.6 |    128 | link_o[205]
    1240* |       0 |      13 |       14 |      0 |     8 |    +0.1% |  -36.436 |     -582.7 |    -3424.7 |    128 | link_o[327]
    1246* |       0 |       8 |       13 |      0 |     8 |    +0.1% |  -23.406 |     -547.2 |    -2032.6 |    128 | link_o[205]
    1250* |       0 |      11 |       13 |      0 |     8 |    +0.1% |  -24.323 |     -561.1 |    -1926.1 |    128 | link_o[205]
    1260* |       0 |      16 |       17 |      0 |     9 |    +0.1% |  -44.136 |     -639.1 |    -2689.6 |    128 | link_o[235]
    1265* |       0 |       8 |       13 |      0 |     8 |    +0.1% |  -23.406 |     -547.2 |    -2032.6 |    128 | link_o[205]
    1270* |       0 |      12 |       13 |      0 |     8 |    +0.1% |  -26.143 |     -568.4 |    -1954.2 |    128 | link_o[205]
    1280* |       0 |      16 |       18 |      0 |     9 |    +0.1% |  -41.786 |     -627.3 |    -2866.5 |    128 | link_o[235]
    1284* |       0 |       8 |       13 |      0 |     8 |    +0.1% |  -23.406 |     -547.2 |    -2032.6 |    128 | link_o[205]
    1290* |       0 |      12 |       14 |      0 |     8 |    +0.1% |  -36.436 |     -582.7 |    -3415.7 |    128 | link_o[327]
    1297* |       0 |       8 |       13 |      0 |     8 |    +0.1% |  -23.406 |     -547.2 |    -2032.6 |    128 | link_o[205]
    1300* |       0 |       9 |       14 |      0 |     8 |    +0.1% |  -45.291 |     -591.5 |    -4549.2 |    128 | link_o[327]
    1300* |       0 |       8 |       13 |      0 |     8 |    +0.1% |  -23.406 |     -547.2 |    -2032.6 |    128 | link_o[205]
    1300* |       0 |       8 |       13 |      0 |     8 |    +0.1% |  -23.406 |     -547.2 |    -2032.6 |    128 | link_o[205]
    1300+ |       0 |       8 |       13 |      0 |     8 |    +0.1% |  -23.406 |     -547.2 |    -2032.6 |    126 | link_o[205]
    1301+ |       0 |       8 |       13 |      0 |     8 |    +0.1% |  -23.406 |     -547.2 |    -2032.6 |    126 | link_o[205]
    1302+ |       0 |       8 |       13 |      0 |     8 |    +0.1% |  -23.406 |     -547.2 |    -2032.6 |    126 | link_o[205]
    1303+ |       0 |       8 |       13 |      0 |     8 |    +0.1% |  -23.406 |     -547.2 |    -2032.6 |    126 | link_o[205]
    1304+ |       0 |       8 |       13 |      0 |     8 |    +0.1% |  -23.406 |     -547.2 |    -2032.6 |    126 | link_o[205]
    1305+ |       0 |       8 |       13 |      0 |     8 |    +0.1% |  -23.406 |     -547.2 |    -2032.6 |    126 | link_o[205]
    1306+ |       0 |       8 |       13 |      0 |     8 |    +0.1% |  -23.406 |     -547.2 |    -2032.6 |    126 | link_o[205]
    1307+ |       0 |       8 |       13 |      0 |     8 |    +0.1% |  -23.406 |     -547.2 |    -2032.6 |    126 | link_o[205]
    1308+ |       0 |       8 |       13 |      0 |     8 |    +0.1% |  -23.406 |     -547.2 |    -2032.6 |    126 | link_o[205]
    1309+ |       0 |       8 |       13 |      0 |     8 |    +0.1% |  -23.406 |     -547.2 |    -2032.6 |    126 | link_o[205]
    1310+ |       0 |       8 |       13 |      0 |     8 |    +0.1% |  -23.406 |     -547.2 |    -2032.6 |    126 | link_o[205]
    1310+ |       0 |       8 |       13 |      0 |     8 |    +0.1% |  -23.406 |     -547.2 |    -2032.6 |    126 | link_o[205]
    1311+ |       0 |       8 |       13 |      0 |     8 |    +0.1% |  -23.406 |     -547.2 |    -2032.6 |    126 | link_o[205]
    1312+ |       0 |       8 |       13 |      0 |     8 |    +0.1% |  -23.406 |     -547.2 |    -2032.6 |    126 | link_o[205]
    1313+ |       0 |       8 |       13 |      0 |     8 |    +0.1% |  -23.406 |     -547.2 |    -2032.6 |    126 | link_o[205]
    1314+ |       0 |       8 |       13 |      0 |     8 |    +0.1% |  -23.406 |     -547.2 |    -2032.6 |    126 | link_o[205]
    1315+ |       0 |       8 |       13 |      0 |     8 |    +0.1% |  -23.406 |     -547.2 |    -2032.6 |    126 | link_o[205]
    1316+ |       0 |       8 |       13 |      0 |     8 |    +0.1% |  -23.406 |     -547.2 |    -2032.6 |    126 | link_o[205]
    1317+ |       0 |       8 |       13 |      0 |     8 |    +0.1% |  -23.406 |     -547.2 |    -2032.6 |    126 | link_o[205]
    1318+ |       0 |       8 |       13 |      0 |     8 |    +0.1% |  -23.406 |     -547.2 |    -2032.6 |    126 | link_o[205]
    1319+ |       0 |       8 |       13 |      0 |     8 |    +0.1% |  -23.406 |     -547.2 |    -2032.6 |    126 | link_o[205]
    1320+ |       0 |       8 |       13 |      0 |     8 |    +0.1% |  -23.406 |     -547.2 |    -2032.6 |    126 | link_o[205]
    1320+ |       0 |       8 |       13 |      0 |     8 |    +0.1% |  -23.406 |     -547.2 |    -2032.6 |    126 | link_o[205]
    1321+ |       0 |       8 |       13 |      0 |     8 |    +0.1% |  -23.406 |     -547.2 |    -2032.6 |    126 | link_o[205]
    1322+ |       0 |       8 |       13 |      0 |     8 |    +0.1% |  -23.406 |     -547.2 |    -2032.6 |    126 | link_o[205]
    1323+ |       0 |       8 |       13 |      0 |     8 |    +0.1% |  -23.406 |     -547.2 |    -2032.6 |    126 | link_o[205]
    1324+ |       0 |       8 |       13 |      0 |     8 |    +0.1% |  -23.406 |     -547.2 |    -2032.6 |    126 | link_o[205]
    1325+ |       0 |       8 |       13 |      0 |     8 |    +0.1% |  -23.406 |     -547.2 |    -2032.6 |    126 | link_o[205]
    1326+ |       0 |       8 |       13 |      0 |     8 |    +0.1% |  -23.406 |     -547.2 |    -2032.6 |    126 | link_o[205]
    1327+ |       0 |       8 |       13 |      0 |     8 |    +0.1% |  -23.406 |     -547.2 |    -2032.6 |    126 | link_o[205]
    1328+ |       0 |       8 |       13 |      0 |     8 |    +0.1% |  -23.406 |     -547.2 |    -2032.6 |    126 | link_o[205]
    1329+ |       0 |       8 |       13 |      0 |     8 |    +0.1% |  -23.406 |     -547.2 |    -2032.6 |    126 | link_o[205]
    1330+ |       0 |       8 |       13 |      0 |     8 |    +0.1% |  -23.406 |     -547.2 |    -2032.6 |    126 | link_o[205]
    1330+ |       0 |       8 |       13 |      0 |     8 |    +0.1% |  -23.406 |     -547.2 |    -2032.6 |    126 | link_o[205]
    1331+ |       0 |       8 |       13 |      0 |     8 |    +0.1% |  -23.406 |     -547.2 |    -2032.6 |    126 | link_o[205]
    1332+ |       0 |       8 |       13 |      0 |     8 |    +0.1% |  -23.406 |     -547.2 |    -2032.6 |    126 | link_o[205]
    1333+ |       0 |       8 |       13 |      0 |     8 |    +0.1% |  -23.406 |     -547.2 |    -2032.6 |    126 | link_o[205]
    1334+ |       0 |       8 |       13 |      0 |     8 |    +0.1% |  -23.406 |     -547.2 |    -2032.6 |    126 | link_o[205]
    1335+ |       0 |       8 |       13 |      0 |     8 |    +0.1% |  -23.406 |     -547.2 |    -2032.6 |    126 | link_o[205]
    1336+ |       0 |       8 |       13 |      0 |     8 |    +0.1% |  -23.406 |     -547.2 |    -2032.6 |    126 | link_o[205]
    1338+ |       0 |       9 |       13 |      0 |     8 |    +0.1% |  -23.406 |     -547.2 |    -2012.5 |    126 | link_o[205]
    1339+ |       0 |       9 |       13 |      0 |     8 |    +0.1% |  -23.406 |     -547.2 |    -2012.5 |    126 | link_o[205]
    1340+ |       0 |       9 |       13 |      0 |     8 |    +0.1% |  -23.406 |     -547.2 |    -2012.5 |    126 | link_o[205]
    1340+ |       0 |       9 |       13 |      0 |     8 |    +0.1% |  -23.406 |     -547.2 |    -2012.5 |    126 | link_o[205]
    1341+ |       0 |       9 |       13 |      0 |     8 |    +0.1% |  -23.406 |     -547.2 |    -2012.5 |    126 | link_o[205]
    1342+ |       0 |       9 |       13 |      0 |     8 |    +0.1% |  -23.406 |     -547.2 |    -2012.5 |    126 | link_o[205]
    1343+ |       0 |       9 |       13 |      0 |     8 |    +0.1% |  -23.406 |     -547.2 |    -2012.5 |    126 | link_o[205]
    1344+ |       0 |       9 |       13 |      0 |     8 |    +0.1% |  -23.406 |     -547.2 |    -2012.5 |    126 | link_o[205]
    1345+ |       0 |       9 |       13 |      0 |     8 |    +0.1% |  -23.406 |     -547.2 |    -2012.5 |    126 | link_o[205]
    1347+ |       0 |      10 |       13 |      0 |     8 |    +0.1% |  -23.406 |     -547.2 |    -2004.1 |    126 | link_o[205]
    1348+ |       0 |      10 |       13 |      0 |     8 |    +0.1% |  -23.406 |     -547.2 |    -2004.1 |    126 | link_o[205]
    1349+ |       0 |      10 |       13 |      0 |     8 |    +0.1% |  -23.406 |     -547.2 |    -2004.1 |    126 | link_o[205]
    1350+ |       0 |      10 |       13 |      0 |     8 |    +0.1% |  -23.406 |     -547.2 |    -2004.1 |    126 | link_o[205]
    1350+ |       0 |      10 |       13 |      0 |     8 |    +0.1% |  -23.406 |     -547.2 |    -2004.1 |    126 | link_o[205]
    1351+ |       0 |      10 |       13 |      0 |     8 |    +0.1% |  -23.406 |     -547.2 |    -2004.1 |    126 | link_o[205]
    1352+ |       0 |      10 |       13 |      0 |     8 |    +0.1% |  -23.406 |     -547.2 |    -2004.1 |    126 | link_o[205]
    1353+ |       0 |      10 |       13 |      0 |     8 |    +0.1% |  -23.406 |     -547.2 |    -2004.1 |    126 | link_o[205]
    1354+ |       0 |      10 |       13 |      0 |     8 |    +0.1% |  -23.406 |     -547.2 |    -2004.1 |    126 | link_o[205]
    1355+ |       0 |      10 |       13 |      0 |     8 |    +0.1% |  -23.406 |     -547.2 |    -2004.1 |    126 | link_o[205]
    1358+ |       0 |      12 |       13 |      0 |     8 |    +0.1% |  -23.406 |     -547.2 |    -1990.7 |    126 | link_o[205]
    1359+ |       0 |      12 |       13 |      0 |     8 |    +0.1% |  -23.406 |     -547.2 |    -1990.7 |    126 | link_o[205]
    1360+ |       0 |      12 |       13 |      0 |     8 |    +0.1% |  -23.406 |     -547.2 |    -1990.7 |    126 | link_o[205]
    1360+ |       0 |      12 |       13 |      0 |     8 |    +0.1% |  -23.406 |     -547.2 |    -1990.7 |    126 | link_o[205]
    1361+ |       0 |      12 |       13 |      0 |     8 |    +0.1% |  -23.406 |     -547.2 |    -1990.7 |    126 | link_o[205]
    1362+ |       0 |      12 |       13 |      0 |     8 |    +0.1% |  -23.406 |     -547.2 |    -1990.7 |    126 | link_o[205]
    1363+ |       0 |      12 |       13 |      0 |     8 |    +0.1% |  -23.406 |     -547.2 |    -1990.7 |    126 | link_o[205]
    1364+ |       0 |      12 |       13 |      0 |     8 |    +0.1% |  -23.406 |     -547.2 |    -1990.7 |    126 | link_o[205]
    1365+ |       0 |      12 |       13 |      0 |     8 |    +0.1% |  -23.406 |     -547.2 |    -1990.7 |    126 | link_o[205]
    1366+ |       0 |      12 |       13 |      0 |     8 |    +0.1% |  -23.406 |     -547.2 |    -1990.7 |    126 | link_o[205]
    1367+ |       0 |      12 |       13 |      0 |     8 |    +0.1% |  -23.406 |     -547.2 |    -1990.7 |    126 | link_o[205]
    1368+ |       0 |      12 |       13 |      0 |     8 |    +0.1% |  -23.406 |     -547.2 |    -1990.7 |    126 | link_o[205]
    1369+ |       0 |      12 |       13 |      0 |     8 |    +0.1% |  -23.406 |     -547.2 |    -1990.7 |    126 | link_o[205]
    1370+ |       0 |      12 |       13 |      0 |     8 |    +0.1% |  -23.406 |     -547.2 |    -1990.7 |    126 | link_o[205]
    1370+ |       0 |      12 |       13 |      0 |     8 |    +0.1% |  -23.406 |     -547.2 |    -1990.7 |    126 | link_o[205]
    1371+ |       0 |      12 |       13 |      0 |     8 |    +0.1% |  -23.406 |     -547.2 |    -1990.7 |    126 | link_o[205]
    1372+ |       0 |      12 |       13 |      0 |     8 |    +0.1% |  -23.406 |     -547.2 |    -1990.7 |    126 | link_o[205]
    1373+ |       0 |      12 |       13 |      0 |     8 |    +0.1% |  -23.406 |     -547.2 |    -1990.7 |    126 | link_o[205]
    1374+ |       0 |      12 |       13 |      0 |     8 |    +0.1% |  -23.406 |     -547.2 |    -1990.7 |    126 | link_o[205]
    1375+ |       0 |      12 |       13 |      0 |     8 |    +0.1% |  -23.406 |     -547.2 |    -1990.7 |    126 | link_o[205]
    1376+ |       0 |      12 |       13 |      0 |     8 |    +0.1% |  -23.406 |     -547.2 |    -1990.7 |    126 | link_o[205]
    1377+ |       0 |      12 |       13 |      0 |     8 |    +0.1% |  -23.406 |     -547.2 |    -1990.7 |    126 | link_o[205]
    1378+ |       0 |      12 |       13 |      0 |     8 |    +0.1% |  -23.406 |     -547.2 |    -1990.7 |    126 | link_o[205]
    1379+ |       0 |      12 |       13 |      0 |     8 |    +0.1% |  -23.406 |     -547.2 |    -1990.7 |    126 | link_o[205]
    1380+ |       0 |      12 |       13 |      0 |     8 |    +0.1% |  -23.406 |     -547.2 |    -1990.7 |    126 | link_o[205]
    1380+ |       0 |      12 |       13 |      0 |     8 |    +0.1% |  -23.406 |     -547.2 |    -1990.7 |    126 | link_o[205]
    1381+ |       0 |      12 |       13 |      0 |     8 |    +0.1% |  -23.406 |     -547.2 |    -1990.7 |    126 | link_o[205]
    1382+ |       0 |      12 |       13 |      0 |     8 |    +0.1% |  -23.406 |     -547.2 |    -1990.7 |    126 | link_o[205]
    1383+ |       0 |      12 |       13 |      0 |     8 |    +0.1% |  -23.406 |     -547.2 |    -1990.7 |    126 | link_o[205]
    1384+ |       0 |      12 |       13 |      0 |     8 |    +0.1% |  -23.406 |     -547.2 |    -1990.7 |    126 | link_o[205]
    1385+ |       0 |      12 |       13 |      0 |     8 |    +0.1% |  -23.406 |     -547.2 |    -1990.7 |    126 | link_o[205]
    1386+ |       0 |      12 |       13 |      0 |     8 |    +0.1% |  -23.406 |     -547.2 |    -1990.7 |    126 | link_o[205]
    1387+ |       0 |      12 |       13 |      0 |     8 |    +0.1% |  -23.406 |     -547.2 |    -1990.7 |    126 | link_o[205]
    1388+ |       0 |      12 |       13 |      0 |     8 |    +0.1% |  -23.406 |     -547.2 |    -1990.7 |    126 | link_o[205]
    1389+ |       0 |      12 |       13 |      0 |     8 |    +0.1% |  -23.406 |     -547.2 |    -1990.7 |    126 | link_o[205]
    1390+ |       0 |      12 |       13 |      0 |     8 |    +0.1% |  -23.406 |     -547.2 |    -1990.7 |    126 | link_o[205]
    1390+ |       0 |      12 |       13 |      0 |     8 |    +0.1% |  -23.406 |     -547.2 |    -1990.7 |    126 | link_o[205]
    1391+ |       0 |      12 |       13 |      0 |     8 |    +0.1% |  -23.406 |     -547.2 |    -1990.7 |    126 | link_o[205]
    1392+ |       0 |      12 |       13 |      0 |     8 |    +0.1% |  -23.406 |     -547.2 |    -1990.7 |    126 | link_o[205]
    1393+ |       0 |      12 |       13 |      0 |     8 |    +0.1% |  -23.406 |     -547.2 |    -1990.7 |    126 | link_o[205]
    1394+ |       0 |      12 |       13 |      0 |     8 |    +0.1% |  -23.406 |     -547.2 |    -1990.7 |    126 | link_o[205]
    1395+ |       0 |      12 |       13 |      0 |     8 |    +0.1% |  -23.406 |     -547.2 |    -1990.7 |    126 | link_o[205]
    1396+ |       0 |      12 |       13 |      0 |     8 |    +0.1% |  -23.406 |     -547.2 |    -1990.7 |    126 | link_o[205]
    1397+ |       0 |      12 |       13 |      0 |     8 |    +0.1% |  -23.406 |     -547.2 |    -1990.7 |    126 | link_o[205]
    1398+ |       0 |      12 |       13 |      0 |     8 |    +0.1% |  -23.406 |     -547.2 |    -1990.7 |    126 | link_o[205]
    1399+ |       0 |      12 |       13 |      0 |     8 |    +0.1% |  -23.406 |     -547.2 |    -1990.7 |    126 | link_o[205]
    1400+ |       0 |      12 |       13 |      0 |     8 |    +0.1% |  -23.406 |     -547.2 |    -1990.7 |    126 | link_o[205]
    1401+ |       0 |      12 |       13 |      0 |     8 |    +0.1% |  -23.406 |     -547.2 |    -1990.7 |    126 | link_o[205]
    1402+ |       0 |      12 |       13 |      0 |     8 |    +0.1% |  -23.406 |     -547.2 |    -1990.7 |    126 | link_o[205]
    1408+ |       0 |      15 |       13 |      0 |    10 |    +0.1% |  -23.406 |     -525.9 |    -1932.8 |    126 | link_o[205]
    1409+ |       0 |      15 |       13 |      0 |    10 |    +0.1% |  -23.406 |     -525.9 |    -1932.8 |    126 | link_o[205]
    1410+ |       0 |      15 |       13 |      0 |    10 |    +0.1% |  -23.406 |     -525.9 |    -1932.8 |    126 | link_o[205]
    1410+ |       0 |      15 |       13 |      0 |    10 |    +0.1% |  -23.406 |     -525.9 |    -1932.8 |    126 | link_o[205]
    1411+ |       0 |      15 |       13 |      0 |    10 |    +0.1% |  -23.406 |     -525.9 |    -1932.8 |    126 | link_o[205]
    1412+ |       0 |      15 |       13 |      0 |    10 |    +0.1% |  -23.406 |     -525.9 |    -1932.8 |    126 | link_o[205]
    1413+ |       0 |      15 |       13 |      0 |    10 |    +0.1% |  -23.406 |     -525.9 |    -1932.8 |    126 | link_o[205]
    1414+ |       0 |      15 |       13 |      0 |    10 |    +0.1% |  -23.406 |     -525.9 |    -1932.8 |    126 | link_o[205]
    1415+ |       0 |      15 |       13 |      0 |    10 |    +0.1% |  -23.406 |     -525.9 |    -1932.8 |    126 | link_o[205]
    1416+ |       0 |      15 |       13 |      0 |    10 |    +0.1% |  -23.406 |     -525.9 |    -1932.8 |    126 | link_o[205]
    1417+ |       0 |      15 |       13 |      0 |    10 |    +0.1% |  -23.406 |     -525.9 |    -1932.8 |    126 | link_o[205]
    1418+ |       0 |      15 |       13 |      0 |    10 |    +0.1% |  -23.406 |     -525.9 |    -1932.8 |    126 | link_o[205]
    1419+ |       0 |      15 |       13 |      0 |    10 |    +0.1% |  -23.406 |     -525.9 |    -1932.8 |    126 | link_o[205]
    1420+ |       0 |      15 |       13 |      0 |    10 |    +0.1% |  -23.406 |     -525.9 |    -1932.8 |    126 | link_o[205]
    1420+ |       0 |      15 |       13 |      0 |    10 |    +0.1% |  -23.406 |     -525.9 |    -1932.8 |    126 | link_o[205]
    1421+ |       0 |      15 |       13 |      0 |    10 |    +0.1% |  -23.406 |     -525.9 |    -1932.8 |    126 | link_o[205]
    1422+ |       0 |      15 |       13 |      0 |    10 |    +0.1% |  -23.406 |     -525.9 |    -1932.8 |    126 | link_o[205]
    1423+ |       0 |      15 |       13 |      0 |    10 |    +0.1% |  -23.406 |     -525.9 |    -1932.8 |    126 | link_o[205]
    1424+ |       0 |      15 |       13 |      0 |    10 |    +0.1% |  -23.406 |     -525.9 |    -1932.8 |    126 | link_o[205]
    1425+ |       0 |      15 |       13 |      0 |    10 |    +0.1% |  -23.406 |     -525.9 |    -1932.8 |    126 | link_o[205]
    1426+ |       0 |      15 |       13 |      0 |    10 |    +0.1% |  -23.406 |     -525.9 |    -1932.8 |    126 | link_o[205]
    1427+ |       0 |      15 |       13 |      0 |    10 |    +0.1% |  -23.406 |     -525.9 |    -1932.8 |    126 | link_o[205]
    1428+ |       0 |      15 |       13 |      0 |    10 |    +0.1% |  -23.406 |     -525.9 |    -1932.8 |    126 | link_o[205]
    1429+ |       0 |      15 |       13 |      0 |    10 |    +0.1% |  -23.406 |     -525.9 |    -1932.8 |    126 | link_o[205]
    1430+ |       0 |      15 |       13 |      0 |    10 |    +0.1% |  -23.406 |     -525.9 |    -1932.8 |    126 | link_o[205]
    1430+ |       0 |      15 |       13 |      0 |    10 |    +0.1% |  -23.406 |     -525.9 |    -1932.8 |    126 | link_o[205]
    1431+ |       0 |      15 |       13 |      0 |    10 |    +0.1% |  -23.406 |     -525.9 |    -1932.8 |    126 | link_o[205]
    1432+ |       0 |      15 |       13 |      0 |    10 |    +0.1% |  -23.406 |     -525.9 |    -1932.8 |    126 | link_o[205]
    1433+ |       0 |      15 |       13 |      0 |    10 |    +0.1% |  -23.406 |     -525.9 |    -1932.8 |    126 | link_o[205]
    1434+ |       0 |      15 |       13 |      0 |    10 |    +0.1% |  -23.406 |     -525.9 |    -1932.8 |    126 | link_o[205]
    1436+ |       0 |      16 |       13 |      0 |    10 |    +0.1% |  -23.406 |     -525.9 |    -1931.7 |    126 | link_o[205]
    final |       0 |      16 |       13 |      0 |    10 |    +0.1% |  -23.406 |     -525.9 |    -1931.7 |    126 | link_o[205]
------------------------------------------------------------------------------------------------------------------------------
[INFO RSZ-0045] Inserted 13 buffers, 2 to split loads.
[INFO RSZ-0051] Resized 16 instances: 16 up, 0 up match, 0 down, 0 VT
[INFO RSZ-0043] Swapped pins on 10 instances.
[WARNING RSZ-0062] Unable to repair all setup violations.
[INFO RSZ-0033] No hold violations found.
Took 130 seconds: repair_timing -setup_margin 0 -hold_margin 0 -repair_tns 100 -skip_gate_cloning -verbose
global_route -start_incremental
detailed_placement
[INFO DPL-0006] Core area: 2817.67 um^2, Instances area: 1966.07 um^2, Utilization: 69.8%
[INFO DPL-0005] Diamond search max displacement: +/- 500 sites horizontally, +/- 100 rows vertically.
[INFO DPL-1101] Legalizing using diamond search.
Movements Summary
---------------------------------------
Total cells:                   15228
Diamond Move Success:          15228 (100.00%)
Diamond Move Failure:              0
Rip-up and replace Success:        0 (  0.00% of diamond failures)
Rip-up and replace Failure:        0
Total Placement Failures:          0
---------------------------------------
Placement Analysis
---------------------------------
total displacement         15.8 u
average displacement        0.0 u
max displacement            0.8 u
original HPWL           40800.9 u
legalized HPWL          40813.4 u
delta HPWL                    0 %

global_route -end_incremental -resistance_aware -congestion_report_file ./reports/asap7/bsg_mesh_router_buffered/base/congestion_post_repair_timing.rpt
global_route -start_incremental
global_route -end_incremental -resistance_aware -congestion_report_file ./reports/asap7/bsg_mesh_router_buffered/base/congestion_post_recover_power.rpt
Repair antennas...
[WARNING GRT-0246] No diode with LEF class CORE ANTENNACELL found.
[INFO ANT-0002] Found 0 net violations.
[INFO ANT-0001] Found 0 pin violations.
Estimate parasitics...
estimate_parasitics -global_routing
Report metrics stage 5, global route...

==========================================================================
global route report_design_area
--------------------------------------------------------------------------
Design area 1966 um^2 70% utilization.
[INFO FLW-0007] clock clk period 1250.000000
[INFO FLW-0008] Clock clk period 1209.743
[INFO FLW-0009] Clock clk slack -23.413
[INFO FLW-0011] Path endpoint path count 2930
write_db ./results/asap7/bsg_mesh_router_buffered/base/5_1_grt.odb
write_sdc -no_timestamp ./results/asap7/bsg_mesh_router_buffered/base/5_1_grt.sdc
Elapsed time: 3:57.91[h:]min:sec. CPU time: user 1206.98 sys 11.07 (511%). Peak memory: 593832KB.
Log                       Ext     Elapsed/s Peak Memory/MB sha1sum result [0:20)
5_1_grt                   .odb          237            579 d876b501d1cbf8a5223b
5_1_grt                   .sdc                             6ecf8c35b41fbf1915a1
