OpenROAD 26Q2-2123-g8f0a892fa2 
Features included (+) or not (-): +GPU +GUI +Python
This program is licensed under the BSD-3 license. See the LICENSE file for details.
Components of this program may be licensed under more restrictive licenses which must be honored.
[INFO ORD-0030] Using 8 thread(s).
source /root/OpenROAD-flow-scripts/flow/platforms/asap7/liberty_suppressions.tcl
read_liberty /root/OpenROAD-flow-scripts/flow/platforms/asap7/lib/NLDM/asap7sc7p5t_AO_RVT_TT_nldm_211120.lib.gz
read_liberty /root/OpenROAD-flow-scripts/flow/platforms/asap7/lib/NLDM/asap7sc7p5t_INVBUF_RVT_TT_nldm_220122.lib.gz
read_liberty /root/OpenROAD-flow-scripts/flow/platforms/asap7/lib/NLDM/asap7sc7p5t_OA_RVT_TT_nldm_211120.lib.gz
read_liberty /root/OpenROAD-flow-scripts/flow/platforms/asap7/lib/NLDM/asap7sc7p5t_SEQ_RVT_TT_nldm_220123.lib
read_liberty /root/OpenROAD-flow-scripts/flow/platforms/asap7/lib/NLDM/asap7sc7p5t_SIMPLE_RVT_TT_nldm_211120.lib.gz
read_db ./results/asap7/bsg_mesh_router_buffered/base/5_1_grt.odb
read_sdc ./results/asap7/bsg_mesh_router_buffered/base/5_1_grt.sdc
source /root/OpenROAD-flow-scripts/flow/platforms/asap7/setRC.tcl
detailed_route -output_drc ./reports/asap7/bsg_mesh_router_buffered/base/5_route_drc.rpt -output_maze ./results/asap7/bsg_mesh_router_buffered/base/maze.log -droute_end_iter 64 -verbose 1 -drc_report_iter_step 5
[INFO DRT-0149] Reading tech and libs.

Units:                1000
Number of layers:     21
Number of macros:     212
Number of vias:       14
Number of viarulegen: 11

[INFO DRT-0150] Reading design.

Design:                   bsg_mesh_router_buffered
Die area:                 ( 0 0 ) ( 57297 57297 )
Number of track patterns: 32
Number of DEF vias:       0
Number of components:     15818
Number of terminals:      676
Number of snets:          2
Number of nets:           15638

[INFO DRT-0167] List of default vias:
  Layer V2
    default via: VIA23
  Layer V3
    default via: VIA34
  Layer V4
    default via: VIA45
  Layer V5
    default via: VIA56
  Layer V6
    default via: VIA67
  Layer V7
    default via: VIA78
  Layer V8
    default via: VIA89
  Layer V9
    default via: VIA9Pad
[INFO DRT-0162] Library cell analysis.
[INFO DRT-0163] Instance analysis.
[INFO DRT-0164] Number of unique instances = 186.
[INFO DRT-0168] Init region query.
[INFO DRT-0024]   Complete Active.
[INFO DRT-0024]   Complete V0.
[INFO DRT-0024]   Complete M1.
[INFO DRT-0024]   Complete V1.
[INFO DRT-0024]   Complete M2.
[INFO DRT-0024]   Complete V2.
[INFO DRT-0024]   Complete M3.
[INFO DRT-0024]   Complete V3.
[INFO DRT-0024]   Complete M4.
[INFO DRT-0024]   Complete V4.
[INFO DRT-0024]   Complete M5.
[INFO DRT-0024]   Complete V5.
[INFO DRT-0024]   Complete M6.
[INFO DRT-0024]   Complete V6.
[INFO DRT-0024]   Complete M7.
[INFO DRT-0024]   Complete V7.
[INFO DRT-0024]   Complete M8.
[INFO DRT-0024]   Complete V8.
[INFO DRT-0024]   Complete M9.
[INFO DRT-0024]   Complete V9.
[INFO DRT-0024]   Complete Pad.
[INFO DRT-0033] Active shape region query size = 0.
[INFO DRT-0033] V0 shape region query size = 0.
[INFO DRT-0033] M1 shape region query size = 289954.
[INFO DRT-0033] V1 shape region query size = 315174.
[INFO DRT-0033] M2 shape region query size = 10308.
[INFO DRT-0033] V2 shape region query size = 5910.
[INFO DRT-0033] M3 shape region query size = 5910.
[INFO DRT-0033] V3 shape region query size = 3940.
[INFO DRT-0033] M4 shape region query size = 4319.
[INFO DRT-0033] V4 shape region query size = 3940.
[INFO DRT-0033] M5 shape region query size = 2485.
[INFO DRT-0033] V5 shape region query size = 400.
[INFO DRT-0033] M6 shape region query size = 240.
[INFO DRT-0033] V6 shape region query size = 0.
[INFO DRT-0033] M7 shape region query size = 0.
[INFO DRT-0033] V7 shape region query size = 0.
[INFO DRT-0033] M8 shape region query size = 0.
[INFO DRT-0033] V8 shape region query size = 0.
[INFO DRT-0033] M9 shape region query size = 0.
[INFO DRT-0033] V9 shape region query size = 0.
[INFO DRT-0033] Pad shape region query size = 0.
[INFO DRT-0165] Start pin access.
[INFO DRT-0076]   Complete 1000 pins.
[INFO DRT-0078]   Complete 1068 pins.
[INFO DRT-0079]   Complete 100 unique inst patterns.
[INFO DRT-0081]   Complete 186 unique inst patterns.
[INFO DRT-0084]   Complete 8492 groups.
#scanned instances     = 15818
#unique  instances     = 186
#stdCellGenAp          = 5288
#stdCellValidPlanarAp  = 60
#stdCellValidViaAp     = 4487
#stdCellPinNoAp        = 0
#stdCellPinCnt         = 50228
#instTermValidViaApCnt = 0
#macroGenAp            = 0
#macroValidPlanarAp    = 0
#macroValidViaAp       = 0
#macroNoAp             = 0
[INFO DRT-0166] Complete pin access.
[INFO DRT-0267] cpu time = 00:10:41, elapsed time = 00:01:24, memory = 432.48 (MB), peak = 433.42 (MB)
[INFO DRT-0156] guideIn read 100000 guides.

[INFO DRT-0157] Number of guides:     133129

[INFO DRT-0169] Post process guides.
[INFO DRT-0176] GCELLGRID X 0 DO 100 STEP 570 ;
[INFO DRT-0177] GCELLGRID Y 0 DO 100 STEP 570 ;
[INFO DRT-0026]   Complete 100000 origin guides.
[INFO DRT-0028]   Complete Active.
[INFO DRT-0028]   Complete V0.
[INFO DRT-0028]   Complete M1.
[INFO DRT-0028]   Complete V1.
[INFO DRT-0028]   Complete M2.
[INFO DRT-0028]   Complete V2.
[INFO DRT-0028]   Complete M3.
[INFO DRT-0028]   Complete V3.
[INFO DRT-0028]   Complete M4.
[INFO DRT-0028]   Complete V4.
[INFO DRT-0028]   Complete M5.
[INFO DRT-0028]   Complete V5.
[INFO DRT-0028]   Complete M6.
[INFO DRT-0028]   Complete V6.
[INFO DRT-0028]   Complete M7.
[INFO DRT-0028]   Complete V7.
[INFO DRT-0028]   Complete M8.
[INFO DRT-0028]   Complete V8.
[INFO DRT-0028]   Complete M9.
[INFO DRT-0028]   Complete V9.
[INFO DRT-0028]   Complete Pad.
[INFO DRT-0178] Init guide query.
[INFO DRT-0035]   Complete Active (guide).
[INFO DRT-0035]   Complete V0 (guide).
[INFO DRT-0035]   Complete M1 (guide).
[INFO DRT-0035]   Complete V1 (guide).
[INFO DRT-0035]   Complete M2 (guide).
[INFO DRT-0035]   Complete V2 (guide).
[INFO DRT-0035]   Complete M3 (guide).
[INFO DRT-0035]   Complete V3 (guide).
[INFO DRT-0035]   Complete M4 (guide).
[INFO DRT-0035]   Complete V4 (guide).
[INFO DRT-0035]   Complete M5 (guide).
[INFO DRT-0035]   Complete V5 (guide).
[INFO DRT-0035]   Complete M6 (guide).
[INFO DRT-0035]   Complete V6 (guide).
[INFO DRT-0035]   Complete M7 (guide).
[INFO DRT-0035]   Complete V7 (guide).
[INFO DRT-0035]   Complete M8 (guide).
[INFO DRT-0035]   Complete V8 (guide).
[INFO DRT-0035]   Complete M9 (guide).
[INFO DRT-0035]   Complete V9 (guide).
[INFO DRT-0035]   Complete Pad (guide).
[INFO DRT-0036] Active guide region query size = 0.
[INFO DRT-0036] V0 guide region query size = 0.
[INFO DRT-0036] M1 guide region query size = 42399.
[INFO DRT-0036] V1 guide region query size = 0.
[INFO DRT-0036] M2 guide region query size = 35625.
[INFO DRT-0036] V2 guide region query size = 0.
[INFO DRT-0036] M3 guide region query size = 18863.
[INFO DRT-0036] V3 guide region query size = 0.
[INFO DRT-0036] M4 guide region query size = 4121.
[INFO DRT-0036] V4 guide region query size = 0.
[INFO DRT-0036] M5 guide region query size = 3052.
[INFO DRT-0036] V5 guide region query size = 0.
[INFO DRT-0036] M6 guide region query size = 1938.
[INFO DRT-0036] V6 guide region query size = 0.
[INFO DRT-0036] M7 guide region query size = 779.
[INFO DRT-0036] V7 guide region query size = 0.
[INFO DRT-0036] M8 guide region query size = 0.
[INFO DRT-0036] V8 guide region query size = 0.
[INFO DRT-0036] M9 guide region query size = 0.
[INFO DRT-0036] V9 guide region query size = 0.
[INFO DRT-0036] Pad guide region query size = 0.
[INFO DRT-0179] Init gr pin query.
[INFO DRT-0267] cpu time = 00:00:00, elapsed time = 00:00:00, memory = 474.57 (MB), peak = 473.85 (MB)
[INFO DRT-0245] skipped writing guide updates to database.
[INFO DRT-0181] Start track assignment.
[INFO DRT-0184] Done with 65093 vertical wires in 2 frboxes and 41684 horizontal wires in 2 frboxes.
[INFO DRT-0186] Done with 5484 vertical wires in 2 frboxes and 8962 horizontal wires in 2 frboxes.
[INFO DRT-0182] Complete track assignment.
[INFO DRT-0267] cpu time = 00:00:07, elapsed time = 00:00:03, memory = 710.23 (MB), peak = 709.70 (MB)
[INFO DRT-0187] Start routing data preparation.
[INFO DRT-0267] cpu time = 00:00:00, elapsed time = 00:00:00, memory = 710.23 (MB), peak = 709.70 (MB)
[INFO DRT-0194] Start detail routing.
[INFO DRT-0195] Start 0th optimization iteration.
    Completing 10% with 0 violations.
    elapsed time = 00:00:07, memory = 1582.88 (MB).
    Completing 20% with 0 violations.
    elapsed time = 00:00:15, memory = 2011.44 (MB).
    Completing 30% with 728 violations.
    elapsed time = 00:00:23, memory = 2206.26 (MB).
    Completing 40% with 728 violations.
    elapsed time = 00:00:33, memory = 2270.24 (MB).
    Completing 50% with 728 violations.
    elapsed time = 00:00:41, memory = 2278.77 (MB).
    Completing 60% with 1354 violations.
    elapsed time = 00:00:53, memory = 2428.57 (MB).
    Completing 70% with 1354 violations.
    elapsed time = 00:01:04, memory = 2493.60 (MB).
    Completing 80% with 1967 violations.
    elapsed time = 00:01:17, memory = 2625.37 (MB).
    Completing 90% with 1967 violations.
    elapsed time = 00:01:32, memory = 2651.95 (MB).
    Completing 100% with 2638 violations.
    elapsed time = 00:01:42, memory = 2104.23 (MB).
[INFO DRT-0199]   Number of violations = 3941.
Viol/Layer          M1     M2     M3     V3     M4     V4     M5     V5     M6     V6     M7
CutSpcTbl            0      0      0     10      0     22      0      4      0      7      0
EOL                  0    218     20      0     11      0      0      0      0      0      0
Metal Spacing      202     62    161      0      5      0      6      0      3      0      0
Recheck              0    539    365      0    189      0    146      0     58      0      6
Short                1    163     19      0      2      2     16      5     26      0      0
eolKeepOut           0   1569     67      0     34      0      3      0      0      0      0
[INFO DRT-0267] cpu time = 00:11:59, elapsed time = 00:01:42, memory = 2466.07 (MB), peak = 2781.58 (MB)
Total wire length = 49906 um.
Total wire length on LAYER M1 = 0 um.
Total wire length on LAYER M2 = 15017 um.
Total wire length on LAYER M3 = 20456 um.
Total wire length on LAYER M4 = 8696 um.
Total wire length on LAYER M5 = 2461 um.
Total wire length on LAYER M6 = 1892 um.
Total wire length on LAYER M7 = 1382 um.
Total wire length on LAYER M8 = 0 um.
Total wire length on LAYER M9 = 0 um.
Total wire length on LAYER Pad = 0 um.
Total number of vias = 142753.
Up-via summary (total 142753):

-----------------
 Active         0
     M1     50236
     M2     74584
     M3     12166
     M4      2993
     M5      1716
     M6      1058
     M7         0
     M8         0
     M9         0
-----------------
       142753


[INFO DRT-0195] Start 1st optimization iteration.
    Completing 10% with 3941 violations.
    elapsed time = 00:00:09, memory = 3107.10 (MB).
    Completing 20% with 3941 violations.
    elapsed time = 00:00:18, memory = 3095.56 (MB).
    Completing 30% with 3116 violations.
    elapsed time = 00:00:23, memory = 3009.71 (MB).
    Completing 40% with 3116 violations.
    elapsed time = 00:00:34, memory = 3169.51 (MB).
    Completing 50% with 3116 violations.
    elapsed time = 00:00:45, memory = 3094.34 (MB).
    Completing 60% with 2360 violations.
    elapsed time = 00:00:55, memory = 3154.91 (MB).
    Completing 70% with 2360 violations.
    elapsed time = 00:01:04, memory = 3095.89 (MB).
    Completing 80% with 1317 violations.
    elapsed time = 00:01:15, memory = 3124.59 (MB).
    Completing 90% with 1317 violations.
    elapsed time = 00:01:27, memory = 3138.06 (MB).
    Completing 100% with 476 violations.
    elapsed time = 00:01:38, memory = 2549.79 (MB).
[INFO DRT-0199]   Number of violations = 476.
Viol/Layer          M1     M2     M3     V3     M4     V4     M6     V6     M7
CutSpcTbl            0      0      0      5      0     12      0      2      0
EOL                  0     48      3      0      2      0      0      0      0
Metal Spacing       70      5     61      0      0      0      1      0      1
Short                1     11      3      0      0      0      0      0      0
eolKeepOut           0    234     11      0      6      0      0      0      0
[INFO DRT-0267] cpu time = 00:11:46, elapsed time = 00:01:39, memory = 2555.79 (MB), peak = 3278.31 (MB)
Total wire length = 49374 um.
Total wire length on LAYER M1 = 0 um.
Total wire length on LAYER M2 = 14666 um.
Total wire length on LAYER M3 = 20435 um.
Total wire length on LAYER M4 = 8914 um.
Total wire length on LAYER M5 = 2345 um.
Total wire length on LAYER M6 = 1744 um.
Total wire length on LAYER M7 = 1269 um.
Total wire length on LAYER M8 = 0 um.
Total wire length on LAYER M9 = 0 um.
Total wire length on LAYER Pad = 0 um.
Total number of vias = 136251.
Up-via summary (total 136251):

-----------------
 Active         0
     M1     50210
     M2     70091
     M3     11267
     M4      2523
     M5      1317
     M6       843
     M7         0
     M8         0
     M9         0
-----------------
       136251


[INFO DRT-0195] Start 2nd optimization iteration.
    Completing 10% with 476 violations.
    elapsed time = 00:00:05, memory = 3160.11 (MB).
    Completing 20% with 476 violations.
    elapsed time = 00:00:11, memory = 3158.16 (MB).
    Completing 30% with 448 violations.
    elapsed time = 00:00:16, memory = 2555.79 (MB).
    Completing 40% with 448 violations.
    elapsed time = 00:00:23, memory = 3161.07 (MB).
    Completing 50% with 448 violations.
    elapsed time = 00:00:32, memory = 3032.85 (MB).
    Completing 60% with 421 violations.
    elapsed time = 00:00:37, memory = 3102.98 (MB).
    Completing 70% with 421 violations.
    elapsed time = 00:00:44, memory = 3089.13 (MB).
    Completing 80% with 403 violations.
    elapsed time = 00:00:51, memory = 2513.23 (MB).
    Completing 90% with 403 violations.
    elapsed time = 00:00:59, memory = 3130.48 (MB).
    Completing 100% with 402 violations.
    elapsed time = 00:01:08, memory = 2513.24 (MB).
[INFO DRT-0199]   Number of violations = 402.
Viol/Layer          M1     M2     M3     M4     V4     M6     V6     M7
CutSpcTbl            0      0      0      0     13      0      1      0
EOL                  0     34      1      2      0      0      0      0
Metal Spacing       46      8     45      0      0      1      0      1
Short                1     16      2      0      0      0      0      0
eolKeepOut           0    219      3      9      0      0      0      0
[INFO DRT-0267] cpu time = 00:07:58, elapsed time = 00:01:09, memory = 2494.74 (MB), peak = 3278.31 (MB)
Total wire length = 49285 um.
Total wire length on LAYER M1 = 0 um.
Total wire length on LAYER M2 = 14612 um.
Total wire length on LAYER M3 = 20493 um.
Total wire length on LAYER M4 = 8926 um.
Total wire length on LAYER M5 = 2335 um.
Total wire length on LAYER M6 = 1696 um.
Total wire length on LAYER M7 = 1221 um.
Total wire length on LAYER M8 = 0 um.
Total wire length on LAYER M9 = 0 um.
Total wire length on LAYER Pad = 0 um.
Total number of vias = 135280.
Up-via summary (total 135280):

-----------------
 Active         0
     M1     50209
     M2     69557
     M3     11081
     M4      2429
     M5      1238
     M6       766
     M7         0
     M8         0
     M9         0
-----------------
       135280


[INFO DRT-0195] Start 3rd optimization iteration.
    Completing 10% with 402 violations.
    elapsed time = 00:00:03, memory = 3082.98 (MB).
    Completing 20% with 402 violations.
    elapsed time = 00:00:06, memory = 3096.48 (MB).
    Completing 30% with 306 violations.
    elapsed time = 00:00:10, memory = 2494.74 (MB).
    Completing 40% with 306 violations.
    elapsed time = 00:00:13, memory = 3099.85 (MB).
    Completing 50% with 306 violations.
    elapsed time = 00:00:15, memory = 3081.40 (MB).
    Completing 60% with 236 violations.
    elapsed time = 00:00:18, memory = 3096.68 (MB).
    Completing 70% with 236 violations.
    elapsed time = 00:00:22, memory = 3161.37 (MB).
    Completing 80% with 122 violations.
    elapsed time = 00:00:25, memory = 2494.74 (MB).
    Completing 90% with 122 violations.
    elapsed time = 00:00:28, memory = 3100.85 (MB).
    Completing 100% with 19 violations.
    elapsed time = 00:00:31, memory = 2494.74 (MB).
[INFO DRT-0199]   Number of violations = 19.
Viol/Layer          M2     M3
EOL                  1      0
Metal Spacing        0      2
Short                1      0
eolKeepOut          15      0
[INFO DRT-0267] cpu time = 00:03:19, elapsed time = 00:00:32, memory = 2494.74 (MB), peak = 3278.31 (MB)
Total wire length = 49293 um.
Total wire length on LAYER M1 = 0 um.
Total wire length on LAYER M2 = 14448 um.
Total wire length on LAYER M3 = 20505 um.
Total wire length on LAYER M4 = 9118 um.
Total wire length on LAYER M5 = 2307 um.
Total wire length on LAYER M6 = 1681 um.
Total wire length on LAYER M7 = 1231 um.
Total wire length on LAYER M8 = 0 um.
Total wire length on LAYER M9 = 0 um.
Total wire length on LAYER Pad = 0 um.
Total number of vias = 135387.
Up-via summary (total 135387):

-----------------
 Active         0
     M1     50209
     M2     69217
     M3     11540
     M4      2420
     M5      1233
     M6       768
     M7         0
     M8         0
     M9         0
-----------------
       135387


[INFO DRT-0195] Start 4th guides tiles iteration.
    Completing 10% with 19 violations.
    elapsed time = 00:00:00, memory = 2664.92 (MB).
    Completing 20% with 19 violations.
    elapsed time = 00:00:00, memory = 2624.70 (MB).
    Completing 30% with 19 violations.
    elapsed time = 00:00:00, memory = 2587.00 (MB).
    Completing 40% with 19 violations.
    elapsed time = 00:00:00, memory = 2494.74 (MB).
    Completing 50% with 9 violations.
    elapsed time = 00:00:00, memory = 2494.74 (MB).
    Completing 60% with 9 violations.
    elapsed time = 00:00:00, memory = 2494.74 (MB).
    Completing 70% with 9 violations.
    elapsed time = 00:00:01, memory = 2569.49 (MB).
    Completing 80% with 9 violations.
    elapsed time = 00:00:01, memory = 2531.42 (MB).
    Completing 90% with 9 violations.
    elapsed time = 00:00:01, memory = 2494.74 (MB).
    Completing 100% with 1 violations.
    elapsed time = 00:00:01, memory = 2494.74 (MB).
[INFO DRT-0199]   Number of violations = 1.
Viol/Layer          V3
CutSpcTbl            1
[INFO DRT-0267] cpu time = 00:00:04, elapsed time = 00:00:01, memory = 2494.74 (MB), peak = 3278.31 (MB)
Total wire length = 49295 um.
Total wire length on LAYER M1 = 0 um.
Total wire length on LAYER M2 = 14448 um.
Total wire length on LAYER M3 = 20507 um.
Total wire length on LAYER M4 = 9119 um.
Total wire length on LAYER M5 = 2307 um.
Total wire length on LAYER M6 = 1681 um.
Total wire length on LAYER M7 = 1231 um.
Total wire length on LAYER M8 = 0 um.
Total wire length on LAYER M9 = 0 um.
Total wire length on LAYER Pad = 0 um.
Total number of vias = 135396.
Up-via summary (total 135396):

-----------------
 Active         0
     M1     50209
     M2     69216
     M3     11550
     M4      2420
     M5      1233
     M6       768
     M7         0
     M8         0
     M9         0
-----------------
       135396


[INFO DRT-0195] Start 5th guides tiles iteration.
    Completing 100% with 0 violations.
    elapsed time = 00:00:00, memory = 2494.74 (MB).
[INFO DRT-0199]   Number of violations = 0.
[INFO DRT-0267] cpu time = 00:00:00, elapsed time = 00:00:00, memory = 2494.79 (MB), peak = 3278.31 (MB)
Total wire length = 49295 um.
Total wire length on LAYER M1 = 0 um.
Total wire length on LAYER M2 = 14448 um.
Total wire length on LAYER M3 = 20506 um.
Total wire length on LAYER M4 = 9119 um.
Total wire length on LAYER M5 = 2307 um.
Total wire length on LAYER M6 = 1681 um.
Total wire length on LAYER M7 = 1231 um.
Total wire length on LAYER M8 = 0 um.
Total wire length on LAYER M9 = 0 um.
Total wire length on LAYER Pad = 0 um.
Total number of vias = 135396.
Up-via summary (total 135396):

-----------------
 Active         0
     M1     50209
     M2     69214
     M3     11550
     M4      2422
     M5      1233
     M6       768
     M7         0
     M8         0
     M9         0
-----------------
       135396


[INFO DRT-0198] Complete detail routing.
Total wire length = 49295 um.
Total wire length on LAYER M1 = 0 um.
Total wire length on LAYER M2 = 14448 um.
Total wire length on LAYER M3 = 20506 um.
Total wire length on LAYER M4 = 9119 um.
Total wire length on LAYER M5 = 2307 um.
Total wire length on LAYER M6 = 1681 um.
Total wire length on LAYER M7 = 1231 um.
Total wire length on LAYER M8 = 0 um.
Total wire length on LAYER M9 = 0 um.
Total wire length on LAYER Pad = 0 um.
Total number of vias = 135396.
Up-via summary (total 135396):

-----------------
 Active         0
     M1     50209
     M2     69214
     M3     11550
     M4      2422
     M5      1233
     M6       768
     M7         0
     M8         0
     M9         0
-----------------
       135396


[INFO DRT-0267] cpu time = 00:35:09, elapsed time = 00:05:05, memory = 2494.86 (MB), peak = 3278.31 (MB)

[INFO DRT-0180] Post processing.
Took 394 seconds: detailed_route -output_drc ./reports/asap7/bsg_mesh_router_buffered/base/5_route_drc.rpt -output_maze ./results/asap7/bsg_mesh_router_buffered/base/maze.log -droute_end_iter 64 -verbose 1 -drc_report_iter_step 5
[WARNING GRT-0246] No diode with LEF class CORE ANTENNACELL found.
[INFO ANT-0002] Found 0 net violations.
[INFO ANT-0001] Found 0 pin violations.
[INFO ANT-0002] Found 0 net violations.
[INFO ANT-0001] Found 0 pin violations.
Design area 1966 um^2 70% utilization.
write_db ./results/asap7/bsg_mesh_router_buffered/base/5_2_route.odb
Elapsed time: 6:41.47[h:]min:sec. CPU time: user 2781.87 sys 19.83 (697%). Peak memory: 3356988KB.
Log                       Ext     Elapsed/s Peak Memory/MB sha1sum result [0:20)
5_2_route                 .odb          401           3278 06bdcaaf5825a1bcb8ae
